Component: ARM Compiler 5.06 update 5 (build 528) Tool: armlink [4d35e2]

==============================================================================

Section Cross References

    startup_stm32g431xx.o(RESET) refers to startup_stm32g431xx.o(STACK) for __initial_sp
    startup_stm32g431xx.o(RESET) refers to startup_stm32g431xx.o(.text) for Reset_Handler
    startup_stm32g431xx.o(RESET) refers to stm32g4xx_it.o(i.NMI_Handler) for NMI_Handler
    startup_stm32g431xx.o(RESET) refers to stm32g4xx_it.o(i.HardFault_Handler) for HardFault_Handler
    startup_stm32g431xx.o(RESET) refers to stm32g4xx_it.o(i.MemManage_Handler) for MemManage_Handler
    startup_stm32g431xx.o(RESET) refers to stm32g4xx_it.o(i.BusFault_Handler) for BusFault_Handler
    startup_stm32g431xx.o(RESET) refers to stm32g4xx_it.o(i.UsageFault_Handler) for UsageFault_Handler
    startup_stm32g431xx.o(RESET) refers to stm32g4xx_it.o(i.SVC_Handler) for SVC_Handler
    startup_stm32g431xx.o(RESET) refers to stm32g4xx_it.o(i.DebugMon_Handler) for DebugMon_Handler
    startup_stm32g431xx.o(RESET) refers to stm32g4xx_it.o(i.PendSV_Handler) for PendSV_Handler
    startup_stm32g431xx.o(RESET) refers to stm32g4xx_it.o(i.SysTick_Handler) for SysTick_Handler
    startup_stm32g431xx.o(RESET) refers to stm32g4xx_it.o(i.DMA1_Channel1_IRQHandler) for DMA1_Channel1_IRQHandler
    startup_stm32g431xx.o(RESET) refers to stm32g4xx_it.o(i.DMA1_Channel2_IRQHandler) for DMA1_Channel2_IRQHandler
    startup_stm32g431xx.o(RESET) refers to stm32g4xx_it.o(i.DMA1_Channel3_IRQHandler) for DMA1_Channel3_IRQHandler
    startup_stm32g431xx.o(RESET) refers to stm32g4xx_it.o(i.DMA1_Channel4_IRQHandler) for DMA1_Channel4_IRQHandler
    startup_stm32g431xx.o(RESET) refers to stm32g4xx_it.o(i.TIM2_IRQHandler) for TIM2_IRQHandler
    startup_stm32g431xx.o(RESET) refers to stm32g4xx_it.o(i.USART1_IRQHandler) for USART1_IRQHandler
    startup_stm32g431xx.o(RESET) refers to stm32g4xx_it.o(i.USART2_IRQHandler) for USART2_IRQHandler
    startup_stm32g431xx.o(.text) refers to system_stm32g4xx.o(i.SystemInit) for SystemInit
    startup_stm32g431xx.o(.text) refers to entry.o(.ARM.Collect$$$$00000000) for __main
    main.o(i.SystemClock_Config) refers to memseta.o(.text) for __aeabi_memclr4
    main.o(i.SystemClock_Config) refers to stm32g4xx_hal_pwr_ex.o(i.HAL_PWREx_ControlVoltageScaling) for HAL_PWREx_ControlVoltageScaling
    main.o(i.SystemClock_Config) refers to stm32g4xx_hal_rcc.o(i.HAL_RCC_OscConfig) for HAL_RCC_OscConfig
    main.o(i.SystemClock_Config) refers to stm32g4xx_hal_rcc.o(i.HAL_RCC_ClockConfig) for HAL_RCC_ClockConfig
    main.o(i.main) refers to stm32g4xx_hal.o(i.HAL_Init) for HAL_Init
    main.o(i.main) refers to main.o(i.SystemClock_Config) for SystemClock_Config
    main.o(i.main) refers to gpio.o(i.MX_GPIO_Init) for MX_GPIO_Init
    main.o(i.main) refers to dma.o(i.MX_DMA_Init) for MX_DMA_Init
    main.o(i.main) refers to i2c.o(i.MX_I2C1_Init) for MX_I2C1_Init
    main.o(i.main) refers to i2c.o(i.MX_I2C2_Init) for MX_I2C2_Init
    main.o(i.main) refers to spi.o(i.MX_SPI2_Init) for MX_SPI2_Init
    main.o(i.main) refers to usart.o(i.MX_USART1_UART_Init) for MX_USART1_UART_Init
    main.o(i.main) refers to usart.o(i.MX_USART2_UART_Init) for MX_USART2_UART_Init
    main.o(i.main) refers to tim.o(i.MX_TIM2_Init) for MX_TIM2_Init
    main.o(i.main) refers to stm32g4xx_hal_tim.o(i.HAL_TIM_Base_Start_IT) for HAL_TIM_Base_Start_IT
    main.o(i.main) refers to oled.o(i.OLED_Init) for OLED_Init
    main.o(i.main) refers to oled.o(i.OLED_Clear) for OLED_Clear
    main.o(i.main) refers to func.o(i.gps_uart_init) for gps_uart_init
    main.o(i.main) refers to bsp_spi_flash.o(i.SPI_FLASH_Init) for SPI_FLASH_Init
    main.o(i.main) refers to bsp_spi_flash.o(i.SPI_FLASH_ClearProtect) for SPI_FLASH_ClearProtect
    main.o(i.main) refers to bsp_spi_flash.o(i.SPI_FLASH_ReadID) for SPI_FLASH_ReadID
    main.o(i.main) refers to printfa.o(i.__0printf) for __2printf
    main.o(i.main) refers to utf8_font.o(i.UTF8_FONT_Diag) for UTF8_FONT_Diag
    main.o(i.main) refers to utf8_font.o(i.OLED_Show_UTF8) for OLED_Show_UTF8
    main.o(i.main) refers to func.o(i.sersor_init) for sersor_init
    main.o(i.main) refers to func.o(i.test_gps_update) for test_gps_update
    main.o(i.main) refers to func.o(i.send_init_status) for send_init_status
    main.o(i.main) refers to func.o(i.def_main) for def_main
    main.o(i.main) refers to func.o(i.nav_scroll_update) for nav_scroll_update
    main.o(i.main) refers to printfa.o(i.__0sprintf) for __2sprintf
    main.o(i.main) refers to oled.o(i.OLED_Show_Str) for OLED_Show_Str
    main.o(i.main) refers to tim.o(.bss) for htim2
    main.o(i.main) refers to func.o(.data) for g_nav_text_updated
    main.o(i.main) refers to func.o(.bss) for g_nav_full
    gpio.o(i.MX_GPIO_Init) refers to memseta.o(.text) for __aeabi_memclr4
    gpio.o(i.MX_GPIO_Init) refers to stm32g4xx_hal_gpio.o(i.HAL_GPIO_WritePin) for HAL_GPIO_WritePin
[...]
    UART_DMARxHalfCplt                       0x08005997   Thumb Code    60  stm32g4xx_hal_uart.o(i.UART_DMARxHalfCplt)
    i.UART_EndRxTransfer                     0x080059d4   Section        0  stm32g4xx_hal_uart.o(i.UART_EndRxTransfer)
    UART_EndRxTransfer                       0x080059d5   Thumb Code    78  stm32g4xx_hal_uart.o(i.UART_EndRxTransfer)
    i.UART_EndTxTransfer                     0x08005a28   Section        0  stm32g4xx_hal_uart.o(i.UART_EndTxTransfer)
    UART_EndTxTransfer                       0x08005a29   Thumb Code    46  stm32g4xx_hal_uart.o(i.UART_EndTxTransfer)
    i.UART_SetConfig                         0x08005a58   Section        0  stm32g4xx_hal_uart.o(i.UART_SetConfig)
    i.UART_Start_Receive_DMA                 0x08005ccc   Section        0  stm32g4xx_hal_uart.o(i.UART_Start_Receive_DMA)
    i.UART_WaitOnFlagUntilTimeout            0x08005d74   Section        0  stm32g4xx_hal_uart.o(i.UART_WaitOnFlagUntilTimeout)
    i.USART1_IRQHandler                      0x08005e08   Section        0  stm32g4xx_it.o(i.USART1_IRQHandler)
    i.USART2_IRQHandler                      0x08005e14   Section        0  stm32g4xx_it.o(i.USART2_IRQHandler)
    i.UTF8_Decode                            0x08005e20   Section        0  utf8_font.o(i.UTF8_Decode)
    i.UTF8_FONT_Diag                         0x08005ee8   Section        0  utf8_font.o(i.UTF8_FONT_Diag)
    i.UTF8_FONT_Lookup                       0x08005fd0   Section        0  utf8_font.o(i.UTF8_FONT_Lookup)
    i.UsageFault_Handler                     0x0800604c   Section        0  stm32g4xx_it.o(i.UsageFault_Handler)
    i.__0printf                              0x08006050   Section        0  printfa.o(i.__0printf)
    i.__0sprintf                             0x08006070   Section        0  printfa.o(i.__0sprintf)
    i.__NVIC_SetPriority                     0x08006098   Section        0  stm32g4xx_hal_cortex.o(i.__NVIC_SetPriority)
    __NVIC_SetPriority                       0x08006099   Thumb Code    32  stm32g4xx_hal_cortex.o(i.__NVIC_SetPriority)
    i.__hardfp_atof                          0x080060b8   Section        0  atof.o(i.__hardfp_atof)
    i.__hardfp_sqrtf                         0x080060f0   Section        0  sqrtf.o(i.__hardfp_sqrtf)
    i.__read_errno                           0x0800612c   Section        0  errno.o(i.__read_errno)
    i.__scatterload_copy                     0x08006138   Section       14  handlers.o(i.__scatterload_copy)
    i.__scatterload_null                     0x08006146   Section        2  handlers.o(i.__scatterload_null)
    i.__scatterload_zeroinit                 0x08006148   Section       14  handlers.o(i.__scatterload_zeroinit)
    i.__set_errno                            0x08006158   Section        0  errno.o(i.__set_errno)
    i._fp_digits                             0x08006164   Section        0  printfa.o(i._fp_digits)
    _fp_digits                               0x08006165   Thumb Code   366  printfa.o(i._fp_digits)
    i._is_digit                              0x080062e8   Section        0  scanf_fp.o(i._is_digit)
    i._printf_core                           0x080062f8   Section        0  printfa.o(i._printf_core)
    _printf_core                             0x080062f9   Thumb Code  1744  printfa.o(i._printf_core)
    i._printf_post_padding                   0x080069d4   Section        0  printfa.o(i._printf_post_padding)
    _printf_post_padding                     0x080069d5   Thumb Code    36  printfa.o(i._printf_post_padding)
    i._printf_pre_padding                    0x080069f8   Section        0  printfa.o(i._printf_pre_padding)
    _printf_pre_padding                      0x080069f9   Thumb Code    46  printfa.o(i._printf_pre_padding)
    i._sputc                                 0x08006a26   Section        0  printfa.o(i._sputc)
    _sputc                                   0x08006a27   Thumb Code    10  printfa.o(i._sputc)
    i.def_main                               0x08006a30   Section        0  func.o(i.def_main)
    i.fputc                                  0x08006b24   Section        0  usart.o(i.fputc)
    i.gps_uart_init                          0x08006b3c   Section        0  func.o(i.gps_uart_init)
    i.imu_fall_detect                        0x08006b6c   Section        0  func.o(i.imu_fall_detect)
    imu_fall_detect                          0x08006b6d   Thumb Code   214  func.o(i.imu_fall_detect)
    i.key_scan                               0x08006cac   Section        0  func.o(i.key_scan)
    i.main                                   0x08006d60   Section        0  main.o(i.main)
    i.maxim_find_peaks                       0x08006ebc   Section        0  algorithm.o(i.maxim_find_peaks)
    i.maxim_heart_rate_and_oxygen_saturation 0x08006ef0   Section        0  algorithm.o(i.maxim_heart_rate_and_oxygen_saturation)
    i.maxim_peaks_above_min_height           0x080072ac   Section        0  algorithm.o(i.maxim_peaks_above_min_height)
    i.maxim_remove_close_peaks               0x08007318   Section        0  algorithm.o(i.maxim_remove_close_peaks)
    i.maxim_sort_ascend                      0x08007384   Section        0  algorithm.o(i.maxim_sort_ascend)
    i.maxim_sort_indices_descend             0x080073b8   Section        0  algorithm.o(i.maxim_sort_indices_descend)
    i.nav_scroll_update                      0x080073f4   Section        0  func.o(i.nav_scroll_update)
    i.read_uint32_le                         0x080074c4   Section        0  utf8_font.o(i.read_uint32_le)
    read_uint32_le                           0x080074c5   Thumb Code    24  utf8_font.o(i.read_uint32_le)
    i.send_imu_uart                          0x080074dc   Section        0  func.o(i.send_imu_uart)
    send_imu_uart                            0x080074dd   Thumb Code   112  func.o(i.send_imu_uart)
    i.send_init_status                       0x08007574   Section        0  func.o(i.send_init_status)
    i.send_sensor_uart                       0x0800758c   Section        0  func.o(i.send_sensor_uart)
    send_sensor_uart                         0x0800758d   Thumb Code    34  func.o(i.send_sensor_uart)
    i.sersor_data                            0x080075c4   Section        0  func.o(i.sersor_data)
    i.sersor_init                            0x080075e8   Section        0  func.o(i.sersor_init)
    i.test_gps_update                        0x08007720   Section        0  func.o(i.test_gps_update)
    i.test_rand                              0x08007750   Section        0  func.o(i.test_rand)
    test_rand                                0x08007751   Thumb Code    22  func.o(i.test_rand)
    i.test_sensor_update                     0x0800776c   Section        0  func.o(i.test_sensor_update)
    test_sensor_update                       0x0800776d   Thumb Code   294  func.o(i.test_sensor_update)
    .constdata                               0x080078b0   Section       24  stm32g4xx_hal_uart.o(.constdata)
    .constdata                               0x080078c8   Section       16  stm32g4xx_hal_uart_ex.o(.constdata)
    numerator                                0x080078c8   Data           8  stm32g4xx_hal_uart_ex.o(.constdata)
    denominator                              0x080078d0   Data           8  stm32g4xx_hal_uart_ex.o(.constdata)
    .constdata                               0x080078d8   Section       16  system_stm32g4xx.o(.constdata)
    .constdata                               0x080078e8   Section        8  system_stm32g4xx.o(.constdata)
    .constdata                               0x080078f0   Section      195  algorithm.o(.constdata)
    .constdata                               0x080079b4   Section       64  func.o(.constdata)
    g_test_route                             0x080079b4   Data          64  func.o(.constdata)
    .constdata                               0x080079f4   Section     2660  oled.o(.constdata)
    .constdata                               0x08008458   Section       64  ctype_c.o(.constdata)
    .data                                    0x20000000   Section       12  stm32g4xx_hal.o(.data)
    .data                                    0x2000000c   Section        4  system_stm32g4xx.o(.data)
    .data                                    0x20000010   Section        4  bsp_spi_flash.o(.data)
    SPITimeout                               0x20000010   Data           4  bsp_spi_flash.o(.data)
    .data                                    0x20000014   Section       16  mpu6050.o(.data)
    is_calibrated                            0x20000014   Data           1  mpu6050.o(.data)
    gx_offset                                0x20000018   Data           4  mpu6050.o(.data)
    gy_offset                                0x2000001c   Data           4  mpu6050.o(.data)
    gz_offset                                0x20000020   Data           4  mpu6050.o(.data)
    .data                                    0x20000024   Section        4  bmp280.o(.data)
    t_fine                                   0x20000024   Data           4  bmp280.o(.data)
    .data                                    0x20000028   Section       96  func.o(.data)
    last_100ms                               0x20000028   Data           1  func.o(.data)
    g_high_acc_count                         0x20000029   Data           1  func.o(.data)
    g_sec5_counter                           0x2000002a   Data           1  func.o(.data)
    g_gps_valid                              0x2000002b   Data           1  func.o(.data)
    g_gps_test_mode                          0x2000002c   Data           1  func.o(.data)
    g_sensor_test_mode                       0x2000002d   Data           1  func.o(.data)
    g_test_route_idx                         0x2000002e   Data           1  func.o(.data)
    g_sensor_status                          0x20000031   Data           1  func.o(.data)
    g_collection_enabled                     0x20000032   Data           1  func.o(.data)
    max30102_ready                           0x20000033   Data           1  func.o(.data)
    init_retry                               0x20000034   Data           1  func.o(.data)
    gps_tick                                 0x20000035   Data           1  func.o(.data)
    g_test_rand                              0x20000042   Data           2  func.o(.data)
    g_sensor_temp                            0x2000004c   Data           4  func.o(.data)
    g_sensor_pressure                        0x20000054   Data           4  func.o(.data)
    g_imu_ax                                 0x20000058   Data           4  func.o(.data)
    g_imu_ay                                 0x2000005c   Data           4  func.o(.data)
    g_imu_az                                 0x20000060   Data           4  func.o(.data)
    g_imu_gx                                 0x20000064   Data           4  func.o(.data)
    g_imu_gy                                 0x20000068   Data           4  func.o(.data)
    g_imu_gz                                 0x2000006c   Data           4  func.o(.data)
    g_gps_lng                                0x20000070   Data           4  func.o(.data)
    g_gps_lat                                0x20000074   Data           4  func.o(.data)
    n_ir_buffer_length                       0x20000078   Data           4  func.o(.data)
    sample_index                             0x2000007c   Data           4  func.o(.data)
    .data                                    0x20000088   Section        4  stdout.o(.data)
    .data                                    0x2000008c   Section        4  errno.o(.data)
    _errno                                   0x2000008c   Data           4  errno.o(.data)
    .bss                                     0x20000090   Section      168  i2c.o(.bss)
    .bss                                     0x20000138   Section      100  spi.o(.bss)
    .bss                                     0x2000019c   Section       76  tim.o(.bss)
    .bss                                     0x200001e8   Section      680  usart.o(.bss)
    .bss                                     0x20000490   Section     6000  algorithm.o(.bss)
    .bss                                     0x20001c00   Section       24  bmp280.o(.bss)
    calib                                    0x20001c00   Data          24  bmp280.o(.bss)
    .bss                                     0x20001c18   Section     5112  func.o(.bss)
    g_gps_rx_buf                             0x20001d70   Data         512  func.o(.bss)
    g_cmd_rx_buf                             0x20001f70   Data         256  func.o(.bss)
    aun_ir_buffer                            0x20002070   Data        2000  func.o(.bss)
    aun_red_buffer                           0x20002840   Data        2000  func.o(.bss)
    .bss                                     0x20003010   Section      512  oled.o(.bss)
    OLED_GRAM                                0x20003010   Data         512  oled.o(.bss)
    STACK                                    0x20003210   Section     1024  startup_stm32g431xx.o(STACK)

    Global Symbols

    Symbol Name                              Value     Ov Type        Size  Object(Section)

    BuildAttributes$$THM_ISAv4$E$P$D$K$B$S$7EM$VFPi3$EXTD16$VFPS$VFMA$PE$A:L22UL41UL21$X:L11$S22US41US21$IEEE1$IW$USESV6$~STKCKD$USESV7$~SHL$OTIME$ROPI$IEEEX$EBA8$MICROLIB$REQ8$PRES8$EABIv2 0x00000000   Number         0  anon$$obj.o ABSOLUTE
    __ARM_use_no_argv                        0x00000000   Number         0  main.o ABSOLUTE
    _printf_a                                0x00000000   Number         0  stubs.o ABSOLUTE
    _printf_c                                0x00000000   Number         0  stubs.o ABSOLUTE
    _printf_charcount                        0x00000000   Number         0  stubs.o ABSOLUTE
    _printf_d                                0x00000000   Number         0  stubs.o ABSOLUTE
    _printf_e                                0x00000000   Number         0  stubs.o ABSOLUTE
    _printf_f                                0x00000000   Number         0  stubs.o ABSOLUTE
    _printf_flags                            0x00000000   Number         0  stubs.o ABSOLUTE
    _printf_fp_dec                           0x00000000   Number         0  stubs.o ABSOLUTE
    _printf_fp_hex                           0x00000000   Number         0  stubs.o ABSOLUTE
    _printf_g                                0x00000000   Number         0  stubs.o ABSOLUTE
    _printf_i                                0x00000000   Number         0  stubs.o ABSOLUTE
    _printf_int_dec                          0x00000000   Number         0  stubs.o ABSOLUTE
    _printf_l                                0x00000000   Number         0  stubs.o ABSOLUTE
    _printf_lc                               0x00000000   Number         0  stubs.o ABSOLUTE
    _printf_ll                               0x00000000   Number         0  stubs.o ABSOLUTE
    _printf_lld                              0x00000000   Number         0  stubs.o ABSOLUTE
    _printf_lli                              0x00000000   Number         0  stubs.o ABSOLUTE
    _printf_llo                              0x00000000   Number         0  stubs.o ABSOLUTE
    _printf_llu                              0x00000000   Number         0  stubs.o ABSOLUTE
    _printf_llx                              0x00000000   Number         0  stubs.o ABSOLUTE
    _printf_longlong_dec                     0x00000000   Number         0  stubs.o ABSOLUTE
    _printf_longlong_hex                     0x00000000   Number         0  stubs.o ABSOLUTE
    _printf_longlong_oct                     0x00000000   Number         0  stubs.o ABSOLUTE
    _printf_ls                               0x00000000   Number         0  stubs.o ABSOLUTE
    _printf_mbtowc                           0x00000000   Number         0  stubs.o ABSOLUTE
    _printf_n                                0x00000000   Number         0  stubs.o ABSOLUTE
    _printf_o                                0x00000000   Number         0  stubs.o ABSOLUTE
    _printf_p                                0x00000000   Number         0  stubs.o ABSOLUTE
    _printf_percent                          0x00000000   Number         0  stubs.o ABSOLUTE
    _printf_pre_padding                      0x00000000   Number         0  stubs.o ABSOLUTE
    _printf_return_value                     0x00000000   Number         0  stubs.o ABSOLUTE
    _printf_s                                0x00000000   Number         0  stubs.o ABSOLUTE
    _printf_sizespec                         0x00000000   Number         0  stubs.o ABSOLUTE
    _printf_str                              0x00000000   Number         0  stubs.o ABSOLUTE
    _printf_truncate_signed                  0x00000000   Number         0  stubs.o ABSOLUTE
    _printf_truncate_unsigned                0x00000000   Number         0  stubs.o ABSOLUTE
    _printf_u                                0x00000000   Number         0  stubs.o ABSOLUTE
    _printf_wc                               0x00000000   Number         0  stubs.o ABSOLUTE
    _printf_wctomb                           0x00000000   Number         0  stubs.o ABSOLUTE
    _printf_widthprec                        0x00000000   Number         0  stubs.o ABSOLUTE
    _printf_x                                0x00000000   Number         0  stubs.o ABSOLUTE
    __cpp_initialize__aeabi_                  - Undefined Weak Reference
    __cxa_finalize                            - Undefined Weak Reference
    __decompress                              - Undefined Weak Reference
    _clock_init                               - Undefined Weak Reference
    _microlib_exit                            - Undefined Weak Reference
    _scanf_longlong                           - Undefined Weak Reference
    _scanf_string                             - Undefined Weak Reference
    __Vectors_Size                           0x000001d8   Number         0  startup_stm32g431xx.o ABSOLUTE
    __Vectors                                0x08000000   Data           4  startup_stm32g431xx.o(RESET)
    __Vectors_End                            0x080001d8   Data           0  startup_stm32g431xx.o(RESET)
    __main                                   0x080001d9   Thumb Code     0  entry.o(.ARM.Collect$$$$00000000)
    _main_stk                                0x080001d9   Thumb Code     0  entry2.o(.ARM.Collect$$$$00000001)
    _main_scatterload                        0x080001dd   Thumb Code     0  entry5.o(.ARM.Collect$$$$00000004)
    __main_after_scatterload                 0x080001e1   Thumb Code     0  entry5.o(.ARM.Collect$$$$00000004)
    _main_clock                              0x080001e1   Thumb Code     0  entry7b.o(.ARM.Collect$$$$00000008)
    _main_cpp_init                           0x080001e1   Thumb Code     0  entry8b.o(.ARM.Collect$$$$0000000A)
    _main_init                               0x080001e1   Thumb Code     0  entry9a.o(.ARM.Collect$$$$0000000B)
    __rt_final_cpp                           0x080001e9   Thumb Code     0  entry10a.o(.ARM.Collect$$$$0000000D)
    __rt_final_exit                          0x080001e9   Thumb Code     0  entry11a.o(.ARM.Collect$$$$0000000F)
    Reset_Handler                            0x080001ed   Thumb Code     8  startup_stm32g431xx.o(.text)
    ADC1_2_IRQHandler                        0x08000207   Thumb Code     0  startup_stm32g431xx.o(.text)
    COMP1_2_3_IRQHandler                     0x08000207   Thumb Code     0  startup_stm32g431xx.o(.text)
    COMP4_IRQHandler                         0x08000207   Thumb Code     0  startup_stm32g431xx.o(.text)
    CORDIC_IRQHandler                        0x08000207   Thumb Code     0  startup_stm32g431xx.o(.text)
    CRS_IRQHandler                           0x08000207   Thumb Code     0  startup_stm32g431xx.o(.text)
    DMA1_Channel5_IRQHandler                 0x08000207   Thumb Code     0  startup_stm32g431xx.o(.text)
    DMA1_Channel6_IRQHandler                 0x08000207   Thumb Code     0  startup_stm32g431xx.o(.text)
    DMA2_Channel1_IRQHandler                 0x08000207   Thumb Code     0  startup_stm32g431xx.o(.text)
    DMA2_Channel2_IRQHandler                 0x08000207   Thumb Code     0  startup_stm32g431xx.o(.text)
    DMA2_Channel3_IRQHandler                 0x08000207   Thumb Code     0  startup_stm32g431xx.o(.text)
    DMA2_Channel4_IRQHandler                 0x08000207   Thumb Code     0  startup_stm32g431xx.o(.text)
    DMA2_Channel5_IRQHandler                 0x08000207   Thumb Code     0  startup_stm32g431xx.o(.text)
    DMA2_Channel6_IRQHandler                 0x08000207   Thumb Code     0  startup_stm32g431xx.o(.text)
    DMAMUX_OVR_IRQHandler                    0x08000207   Thumb Code     0  startup_stm32g431xx.o(.text)
    EXTI0_IRQHandler                         0x08000207   Thumb Code     0  startup_stm32g431xx.o(.text)
    EXTI15_10_IRQHandler                     0x08000207   Thumb Code     0  startup_stm32g431xx.o(.text)
    EXTI1_IRQHandler                         0x08000207   Thumb Code     0  startup_stm32g431xx.o(.text)
    EXTI2_IRQHandler                         0x08000207   Thumb Code     0  startup_stm32g431xx.o(.text)
    EXTI3_IRQHandler                         0x08000207   Thumb Code     0  startup_stm32g431xx.o(.text)
    EXTI4_IRQHandler                         0x08000207   Thumb Code     0  startup_stm32g431xx.o(.text)
    EXTI9_5_IRQHandler                       0x08000207   Thumb Code     0  startup_stm32g431xx.o(.text)
    FDCAN1_IT0_IRQHandler                    0x08000207   Thumb Code     0  startup_stm32g431xx.o(.text)
    FDCAN1_IT1_IRQHandler                    0x08000207   Thumb Code     0  startup_stm32g431xx.o(.text)
    FLASH_IRQHandler                         0x08000207   Thumb Code     0  startup_stm32g431xx.o(.text)
    FMAC_IRQHandler                          0x08000207   Thumb Code     0  startup_stm32g431xx.o(.text)
    FPU_IRQHandler                           0x08000207   Thumb Code     0  startup_stm32g431xx.o(.text)
    I2C1_ER_IRQHandler                       0x08000207   Thumb Code     0  startup_stm32g431xx.o(.text)
    I2C1_EV_IRQHandler                       0x08000207   Thumb Code     0  startup_stm32g431xx.o(.text)
    I2C2_ER_IRQHandler                       0x08000207   Thumb Code     0  startup_stm32g431xx.o(.text)
    I2C2_EV_IRQHandler                       0x08000207   Thumb Code     0  startup_stm32g431xx.o(.text)
    I2C3_ER_IRQHandler                       0x08000207   Thumb Code     0  startup_stm32g431xx.o(.text)
    I2C3_EV_IRQHandler                       0x08000207   Thumb Code     0  startup_stm32g431xx.o(.text)
    LPTIM1_IRQHandler                        0x08000207   Thumb Code     0  startup_stm32g431xx.o(.text)
    LPUART1_IRQHandler                       0x08000207   Thumb Code     0  startup_stm32g431xx.o(.text)
    PVD_PVM_IRQHandler                       0x08000207   Thumb Code     0  startup_stm32g431xx.o(.text)
    RCC_IRQHandler                           0x08000207   Thumb Code     0  startup_stm32g431xx.o(.text)
    RNG_IRQHandler                           0x08000207   Thumb Code     0  startup_stm32g431xx.o(.text)
    RTC_Alarm_IRQHandler                     0x08000207   Thumb Code     0  startup_stm32g431xx.o(.text)
    RTC_TAMP_LSECSS_IRQHandler               0x08000207   Thumb Code     0  startup_stm32g431xx.o(.text)
    RTC_WKUP_IRQHandler                      0x08000207   Thumb Code     0  startup_stm32g431xx.o(.text)
    SAI1_IRQHandler                          0x08000207   Thumb Code     0  startup_stm32g431xx.o(.text)
    SPI1_IRQHandler                          0x08000207   Thumb Code     0  startup_stm32g431xx.o(.text)
    SPI2_IRQHandler                          0x08000207   Thumb Code     0  startup_stm32g431xx.o(.text)
    SPI3_IRQHandler                          0x08000207   Thumb Code     0  startup_stm32g431xx.o(.text)
    TIM1_BRK_TIM15_IRQHandler                0x08000207   Thumb Code     0  startup_stm32g431xx.o(.text)
    TIM1_CC_IRQHandler                       0x08000207   Thumb Code     0  startup_stm32g431xx.o(.text)
    TIM1_TRG_COM_TIM17_IRQHandler            0x08000207   Thumb Code     0  startup_stm32g431xx.o(.text)
    TIM1_UP_TIM16_IRQHandler                 0x08000207   Thumb Code     0  startup_stm32g431xx.o(.text)
    TIM3_IRQHandler                          0x08000207   Thumb Code     0  startup_stm32g431xx.o(.text)
    TIM4_IRQHandler                          0x08000207   Thumb Code     0  startup_stm32g431xx.o(.text)
    TIM6_DAC_IRQHandler                      0x08000207   Thumb Code     0  startup_stm32g431xx.o(.text)
    TIM7_IRQHandler                          0x08000207   Thumb Code     0  startup_stm32g431xx.o(.text)
    TIM8_BRK_IRQHandler                      0x08000207   Thumb Code     0  startup_stm32g431xx.o(.text)
    TIM8_CC_IRQHandler                       0x08000207   Thumb Code     0  startup_stm32g431xx.o(.text)
    TIM8_TRG_COM_IRQHandler                  0x08000207   Thumb Code     0  startup_stm32g431xx.o(.text)
    TIM8_UP_IRQHandler                       0x08000207   Thumb Code     0  startup_stm32g431xx.o(.text)
    UART4_IRQHandler                         0x08000207   Thumb Code     0  startup_stm32g431xx.o(.text)
    UCPD1_IRQHandler                         0x08000207   Thumb Code     0  startup_stm32g431xx.o(.text)
    USART3_IRQHandler                        0x08000207   Thumb Code     0  startup_stm32g431xx.o(.text)
    USBWakeUp_IRQHandler                     0x08000207   Thumb Code     0  startup_stm32g431xx.o(.text)
    USB_HP_IRQHandler                        0x08000207   Thumb Code     0  startup_stm32g431xx.o(.text)
    USB_LP_IRQHandler                        0x08000207   Thumb Code     0  startup_stm32g431xx.o(.text)
    WWDG_IRQHandler                          0x08000207   Thumb Code     0  startup_stm32g431xx.o(.text)
    __aeabi_uldivmod                         0x08000211   Thumb Code    98  uldiv.o(.text)
    __aeabi_ldivmod                          0x08000273   Thumb Code    98  ldiv.o(.text)
    __aeabi_memcpy                           0x080002d5   Thumb Code    36  memcpya.o(.text)
    __aeabi_memcpy4                          0x080002d5   Thumb Code     0  memcpya.o(.text)
    __aeabi_memcpy8                          0x080002d5   Thumb Code     0  memcpya.o(.text)
    __aeabi_memset                           0x080002f9   Thumb Code    14  memseta.o(.text)
    __aeabi_memset4                          0x080002f9   Thumb Code     0  memseta.o(.text)
    __aeabi_memset8                          0x080002f9   Thumb Code     0  memseta.o(.text)
    __aeabi_memclr                           0x08000307   Thumb Code     4  memseta.o(.text)
    __aeabi_memclr4                          0x08000307   Thumb Code     0  memseta.o(.text)
    __aeabi_memclr8                          0x08000307   Thumb Code     0  memseta.o(.text)
    _memset$wrapper                          0x0800030b   Thumb Code    18  memseta.o(.text)
    strstr                                   0x0800031d   Thumb Code    36  strstr.o(.text)
    strchr                                   0x08000341   Thumb Code    20  strchr.o(.text)
    strlen                                   0x08000355   Thumb Code    14  strlen.o(.text)
    __aeabi_dmul                             0x08000363   Thumb Code   228  dmul.o(.text)
    __aeabi_l2f                              0x08000447   Thumb Code    44  ffltl.o(.text)
    __aeabi_f2d                              0x08000473   Thumb Code    38  f2d.o(.text)
    __aeabi_d2f                              0x08000499   Thumb Code    56  d2f.o(.text)
    __aeabi_uidiv                            0x080004d1   Thumb Code     0  uidiv.o(.text)
    __aeabi_uidivmod                         0x080004d1   Thumb Code    44  uidiv.o(.text)
    __aeabi_llsl                             0x080004fd   Thumb Code    30  llshl.o(.text)
    _ll_shift_l                              0x080004fd   Thumb Code     0  llshl.o(.text)
    __aeabi_llsr                             0x0800051b   Thumb Code    32  llushr.o(.text)
    _ll_ushift_r                             0x0800051b   Thumb Code     0  llushr.o(.text)
    _sgetc                                   0x0800053b   Thumb Code    30  _sgetc.o(.text)
    _sbackspace                              0x08000559   Thumb Code    34  _sgetc.o(.text)
    __strtod_int                             0x080005b3   Thumb Code    90  strtod.o(.text)
    __I$use$fp                               0x08000619   Thumb Code     0  iusefp.o(.text)
    _float_round                             0x08000619   Thumb Code    18  fepilogue.o(.text)
    _float_epilogue                          0x0800062b   Thumb Code    92  fepilogue.o(.text)
    _double_round                            0x08000687   Thumb Code    30  depilogue.o(.text)
    _double_epilogue                         0x080006a5   Thumb Code   156  depilogue.o(.text)
    __aeabi_dadd                             0x08000741   Thumb Code   322  dadd.o(.text)
    __aeabi_dsub                             0x08000883   Thumb Code     6  dadd.o(.text)
    __aeabi_drsub                            0x08000889   Thumb Code     6  dadd.o(.text)
    __aeabi_ddiv                             0x0800088f   Thumb Code   222  ddiv.o(.text)
    __aeabi_d2ulz                            0x0800096d   Thumb Code    48  dfixul.o(.text)
    __aeabi_cdrcmple                         0x0800099d   Thumb Code    48  cdrcmple.o(.text)
    __scatterload                            0x080009cd   Thumb Code    28  init.o(.text)
    __scatterload_rt2                        0x080009cd   Thumb Code     0  init.o(.text)
    __aeabi_lasr                             0x080009f1   Thumb Code    36  llsshr.o(.text)
    _ll_sshift_r                             0x080009f1   Thumb Code     0  llsshr.o(.text)
    isspace                                  0x08000a15   Thumb Code    10  isspace_c.o(.text)
    _scanf_real                              0x08000b49   Thumb Code     0  scanf_fp.o(.text)
    _scanf_really_real                       0x08000b49   Thumb Code   556  scanf_fp.o(.text)
    __ctype_lookup                           0x08000d81   Thumb Code    34  ctype_c.o(.text)
    __aeabi_ul2d                             0x08000da9   Thumb Code    24  dfltul.o(.text)
    BH1750_Init                              0x08000dc1   Thumb Code    30  bh1750.o(i.BH1750_Init)
    BMP280_Init                              0x08000f8d   Thumb Code    38  bmp280.o(i.BMP280_Init)
    BMP280_ReadCalibration                   0x08000fb5   Thumb Code    98  bmp280.o(i.BMP280_ReadCalibration)
    BMP280_ReadData                          0x0800101d   Thumb Code   164  bmp280.o(i.BMP280_ReadData)
    BMP280_SetMode                           0x080010f1   Thumb Code    46  bmp280.o(i.BMP280_SetMode)
    BMP280_SoftReset                         0x0800111f   Thumb Code    24  bmp280.o(i.BMP280_SoftReset)
    BusFault_Handler                         0x08001165   Thumb Code     2  stm32g4xx_it.o(i.BusFault_Handler)
    DMA1_Channel1_IRQHandler                 0x08001169   Thumb Code     6  stm32g4xx_it.o(i.DMA1_Channel1_IRQHandler)
    DMA1_Channel2_IRQHandler                 0x08001175   Thumb Code     6  stm32g4xx_it.o(i.DMA1_Channel2_IRQHandler)
    DMA1_Channel3_IRQHandler                 0x08001181   Thumb Code     6  stm32g4xx_it.o(i.DMA1_Channel3_IRQHandler)
    DMA1_Channel4_IRQHandler                 0x0800118d   Thumb Code     6  stm32g4xx_it.o(i.DMA1_Channel4_IRQHandler)
    DebugMon_Handler                         0x08001295   Thumb Code     2  stm32g4xx_it.o(i.DebugMon_Handler)
    Error_Handler                            0x08001297   Thumb Code     4  main.o(i.Error_Handler)
    HAL_DMA_Abort                            0x080013e9   Thumb Code   112  stm32g4xx_hal_dma.o(i.HAL_DMA_Abort)
    HAL_DMA_Abort_IT                         0x08001459   Thumb Code   120  stm32g4xx_hal_dma.o(i.HAL_DMA_Abort_IT)
    HAL_DMA_IRQHandler                       0x080014d1   Thumb Code   186  stm32g4xx_hal_dma.o(i.HAL_DMA_IRQHandler)
    HAL_DMA_Init                             0x0800158d   Thumb Code   182  stm32g4xx_hal_dma.o(i.HAL_DMA_Init)
    HAL_DMA_Start_IT                         0x08001651   Thumb Code   140  stm32g4xx_hal_dma.o(i.HAL_DMA_Start_IT)
    HAL_Delay                                0x080016dd   Thumb Code    32  stm32g4xx_hal.o(i.HAL_Delay)
    HAL_GPIO_Init                            0x08001701   Thumb Code   532  stm32g4xx_hal_gpio.o(i.HAL_GPIO_Init)
    HAL_GPIO_ReadPin                         0x08001935   Thumb Code    10  stm32g4xx_hal_gpio.o(i.HAL_GPIO_ReadPin)
    HAL_GPIO_WritePin                        0x0800193f   Thumb Code    10  stm32g4xx_hal_gpio.o(i.HAL_GPIO_WritePin)
    HAL_GetTick                              0x08001949   Thumb Code     6  stm32g4xx_hal.o(i.HAL_GetTick)
    HAL_I2CEx_ConfigAnalogFilter             0x08001955   Thumb Code    86  stm32g4xx_hal_i2c_ex.o(i.HAL_I2CEx_ConfigAnalogFilter)
    HAL_I2CEx_ConfigDigitalFilter            0x080019ab   Thumb Code    82  stm32g4xx_hal_i2c_ex.o(i.HAL_I2CEx_ConfigDigitalFilter)
    HAL_I2C_Init                             0x080019fd   Thumb Code   184  stm32g4xx_hal_i2c.o(i.HAL_I2C_Init)
    HAL_I2C_Master_Transmit                  0x08001ab9   Thumb Code   324  stm32g4xx_hal_i2c.o(i.HAL_I2C_Master_Transmit)
    HAL_I2C_Mem_Read                         0x08001c05   Thumb Code   346  stm32g4xx_hal_i2c.o(i.HAL_I2C_Mem_Read)
    HAL_I2C_Mem_Write                        0x08001d69   Thumb Code   340  stm32g4xx_hal_i2c.o(i.HAL_I2C_Mem_Write)
    HAL_I2C_MspInit                          0x08001ec1   Thumb Code   276  i2c.o(i.HAL_I2C_MspInit)
    HAL_IncTick                              0x08001fe9   Thumb Code    12  stm32g4xx_hal.o(i.HAL_IncTick)
    HAL_Init                                 0x08001ff9   Thumb Code    30  stm32g4xx_hal.o(i.HAL_Init)
    HAL_InitTick                             0x08002019   Thumb Code    58  stm32g4xx_hal.o(i.HAL_InitTick)
    HAL_MspInit                              0x0800205d   Thumb Code    42  stm32g4xx_hal_msp.o(i.HAL_MspInit)
    HAL_NVIC_EnableIRQ                       0x0800208d   Thumb Code    26  stm32g4xx_hal_cortex.o(i.HAL_NVIC_EnableIRQ)
    HAL_NVIC_SetPriority                     0x080020a9   Thumb Code    60  stm32g4xx_hal_cortex.o(i.HAL_NVIC_SetPriority)
    HAL_NVIC_SetPriorityGrouping             0x080020e9   Thumb Code    26  stm32g4xx_hal_cortex.o(i.HAL_NVIC_SetPriorityGrouping)
    HAL_PWREx_ControlVoltageScaling          0x0800210d   Thumb Code   174  stm32g4xx_hal_pwr_ex.o(i.HAL_PWREx_ControlVoltageScaling)
    HAL_PWREx_DisableUCPDDeadBattery         0x080021c9   Thumb Code    12  stm32g4xx_hal_pwr_ex.o(i.HAL_PWREx_DisableUCPDDeadBattery)
    HAL_RCCEx_PeriphCLKConfig                0x080021d9   Thumb Code   638  stm32g4xx_hal_rcc_ex.o(i.HAL_RCCEx_PeriphCLKConfig)
    HAL_RCC_ClockConfig                      0x08002461   Thumb Code   444  stm32g4xx_hal_rcc.o(i.HAL_RCC_ClockConfig)
    HAL_RCC_GetPCLK1Freq                     0x0800263d   Thumb Code    24  stm32g4xx_hal_rcc.o(i.HAL_RCC_GetPCLK1Freq)
    HAL_RCC_GetPCLK2Freq                     0x08002661   Thumb Code    24  stm32g4xx_hal_rcc.o(i.HAL_RCC_GetPCLK2Freq)
    HAL_RCC_GetSysClockFreq                  0x08002685   Thumb Code    98  stm32g4xx_hal_rcc.o(i.HAL_RCC_GetSysClockFreq)
    HAL_RCC_OscConfig                        0x080026f5   Thumb Code  1028  stm32g4xx_hal_rcc.o(i.HAL_RCC_OscConfig)
    HAL_SPI_Init                             0x08002af9   Thumb Code   234  stm32g4xx_hal_spi.o(i.HAL_SPI_Init)
    HAL_SPI_MspInit                          0x08002be5   Thumb Code    88  spi.o(i.HAL_SPI_MspInit)
    HAL_SPI_Receive                          0x08002c49   Thumb Code   382  stm32g4xx_hal_spi.o(i.HAL_SPI_Receive)
    HAL_SPI_Transmit                         0x08002dc7   Thumb Code   398  stm32g4xx_hal_spi.o(i.HAL_SPI_Transmit)
    HAL_SPI_TransmitReceive                  0x08002f55   Thumb Code   626  stm32g4xx_hal_spi.o(i.HAL_SPI_TransmitReceive)
    HAL_SYSTICK_Config                       0x080031c7   Thumb Code    40  stm32g4xx_hal_cortex.o(i.HAL_SYSTICK_Config)
    HAL_TIMEx_Break2Callback                 0x080031ef   Thumb Code     2  stm32g4xx_hal_tim_ex.o(i.HAL_TIMEx_Break2Callback)
    HAL_TIMEx_BreakCallback                  0x080031f1   Thumb Code     2  stm32g4xx_hal_tim_ex.o(i.HAL_TIMEx_BreakCallback)
    HAL_TIMEx_CommutCallback                 0x080031f3   Thumb Code     2  stm32g4xx_hal_tim_ex.o(i.HAL_TIMEx_CommutCallback)
    HAL_TIMEx_DirectionChangeCallback        0x080031f5   Thumb Code     2  stm32g4xx_hal_tim_ex.o(i.HAL_TIMEx_DirectionChangeCallback)
    HAL_TIMEx_EncoderIndexCallback           0x080031f7   Thumb Code     2  stm32g4xx_hal_tim_ex.o(i.HAL_TIMEx_EncoderIndexCallback)
    HAL_TIMEx_IndexErrorCallback             0x080031f9   Thumb Code     2  stm32g4xx_hal_tim_ex.o(i.HAL_TIMEx_IndexErrorCallback)
    HAL_TIMEx_MasterConfigSynchronization    0x080031fd   Thumb Code   132  stm32g4xx_hal_tim_ex.o(i.HAL_TIMEx_MasterConfigSynchronization)
    HAL_TIMEx_TransitionErrorCallback        0x08003299   Thumb Code     2  stm32g4xx_hal_tim_ex.o(i.HAL_TIMEx_TransitionErrorCallback)
    HAL_TIM_Base_Init                        0x0800329b   Thumb Code    98  stm32g4xx_hal_tim.o(i.HAL_TIM_Base_Init)
    HAL_TIM_Base_MspInit                     0x080032fd   Thumb Code    50  tim.o(i.HAL_TIM_Base_MspInit)
    HAL_TIM_Base_Start_IT                    0x08003335   Thumb Code    94  stm32g4xx_hal_tim.o(i.HAL_TIM_Base_Start_IT)
    HAL_TIM_ConfigClockSource                0x080033ad   Thumb Code   246  stm32g4xx_hal_tim.o(i.HAL_TIM_ConfigClockSource)
    HAL_TIM_IC_CaptureCallback               0x080034ad   Thumb Code     2  stm32g4xx_hal_tim.o(i.HAL_TIM_IC_CaptureCallback)
    HAL_TIM_IRQHandler                       0x080034af   Thumb Code   418  stm32g4xx_hal_tim.o(i.HAL_TIM_IRQHandler)
    HAL_TIM_OC_DelayElapsedCallback          0x08003651   Thumb Code     2  stm32g4xx_hal_tim.o(i.HAL_TIM_OC_DelayElapsedCallback)
    HAL_TIM_PWM_PulseFinishedCallback        0x08003653   Thumb Code     2  stm32g4xx_hal_tim.o(i.HAL_TIM_PWM_PulseFinishedCallback)
    HAL_TIM_PeriodElapsedCallback            0x08003655   Thumb Code    74  func.o(i.HAL_TIM_PeriodElapsedCallback)
    HAL_TIM_TriggerCallback                  0x080036a5   Thumb Code     2  stm32g4xx_hal_tim.o(i.HAL_TIM_TriggerCallback)
    HAL_UARTEx_DisableFifoMode               0x080036a7   Thumb Code    62  stm32g4xx_hal_uart_ex.o(i.HAL_UARTEx_DisableFifoMode)
    HAL_UARTEx_ReceiveToIdle_DMA             0x080036e5   Thumb Code    74  stm32g4xx_hal_uart_ex.o(i.HAL_UARTEx_ReceiveToIdle_DMA)
    HAL_UARTEx_RxEventCallback               0x08003731   Thumb Code   376  func.o(i.HAL_UARTEx_RxEventCallback)
    HAL_UARTEx_RxFifoFullCallback            0x080038d9   Thumb Code     2  stm32g4xx_hal_uart_ex.o(i.HAL_UARTEx_RxFifoFullCallback)
    HAL_UARTEx_SetRxFifoThreshold            0x080038db   Thumb Code    76  stm32g4xx_hal_uart_ex.o(i.HAL_UARTEx_SetRxFifoThreshold)
    HAL_UARTEx_SetTxFifoThreshold            0x08003927   Thumb Code    76  stm32g4xx_hal_uart_ex.o(i.HAL_UARTEx_SetTxFifoThreshold)
    HAL_UARTEx_TxFifoEmptyCallback           0x08003973   Thumb Code     2  stm32g4xx_hal_uart_ex.o(i.HAL_UARTEx_TxFifoEmptyCallback)
    HAL_UARTEx_WakeupCallback                0x08003975   Thumb Code     2  stm32g4xx_hal_uart_ex.o(i.HAL_UARTEx_WakeupCallback)
    HAL_UART_ErrorCallback                   0x08003977   Thumb Code     2  stm32g4xx_hal_uart.o(i.HAL_UART_ErrorCallback)
    HAL_UART_IRQHandler                      0x08003979   Thumb Code   782  stm32g4xx_hal_uart.o(i.HAL_UART_IRQHandler)
    HAL_UART_Init                            0x08003c95   Thumb Code   106  stm32g4xx_hal_uart.o(i.HAL_UART_Init)
    HAL_UART_MspInit                         0x08003d01   Thumb Code   418  usart.o(i.HAL_UART_MspInit)
    HAL_UART_RxCpltCallback                  0x08003ebd   Thumb Code     2  stm32g4xx_hal_uart.o(i.HAL_UART_RxCpltCallback)
    HAL_UART_RxHalfCpltCallback              0x08003ebf   Thumb Code     2  stm32g4xx_hal_uart.o(i.HAL_UART_RxHalfCpltCallback)
    HAL_UART_Transmit                        0x08003ec1   Thumb Code   182  stm32g4xx_hal_uart.o(i.HAL_UART_Transmit)
    HAL_UART_TxCpltCallback                  0x08003f77   Thumb Code     2  stm32g4xx_hal_uart.o(i.HAL_UART_TxCpltCallback)
    HardFault_Handler                        0x08003f79   Thumb Code     2  stm32g4xx_it.o(i.HardFault_Handler)
    MAX30102_Init                            0x080042cd   Thumb Code   184  max30102.o(i.MAX30102_Init)
    MAX30102_ReadFIFO                        0x08004429   Thumb Code   218  max30102.o(i.MAX30102_ReadFIFO)
    MAX30102_ReadID                          0x08004539   Thumb Code     8  max30102.o(i.MAX30102_ReadID)
    MAX30102_ReadReg                         0x08004541   Thumb Code    42  max30102.o(i.MAX30102_ReadReg)
    MAX30102_SoftReset                       0x08004599   Thumb Code    26  max30102.o(i.MAX30102_SoftReset)
    MAX30102_WriteReg                        0x080045d1   Thumb Code    46  max30102.o(i.MAX30102_WriteReg)
    MPU6050_Init                             0x08004749   Thumb Code   106  mpu6050.o(i.MPU6050_Init)
    MPU6050_ReadAll                          0x080047b9   Thumb Code   282  mpu6050.o(i.MPU6050_ReadAll)
    MPU6050_ReadRaw                          0x080048e9   Thumb Code   120  mpu6050.o(i.MPU6050_ReadRaw)
    MX_DMA_Init                              0x08004991   Thumb Code   104  dma.o(i.MX_DMA_Init)
    MX_GPIO_Init                             0x080049fd   Thumb Code   188  gpio.o(i.MX_GPIO_Init)
    MX_I2C1_Init                             0x08004ac5   Thumb Code    76  i2c.o(i.MX_I2C1_Init)
    MX_I2C2_Init                             0x08004b1d   Thumb Code    76  i2c.o(i.MX_I2C2_Init)
    MX_SPI2_Init                             0x08004b75   Thumb Code    70  spi.o(i.MX_SPI2_Init)
    MX_TIM2_Init                             0x08004bc5   Thumb Code    98  tim.o(i.MX_TIM2_Init)
    MX_USART1_UART_Init                      0x08004c2d   Thumb Code    94  usart.o(i.MX_USART1_UART_Init)
    MX_USART2_UART_Init                      0x08004c95   Thumb Code    94  usart.o(i.MX_USART2_UART_Init)
    MemManage_Handler                        0x08004cfd   Thumb Code     2  stm32g4xx_it.o(i.MemManage_Handler)
    NMI_Handler                              0x08004cff   Thumb Code     2  stm32g4xx_it.o(i.NMI_Handler)
    OLED_Clear                               0x08004d01   Thumb Code    20  oled.o(i.OLED_Clear)
    OLED_Draw_Point                          0x08004d8d   Thumb Code    40  oled.o(i.OLED_Draw_Point)
    OLED_Init                                0x08004db9   Thumb Code   166  oled.o(i.OLED_Init)
    OLED_Refresh                             0x08004e61   Thumb Code    74  oled.o(i.OLED_Refresh)
    OLED_Set_Pos                             0x08004eb5   Thumb Code    34  oled.o(i.OLED_Set_Pos)
    OLED_Show_Char                           0x08004ed9   Thumb Code   144  oled.o(i.OLED_Show_Char)
    OLED_Show_Str                            0x08004f71   Thumb Code    84  oled.o(i.OLED_Show_Str)
    OLED_Show_UTF8                           0x08004fc5   Thumb Code   132  utf8_font.o(i.OLED_Show_UTF8)
    PendSV_Handler                           0x0800507d   Thumb Code     2  stm32g4xx_it.o(i.PendSV_Handler)
    SPI_FLASH_BufferRead                     0x0800513d   Thumb Code    68  bsp_spi_flash.o(i.SPI_FLASH_BufferRead)
    SPI_FLASH_ClearProtect                   0x0800518d   Thumb Code    52  bsp_spi_flash.o(i.SPI_FLASH_ClearProtect)
    SPI_FLASH_Init                           0x080051c5   Thumb Code    30  bsp_spi_flash.o(i.SPI_FLASH_Init)
    SPI_FLASH_ReadID                         0x080051e9   Thumb Code    72  bsp_spi_flash.o(i.SPI_FLASH_ReadID)
    SPI_FLASH_ReadStatusReg                  0x08005239   Thumb Code    30  bsp_spi_flash.o(i.SPI_FLASH_ReadStatusReg)
    SPI_FLASH_SendByte                       0x0800525d   Thumb Code    74  bsp_spi_flash.o(i.SPI_FLASH_SendByte)
    SPI_FLASH_WaitForWriteEnd                0x080052b1   Thumb Code    56  bsp_spi_flash.o(i.SPI_FLASH_WaitForWriteEnd)
    SPI_FLASH_WriteEnable                    0x080052f1   Thumb Code    24  bsp_spi_flash.o(i.SPI_FLASH_WriteEnable)
    SVC_Handler                              0x080054e9   Thumb Code     2  stm32g4xx_it.o(i.SVC_Handler)
    SysTick_Handler                          0x080054eb   Thumb Code     4  stm32g4xx_it.o(i.SysTick_Handler)
    SystemClock_Config                       0x080054ef   Thumb Code   104  main.o(i.SystemClock_Config)
    SystemInit                               0x08005559   Thumb Code    12  system_stm32g4xx.o(i.SystemInit)
    TIM2_IRQHandler                          0x08005569   Thumb Code     6  stm32g4xx_it.o(i.TIM2_IRQHandler)
    TIM_Base_SetConfig                       0x08005575   Thumb Code   154  stm32g4xx_hal_tim.o(i.TIM_Base_SetConfig)
    TIM_ETR_SetConfig                        0x0800562d   Thumb Code    20  stm32g4xx_hal_tim.o(i.TIM_ETR_SetConfig)
    UART_AdvFeatureConfig                    0x08005735   Thumb Code   200  stm32g4xx_hal_uart.o(i.UART_AdvFeatureConfig)
    UART_CheckIdleState                      0x080057fd   Thumb Code   172  stm32g4xx_hal_uart.o(i.UART_CheckIdleState)
    UART_SetConfig                           0x08005a59   Thumb Code   582  stm32g4xx_hal_uart.o(i.UART_SetConfig)
    UART_Start_Receive_DMA                   0x08005ccd   Thumb Code   156  stm32g4xx_hal_uart.o(i.UART_Start_Receive_DMA)
    UART_WaitOnFlagUntilTimeout              0x08005d75   Thumb Code   148  stm32g4xx_hal_uart.o(i.UART_WaitOnFlagUntilTimeout)
    USART1_IRQHandler                        0x08005e09   Thumb Code     6  stm32g4xx_it.o(i.USART1_IRQHandler)
    USART2_IRQHandler                        0x08005e15   Thumb Code     6  stm32g4xx_it.o(i.USART2_IRQHandler)
    UTF8_Decode                              0x08005e21   Thumb Code   198  utf8_font.o(i.UTF8_Decode)
    UTF8_FONT_Diag                           0x08005ee9   Thumb Code    96  utf8_font.o(i.UTF8_FONT_Diag)
    UTF8_FONT_Lookup                         0x08005fd1   Thumb Code   118  utf8_font.o(i.UTF8_FONT_Lookup)
    UsageFault_Handler                       0x0800604d   Thumb Code     2  stm32g4xx_it.o(i.UsageFault_Handler)
    __0printf                                0x08006051   Thumb Code    22  printfa.o(i.__0printf)
    __1printf                                0x08006051   Thumb Code     0  printfa.o(i.__0printf)
    __2printf                                0x08006051   Thumb Code     0  printfa.o(i.__0printf)
    __c89printf                              0x08006051   Thumb Code     0  printfa.o(i.__0printf)
    printf                                   0x08006051   Thumb Code     0  printfa.o(i.__0printf)
    __0sprintf                               0x08006071   Thumb Code    34  printfa.o(i.__0sprintf)
    __1sprintf                               0x08006071   Thumb Code     0  printfa.o(i.__0sprintf)
    __2sprintf                               0x08006071   Thumb Code     0  printfa.o(i.__0sprintf)
    __c89sprintf                             0x08006071   Thumb Code     0  printfa.o(i.__0sprintf)
    sprintf                                  0x08006071   Thumb Code     0  printfa.o(i.__0sprintf)
    __hardfp_atof                            0x080060b9   Thumb Code    44  atof.o(i.__hardfp_atof)
    __hardfp_sqrtf                           0x080060f1   Thumb Code    58  sqrtf.o(i.__hardfp_sqrtf)
    __read_errno                             0x0800612d   Thumb Code     6  errno.o(i.__read_errno)
    __scatterload_copy                       0x08006139   Thumb Code    14  handlers.o(i.__scatterload_copy)
    __scatterload_null                       0x08006147   Thumb Code     2  handlers.o(i.__scatterload_null)
    __scatterload_zeroinit                   0x08006149   Thumb Code    14  handlers.o(i.__scatterload_zeroinit)
    __set_errno                              0x08006159   Thumb Code     6  errno.o(i.__set_errno)
    _is_digit                                0x080062e9   Thumb Code    14  scanf_fp.o(i._is_digit)
    def_main                                 0x08006a31   Thumb Code   234  func.o(i.def_main)
    fputc                                    0x08006b25   Thumb Code    20  usart.o(i.fputc)
    gps_uart_init                            0x08006b3d   Thumb Code    30  func.o(i.gps_uart_init)
    key_scan                                 0x08006cad   Thumb Code   140  func.o(i.key_scan)
    main                                     0x08006d61   Thumb Code   250  main.o(i.main)
    maxim_find_peaks                         0x08006ebd   Thumb Code    50  algorithm.o(i.maxim_find_peaks)
    maxim_heart_rate_and_oxygen_saturation   0x08006ef1   Thumb Code   934  algorithm.o(i.maxim_heart_rate_and_oxygen_saturation)
    maxim_peaks_above_min_height             0x080072ad   Thumb Code   106  algorithm.o(i.maxim_peaks_above_min_height)
    maxim_remove_close_peaks                 0x08007319   Thumb Code   108  algorithm.o(i.maxim_remove_close_peaks)
    maxim_sort_ascend                        0x08007385   Thumb Code    50  algorithm.o(i.maxim_sort_ascend)
    maxim_sort_indices_descend               0x080073b9   Thumb Code    58  algorithm.o(i.maxim_sort_indices_descend)
    nav_scroll_update                        0x080073f5   Thumb Code   196  func.o(i.nav_scroll_update)
    send_init_status                         0x08007575   Thumb Code    10  func.o(i.send_init_status)
    sersor_data                              0x080075c5   Thumb Code    28  func.o(i.sersor_data)
    sersor_init                              0x080075e9   Thumb Code   122  func.o(i.sersor_init)
    test_gps_update                          0x08007721   Thumb Code    40  func.o(i.test_gps_update)
    UARTPrescTable                           0x080078b0   Data          24  stm32g4xx_hal_uart.o(.constdata)
    AHBPrescTable                            0x080078d8   Data          16  system_stm32g4xx.o(.constdata)
    APBPrescTable                            0x080078e8   Data           8  system_stm32g4xx.o(.constdata)
    auw_hamm                                 0x080078f0   Data          10  algorithm.o(.constdata)
    uch_spo2_table                           0x080078fa   Data         185  algorithm.o(.constdata)
    asc2_1608                                0x080079f4   Data        1520  oled.o(.constdata)
    asc2_1206                                0x08007fe4   Data        1140  oled.o(.constdata)
    __ctype_categories                       0x08008458   Data          64  ctype_c.o(.constdata)
    Region$$Table$$Base                      0x08008498   Number         0  anon$$obj.o(Region$$Table)
    Region$$Table$$Limit                     0x080084b8   Number         0  anon$$obj.o(Region$$Table)
    uwTickPrio                               0x20000000   Data           4  stm32g4xx_hal.o(.data)
    uwTickFreq                               0x20000004   Data           4  stm32g4xx_hal.o(.data)
    uwTick                                   0x20000008   Data           4  stm32g4xx_hal.o(.data)
    SystemCoreClock                          0x2000000c   Data           4  system_stm32g4xx.o(.data)
    g_nav_text_updated                       0x2000002f   Data           1  func.o(.data)
    g_time_updated                           0x20000030   Data           1  func.o(.data)
    last_500ms                               0x20000036   Data           2  func.o(.data)
    last_10ms                                0x20000038   Data           2  func.o(.data)
    S1                                       0x2000003a   Data           2  func.o(.data)
    S2                                       0x2000003c   Data           2  func.o(.data)
    S3                                       0x2000003e   Data           2  func.o(.data)
    S4                                       0x20000040   Data           2  func.o(.data)
    g_nav_scroll                             0x20000044   Data           2  func.o(.data)
    sys_tick                                 0x20000048   Data           4  func.o(.data)
    g_sensor_hr                              0x20000050   Data           4  func.o(.data)
    g_mood_text                              0x20000080   Data           8  func.o(.data)
    __stdout                                 0x20000088   Data           4  stdout.o(.data)
    hi2c1                                    0x20000090   Data          84  i2c.o(.bss)
    hi2c2                                    0x200000e4   Data          84  i2c.o(.bss)
    hspi2                                    0x20000138   Data         100  spi.o(.bss)
    htim2                                    0x2000019c   Data          76  tim.o(.bss)
    huart1                                   0x200001e8   Data         148  usart.o(.bss)
    huart2                                   0x2000027c   Data         148  usart.o(.bss)
    hdma_usart1_rx                           0x20000310   Data          96  usart.o(.bss)
    hdma_usart1_tx                           0x20000370   Data          96  usart.o(.bss)
    hdma_usart2_rx                           0x200003d0   Data          96  usart.o(.bss)
    hdma_usart2_tx                           0x20000430   Data          96  usart.o(.bss)
    an_x                                     0x20000490   Data        2000  algorithm.o(.bss)
    an_y                                     0x20000c60   Data        2000  algorithm.o(.bss)
    an_dx                                    0x20001430   Data        2000  algorithm.o(.bss)
    max30102_result                          0x20001c18   Data          24  func.o(.bss)
    g_nav_text                               0x20001c30   Data          48  func.o(.bss)
    g_nav_full                               0x20001c60   Data         256  func.o(.bss)
    g_time_text                              0x20001d60   Data          16  func.o(.bss)
    __initial_sp                             0x20003610   Data           0  startup_stm32g431xx.o(STACK)



==============================================================================

Memory Map of the image

  Image Entry point : 0x080001d9

  Load Region LR_IROM1 (Base: 0x08000000, Size: 0x00008548, Max: 0x00020000, ABSOLUTE)

    Execution Region ER_IROM1 (Exec base: 0x08000000, Load base: 0x08000000, Size: 0x000084b8, Max: 0x00020000, ABSOLUTE)

    Exec Addr    Load Addr    Size         Type   Attr      Idx    E Section Name        Object

    0x08000000   0x08000000   0x000001d8   Data   RO            3    RESET               startup_stm32g431xx.o
    0x080001d8   0x080001d8   0x00000000   Code   RO         5476  * .ARM.Collect$$$$00000000  mc_w.l(entry.o)
    0x080001d8   0x080001d8   0x00000004   Code   RO         5786    .ARM.Collect$$$$00000001  mc_w.l(entry2.o)
    0x080001dc   0x080001dc   0x00000004   Code   RO         5789    .ARM.Collect$$$$00000004  mc_w.l(entry5.o)
    0x080001e0   0x080001e0   0x00000000   Code   RO         5791    .ARM.Collect$$$$00000008  mc_w.l(entry7b.o)
    0x080001e0   0x080001e0   0x00000000   Code   RO         5793    .ARM.Collect$$$$0000000A  mc_w.l(entry8b.o)
    0x080001e0   0x080001e0   0x00000008   Code   RO         5794    .ARM.Collect$$$$0000000B  mc_w.l(entry9a.o)
    0x080001e8   0x080001e8   0x00000000   Code   RO         5796    .ARM.Collect$$$$0000000D  mc_w.l(entry10a.o)
    0x080001e8   0x080001e8   0x00000000   Code   RO         5798    .ARM.Collect$$$$0000000F  mc_w.l(entry11a.o)
    0x080001e8   0x080001e8   0x00000004   Code   RO         5787    .ARM.Collect$$$$00002712  mc_w.l(entry2.o)
    0x080001ec   0x080001ec   0x00000024   Code   RO            4    .text               startup_stm32g431xx.o
    0x08000210   0x08000210   0x00000062   Code   RO         5479    .text               mc_w.l(uldiv.o)
    0x08000272   0x08000272   0x00000062   Code   RO         5481    .text               mc_w.l(ldiv.o)
    0x080002d4   0x080002d4   0x00000024   Code   RO         5483    .text               mc_w.l(memcpya.o)
    0x080002f8   0x080002f8   0x00000024   Code   RO         5485    .text               mc_w.l(memseta.o)
    0x0800031c   0x0800031c   0x00000024   Code   RO         5487    .text               mc_w.l(strstr.o)
    0x08000340   0x08000340   0x00000014   Code   RO         5489    .text               mc_w.l(strchr.o)
    0x08000354   0x08000354   0x0000000e   Code   RO         5491    .text               mc_w.l(strlen.o)
    0x08000362   0x08000362   0x000000e4   Code   RO         5760    .text               mf_w.l(dmul.o)
    0x08000446   0x08000446   0x0000002c   Code   RO         5762    .text               mf_w.l(ffltl.o)
    0x08000472   0x08000472   0x00000026   Code   RO         5766    .text               mf_w.l(f2d.o)
    0x08000498   0x08000498   0x00000038   Code   RO         5768    .text               mf_w.l(d2f.o)
    0x080004d0   0x080004d0   0x0000002c   Code   RO         5801    .text               mc_w.l(uidiv.o)
    0x080004fc   0x080004fc   0x0000001e   Code   RO         5803    .text               mc_w.l(llshl.o)
    0x0800051a   0x0800051a   0x00000020   Code   RO         5805    .text               mc_w.l(llushr.o)
    0x0800053a   0x0800053a   0x00000040   Code   RO         5818    .text               mc_w.l(_sgetc.o)
    0x0800057a   0x0800057a   0x00000002   PAD
    0x0800057c   0x0800057c   0x0000009c   Code   RO         5820    .text               mc_w.l(strtod.o)
    0x08000618   0x08000618   0x00000000   Code   RO         5822    .text               mc_w.l(iusefp.o)
    0x08000618   0x08000618   0x0000006e   Code   RO         5823    .text               mf_w.l(fepilogue.o)
    0x08000686   0x08000686   0x000000ba   Code   RO         5825    .text               mf_w.l(depilogue.o)
    0x08000740   0x08000740   0x0000014e   Code   RO         5827    .text               mf_w.l(dadd.o)
    0x0800088e   0x0800088e   0x000000de   Code   RO         5829    .text               mf_w.l(ddiv.o)
    0x0800096c   0x0800096c   0x00000030   Code   RO         5831    .text               mf_w.l(dfixul.o)
    0x0800099c   0x0800099c   0x00000030   Code   RO         5833    .text               mf_w.l(cdrcmple.o)
    0x080009cc   0x080009cc   0x00000024   Code   RO         5835    .text               mc_w.l(init.o)
    0x080009f0   0x080009f0   0x00000024   Code   RO         5837    .text               mc_w.l(llsshr.o)
    0x08000a14   0x08000a14   0x0000000a   Code   RO         5839    .text               mc_w.l(isspace_c.o)
    0x08000a1e   0x08000a1e   0x00000002   PAD
    0x08000a20   0x08000a20   0x00000360   Code   RO         5843    .text               mc_w.l(scanf_fp.o)
    0x08000d80   0x08000d80   0x00000028   Code   RO         5847    .text               mc_w.l(ctype_c.o)
    0x08000da8   0x08000da8   0x00000018   Code   RO         5850    .text               mf_w.l(dfltul.o)
    0x08000dc0   0x08000dc0   0x0000001e   Code   RO         5111    i.BH1750_Init       bh1750.o
    0x08000dde   0x08000dde   0x00000002   PAD
    0x08000de0   0x08000de0   0x0000001c   Code   RO         5114    i.BH1750_WriteCmd   bh1750.o
    0x08000dfc   0x08000dfc   0x00000190   Code   RO         5040    i.BMP280_CompensatePressure  bmp280.o
    0x08000f8c   0x08000f8c   0x00000026   Code   RO         5041    i.BMP280_Init       bmp280.o
    0x08000fb2   0x08000fb2   0x00000002   PAD
    0x08000fb4   0x08000fb4   0x00000068   Code   RO         5042    i.BMP280_ReadCalibration  bmp280.o
    0x0800101c   0x0800101c   0x000000b0   Code   RO         5043    i.BMP280_ReadData   bmp280.o
    0x080010cc   0x080010cc   0x00000024   Code   RO         5044    i.BMP280_ReadRegs   bmp280.o
    0x080010f0   0x080010f0   0x0000002e   Code   RO         5045    i.BMP280_SetMode    bmp280.o
    0x0800111e   0x0800111e   0x00000018   Code   RO         5046    i.BMP280_SoftReset  bmp280.o
    0x08001136   0x08001136   0x00000002   PAD
    0x08001138   0x08001138   0x0000002c   Code   RO         5047    i.BMP280_WriteReg8  bmp280.o
    0x08001164   0x08001164   0x00000002   Code   RO          462    i.BusFault_Handler  stm32g4xx_it.o
    0x08001166   0x08001166   0x00000002   PAD
    0x08001168   0x08001168   0x0000000c   Code   RO          463    i.DMA1_Channel1_IRQHandler  stm32g4xx_it.o
    0x08001174   0x08001174   0x0000000c   Code   RO          464    i.DMA1_Channel2_IRQHandler  stm32g4xx_it.o
    0x08001180   0x08001180   0x0000000c   Code   RO          465    i.DMA1_Channel3_IRQHandler  stm32g4xx_it.o
    0x0800118c   0x0800118c   0x0000000c   Code   RO          466    i.DMA1_Channel4_IRQHandler  stm32g4xx_it.o
    0x08001198   0x08001198   0x00000048   Code   RO         1981    i.DMA_CalcDMAMUXChannelBaseAndMask  stm32g4xx_hal_dma.o
    0x080011e0   0x080011e0   0x00000028   Code   RO         1982    i.DMA_CalcDMAMUXRequestGenBaseAndMask  stm32g4xx_hal_dma.o
    0x08001208   0x08001208   0x0000003e   Code   RO         1983    i.DMA_SetConfig     stm32g4xx_hal_dma.o
    0x08001246   0x08001246   0x00000002   PAD
    0x08001248   0x08001248   0x0000004c   Code   RO         5152    i.DM_To_DD          func.o
    0x08001294   0x08001294   0x00000002   Code   RO          467    i.DebugMon_Handler  stm32g4xx_it.o
    0x08001296   0x08001296   0x00000004   Code   RO           13    i.Error_Handler     main.o
    0x0800129a   0x0800129a   0x00000002   PAD
    0x0800129c   0x0800129c   0x0000014c   Code   RO         5153    i.GPS_Parse_Data    func.o
    0x080013e8   0x080013e8   0x00000070   Code   RO         1984    i.HAL_DMA_Abort     stm32g4xx_hal_dma.o
    0x08001458   0x08001458   0x00000078   Code   RO         1985    i.HAL_DMA_Abort_IT  stm32g4xx_hal_dma.o
    0x080014d0   0x080014d0   0x000000ba   Code   RO         1989    i.HAL_DMA_IRQHandler  stm32g4xx_hal_dma.o
    0x0800158a   0x0800158a   0x00000002   PAD
    0x0800158c   0x0800158c   0x000000c4   Code   RO         1990    i.HAL_DMA_Init      stm32g4xx_hal_dma.o
    0x08001650   0x08001650   0x0000008c   Code   RO         1994    i.HAL_DMA_Start_IT  stm32g4xx_hal_dma.o
    0x080016dc   0x080016dc   0x00000024   Code   RO         1137    i.HAL_Delay         stm32g4xx_hal.o
    0x08001700   0x08001700   0x00000234   Code   RO         1846    i.HAL_GPIO_Init     stm32g4xx_hal_gpio.o
    0x08001934   0x08001934   0x0000000a   Code   RO         1848    i.HAL_GPIO_ReadPin  stm32g4xx_hal_gpio.o
    0x0800193e   0x0800193e   0x0000000a   Code   RO         1850    i.HAL_GPIO_WritePin  stm32g4xx_hal_gpio.o
    0x08001948   0x08001948   0x0000000c   Code   RO         1141    i.HAL_GetTick       stm32g4xx_hal.o
    0x08001954   0x08001954   0x00000056   Code   RO         1076    i.HAL_I2CEx_ConfigAnalogFilter  stm32g4xx_hal_i2c_ex.o
    0x080019aa   0x080019aa   0x00000052   Code   RO         1077    i.HAL_I2CEx_ConfigDigitalFilter  stm32g4xx_hal_i2c_ex.o
    0x080019fc   0x080019fc   0x000000bc   Code   RO          615    i.HAL_I2C_Init      stm32g4xx_hal_i2c.o
    0x08001ab8   0x08001ab8   0x0000014c   Code   RO          628    i.HAL_I2C_Master_Transmit  stm32g4xx_hal_i2c.o
    0x08001c04   0x08001c04   0x00000164   Code   RO          633    i.HAL_I2C_Mem_Read  stm32g4xx_hal_i2c.o
    0x08001d68   0x08001d68   0x00000158   Code   RO          636    i.HAL_I2C_Mem_Write  stm32g4xx_hal_i2c.o
    0x08001ec0   0x08001ec0   0x00000128   Code   RO          277    i.HAL_I2C_MspInit   i2c.o
    0x08001fe8   0x08001fe8   0x00000010   Code   RO         1147    i.HAL_IncTick       stm32g4xx_hal.o
    0x08001ff8   0x08001ff8   0x0000001e   Code   RO         1148    i.HAL_Init          stm32g4xx_hal.o
    0x08002016   0x08002016   0x00000002   PAD
    0x08002018   0x08002018   0x00000044   Code   RO         1149    i.HAL_InitTick      stm32g4xx_hal.o
    0x0800205c   0x0800205c   0x00000030   Code   RO          580    i.HAL_MspInit       stm32g4xx_hal_msp.o
    0x0800208c   0x0800208c   0x0000001a   Code   RO         2495    i.HAL_NVIC_EnableIRQ  stm32g4xx_hal_cortex.o
    0x080020a6   0x080020a6   0x00000002   PAD
    0x080020a8   0x080020a8   0x00000040   Code   RO         2501    i.HAL_NVIC_SetPriority  stm32g4xx_hal_cortex.o
    0x080020e8   0x080020e8   0x00000024   Code   RO         2502    i.HAL_NVIC_SetPriorityGrouping  stm32g4xx_hal_cortex.o
    0x0800210c   0x0800210c   0x000000bc   Code   RO         2249    i.HAL_PWREx_ControlVoltageScaling  stm32g4xx_hal_pwr_ex.o
    0x080021c8   0x080021c8   0x00000010   Code   RO         2261    i.HAL_PWREx_DisableUCPDDeadBattery  stm32g4xx_hal_pwr_ex.o
    0x080021d8   0x080021d8   0x00000288   Code   RO         1508    i.HAL_RCCEx_PeriphCLKConfig  stm32g4xx_hal_rcc_ex.o
    0x08002460   0x08002460   0x000001dc   Code   RO         1383    i.HAL_RCC_ClockConfig  stm32g4xx_hal_rcc.o
    0x0800263c   0x0800263c   0x00000024   Code   RO         1391    i.HAL_RCC_GetPCLK1Freq  stm32g4xx_hal_rcc.o
    0x08002660   0x08002660   0x00000024   Code   RO         1392    i.HAL_RCC_GetPCLK2Freq  stm32g4xx_hal_rcc.o
    0x08002684   0x08002684   0x00000070   Code   RO         1393    i.HAL_RCC_GetSysClockFreq  stm32g4xx_hal_rcc.o
    0x080026f4   0x080026f4   0x00000404   Code   RO         1396    i.HAL_RCC_OscConfig  stm32g4xx_hal_rcc.o
    0x08002af8   0x08002af8   0x000000ea   Code   RO         2646    i.HAL_SPI_Init      stm32g4xx_hal_spi.o
    0x08002be2   0x08002be2   0x00000002   PAD
    0x08002be4   0x08002be4   0x00000064   Code   RO          325    i.HAL_SPI_MspInit   spi.o
    0x08002c48   0x08002c48   0x0000017e   Code   RO         2649    i.HAL_SPI_Receive   stm32g4xx_hal_spi.o
    0x08002dc6   0x08002dc6   0x0000018e   Code   RO         2654    i.HAL_SPI_Transmit  stm32g4xx_hal_spi.o
    0x08002f54   0x08002f54   0x00000272   Code   RO         2655    i.HAL_SPI_TransmitReceive  stm32g4xx_hal_spi.o
    0x080031c6   0x080031c6   0x00000028   Code   RO         2506    i.HAL_SYSTICK_Config  stm32g4xx_hal_cortex.o
    0x080031ee   0x080031ee   0x00000002   Code   RO         3702    i.HAL_TIMEx_Break2Callback  stm32g4xx_hal_tim_ex.o
    0x080031f0   0x080031f0   0x00000002   Code   RO         3703    i.HAL_TIMEx_BreakCallback  stm32g4xx_hal_tim_ex.o
    0x080031f2   0x080031f2   0x00000002   Code   RO         3704    i.HAL_TIMEx_CommutCallback  stm32g4xx_hal_tim_ex.o
    0x080031f4   0x080031f4   0x00000002   Code   RO         3715    i.HAL_TIMEx_DirectionChangeCallback  stm32g4xx_hal_tim_ex.o
    0x080031f6   0x080031f6   0x00000002   Code   RO         3729    i.HAL_TIMEx_EncoderIndexCallback  stm32g4xx_hal_tim_ex.o
    0x080031f8   0x080031f8   0x00000002   Code   RO         3743    i.HAL_TIMEx_IndexErrorCallback  stm32g4xx_hal_tim_ex.o
    0x080031fa   0x080031fa   0x00000002   PAD
    0x080031fc   0x080031fc   0x0000009c   Code   RO         3744    i.HAL_TIMEx_MasterConfigSynchronization  stm32g4xx_hal_tim_ex.o
    0x08003298   0x08003298   0x00000002   Code   RO         3765    i.HAL_TIMEx_TransitionErrorCallback  stm32g4xx_hal_tim_ex.o
    0x0800329a   0x0800329a   0x00000062   Code   RO         2988    i.HAL_TIM_Base_Init  stm32g4xx_hal_tim.o
    0x080032fc   0x080032fc   0x00000038   Code   RO          367    i.HAL_TIM_Base_MspInit  tim.o
    0x08003334   0x08003334   0x00000078   Code   RO         2993    i.HAL_TIM_Base_Start_IT  stm32g4xx_hal_tim.o
    0x080033ac   0x080033ac   0x00000100   Code   RO         2997    i.HAL_TIM_ConfigClockSource  stm32g4xx_hal_tim.o
    0x080034ac   0x080034ac   0x00000002   Code   RO         3022    i.HAL_TIM_IC_CaptureCallback  stm32g4xx_hal_tim.o
    0x080034ae   0x080034ae   0x000001a2   Code   RO         3036    i.HAL_TIM_IRQHandler  stm32g4xx_hal_tim.o
    0x08003650   0x08003650   0x00000002   Code   RO         3039    i.HAL_TIM_OC_DelayElapsedCallback  stm32g4xx_hal_tim.o
    0x08003652   0x08003652   0x00000002   Code   RO         3066    i.HAL_TIM_PWM_PulseFinishedCallback  stm32g4xx_hal_tim.o
    0x08003654   0x08003654   0x00000050   Code   RO         5154    i.HAL_TIM_PeriodElapsedCallback  func.o
    0x080036a4   0x080036a4   0x00000002   Code   RO         3079    i.HAL_TIM_TriggerCallback  stm32g4xx_hal_tim.o
    0x080036a6   0x080036a6   0x0000003e   Code   RO         4551    i.HAL_UARTEx_DisableFifoMode  stm32g4xx_hal_uart_ex.o
    0x080036e4   0x080036e4   0x0000004a   Code   RO         4557    i.HAL_UARTEx_ReceiveToIdle_DMA  stm32g4xx_hal_uart_ex.o
    0x0800372e   0x0800372e   0x00000002   PAD
    0x08003730   0x08003730   0x000001a8   Code   RO         5155    i.HAL_UARTEx_RxEventCallback  func.o
    0x080038d8   0x080038d8   0x00000002   Code   RO         4559    i.HAL_UARTEx_RxFifoFullCallback  stm32g4xx_hal_uart_ex.o
    0x080038da   0x080038da   0x0000004c   Code   RO         4560    i.HAL_UARTEx_SetRxFifoThreshold  stm32g4xx_hal_uart_ex.o
    0x08003926   0x08003926   0x0000004c   Code   RO         4561    i.HAL_UARTEx_SetTxFifoThreshold  stm32g4xx_hal_uart_ex.o
    0x08003972   0x08003972   0x00000002   Code   RO         4563    i.HAL_UARTEx_TxFifoEmptyCallback  stm32g4xx_hal_uart_ex.o
    0x08003974   0x08003974   0x00000002   Code   RO         4564    i.HAL_UARTEx_WakeupCallback  stm32g4xx_hal_uart_ex.o
    0x08003976   0x08003976   0x00000002   Code   RO         4156    i.HAL_UART_ErrorCallback  stm32g4xx_hal_uart.o
    0x08003978   0x08003978   0x0000031c   Code   RO         4159    i.HAL_UART_IRQHandler  stm32g4xx_hal_uart.o
    0x08003c94   0x08003c94   0x0000006a   Code   RO         4160    i.HAL_UART_Init     stm32g4xx_hal_uart.o
    0x08003cfe   0x08003cfe   0x00000002   PAD
    0x08003d00   0x08003d00   0x000001bc   Code   RO          409    i.HAL_UART_MspInit  usart.o
    0x08003ebc   0x08003ebc   0x00000002   Code   RO         4167    i.HAL_UART_RxCpltCallback  stm32g4xx_hal_uart.o
    0x08003ebe   0x08003ebe   0x00000002   Code   RO         4168    i.HAL_UART_RxHalfCpltCallback  stm32g4xx_hal_uart.o
    0x08003ec0   0x08003ec0   0x000000b6   Code   RO         4169    i.HAL_UART_Transmit  stm32g4xx_hal_uart.o
    0x08003f76   0x08003f76   0x00000002   Code   RO         4172    i.HAL_UART_TxCpltCallback  stm32g4xx_hal_uart.o
    0x08003f78   0x08003f78   0x00000002   Code   RO          468    i.HardFault_Handler  stm32g4xx_it.o
    0x08003f7a   0x08003f7a   0x00000022   Code   RO          662    i.I2C_Flush_TXDR    stm32g4xx_hal_i2c.o
    0x08003f9c   0x08003f9c   0x0000010c   Code   RO          670    i.I2C_IsErrorOccurred  stm32g4xx_hal_i2c.o
    0x080040a8   0x080040a8   0x00000064   Code   RO          675    i.I2C_RequestMemoryRead  stm32g4xx_hal_i2c.o
    0x0800410c   0x0800410c   0x00000064   Code   RO          676    i.I2C_RequestMemoryWrite  stm32g4xx_hal_i2c.o
    0x08004170   0x08004170   0x00000030   Code   RO          679    i.I2C_TransferConfig  stm32g4xx_hal_i2c.o
    0x080041a0   0x080041a0   0x0000007a   Code   RO          681    i.I2C_WaitOnFlagUntilTimeout  stm32g4xx_hal_i2c.o
    0x0800421a   0x0800421a   0x00000056   Code   RO          683    i.I2C_WaitOnSTOPFlagUntilTimeout  stm32g4xx_hal_i2c.o
    0x08004270   0x08004270   0x0000005a   Code   RO          684    i.I2C_WaitOnTXISFlagUntilTimeout  stm32g4xx_hal_i2c.o
    0x080042ca   0x080042ca   0x00000002   PAD
    0x080042cc   0x080042cc   0x0000015c   Code   RO         4839    i.MAX30102_Init     max30102.o
    0x08004428   0x08004428   0x00000110   Code   RO         4840    i.MAX30102_ReadFIFO  max30102.o
    0x08004538   0x08004538   0x00000008   Code   RO         4841    i.MAX30102_ReadID   max30102.o
    0x08004540   0x08004540   0x00000058   Code   RO         4842    i.MAX30102_ReadReg  max30102.o
    0x08004598   0x08004598   0x00000038   Code   RO         4844    i.MAX30102_SoftReset  max30102.o
    0x080045d0   0x080045d0   0x0000005c   Code   RO         4845    i.MAX30102_WriteReg  max30102.o
    0x0800462c   0x0800462c   0x0000011c   Code   RO         5156    i.MAX30102_run      func.o
    0x08004748   0x08004748   0x00000070   Code   RO         4987    i.MPU6050_Init      mpu6050.o
    0x080047b8   0x080047b8   0x00000130   Code   RO         4988    i.MPU6050_ReadAll   mpu6050.o
    0x080048e8   0x080048e8   0x0000007c   Code   RO         4989    i.MPU6050_ReadRaw   mpu6050.o
    0x08004964   0x08004964   0x0000002c   Code   RO         4990    i.MPU6050_WriteReg  mpu6050.o
    0x08004990   0x08004990   0x0000006c   Code   RO          252    i.MX_DMA_Init       dma.o
    0x080049fc   0x080049fc   0x000000c8   Code   RO          228    i.MX_GPIO_Init      gpio.o
    0x08004ac4   0x08004ac4   0x00000058   Code   RO          278    i.MX_I2C1_Init      i2c.o
    0x08004b1c   0x08004b1c   0x00000058   Code   RO          279    i.MX_I2C2_Init      i2c.o
    0x08004b74   0x08004b74   0x00000050   Code   RO          326    i.MX_SPI2_Init      spi.o
    0x08004bc4   0x08004bc4   0x00000068   Code   RO          368    i.MX_TIM2_Init      tim.o
    0x08004c2c   0x08004c2c   0x00000068   Code   RO          410    i.MX_USART1_UART_Init  usart.o
    0x08004c94   0x08004c94   0x00000068   Code   RO          411    i.MX_USART2_UART_Init  usart.o
    0x08004cfc   0x08004cfc   0x00000002   Code   RO          469    i.MemManage_Handler  stm32g4xx_it.o
    0x08004cfe   0x08004cfe   0x00000002   Code   RO          470    i.NMI_Handler       stm32g4xx_it.o
    0x08004d00   0x08004d00   0x00000018   Code   RO         5297    i.OLED_Clear        oled.o
    0x08004d18   0x08004d18   0x00000072   Code   RO         5391    i.OLED_Draw_Glyph   utf8_font.o
    0x08004d8a   0x08004d8a   0x00000002   PAD
    0x08004d8c   0x08004d8c   0x0000002c   Code   RO         5298    i.OLED_Draw_Point   oled.o
    0x08004db8   0x08004db8   0x000000a6   Code   RO         5299    i.OLED_Init         oled.o
    0x08004e5e   0x08004e5e   0x00000002   PAD
    0x08004e60   0x08004e60   0x00000054   Code   RO         5300    i.OLED_Refresh      oled.o
    0x08004eb4   0x08004eb4   0x00000022   Code   RO         5301    i.OLED_Set_Pos      oled.o
    0x08004ed6   0x08004ed6   0x00000002   PAD
    0x08004ed8   0x08004ed8   0x00000098   Code   RO         5302    i.OLED_Show_Char    oled.o
    0x08004f70   0x08004f70   0x00000054   Code   RO         5306    i.OLED_Show_Str     oled.o
    0x08004fc4   0x08004fc4   0x00000094   Code   RO         5392    i.OLED_Show_UTF8    utf8_font.o
    0x08005058   0x08005058   0x00000024   Code   RO         5307    i.OLED_Write_Cmd    oled.o
    0x0800507c   0x0800507c   0x00000002   Code   RO          471    i.PendSV_Handler    stm32g4xx_it.o
    0x0800507e   0x0800507e   0x00000074   Code   RO         2683    i.SPI_EndRxTransaction  stm32g4xx_hal_spi.o
    0x080050f2   0x080050f2   0x00000048   Code   RO         2684    i.SPI_EndRxTxTransaction  stm32g4xx_hal_spi.o
    0x0800513a   0x0800513a   0x00000002   PAD
    0x0800513c   0x0800513c   0x00000050   Code   RO         4707    i.SPI_FLASH_BufferRead  bsp_spi_flash.o
    0x0800518c   0x0800518c   0x00000038   Code   RO         4710    i.SPI_FLASH_ClearProtect  bsp_spi_flash.o
    0x080051c4   0x080051c4   0x00000024   Code   RO         4711    i.SPI_FLASH_Init    bsp_spi_flash.o
    0x080051e8   0x080051e8   0x00000050   Code   RO         4715    i.SPI_FLASH_ReadID  bsp_spi_flash.o
    0x08005238   0x08005238   0x00000024   Code   RO         4716    i.SPI_FLASH_ReadStatusReg  bsp_spi_flash.o
    0x0800525c   0x0800525c   0x00000054   Code   RO         4718    i.SPI_FLASH_SendByte  bsp_spi_flash.o
    0x080052b0   0x080052b0   0x00000040   Code   RO         4721    i.SPI_FLASH_WaitForWriteEnd  bsp_spi_flash.o
    0x080052f0   0x080052f0   0x0000001c   Code   RO         4722    i.SPI_FLASH_WriteEnable  bsp_spi_flash.o
    0x0800530c   0x0800530c   0x00000040   Code   RO         4725    i.SPI_TIMEOUT_UserCallback  bsp_spi_flash.o
    0x0800534c   0x0800534c   0x000000e0   Code   RO         2689    i.SPI_WaitFifoStateUntilTimeout  stm32g4xx_hal_spi.o
    0x0800542c   0x0800542c   0x000000bc   Code   RO         2690    i.SPI_WaitFlagStateUntilTimeout  stm32g4xx_hal_spi.o
    0x080054e8   0x080054e8   0x00000002   Code   RO          472    i.SVC_Handler       stm32g4xx_it.o
    0x080054ea   0x080054ea   0x00000004   Code   RO          473    i.SysTick_Handler   stm32g4xx_it.o
    0x080054ee   0x080054ee   0x00000068   Code   RO           14    i.SystemClock_Config  main.o
    0x08005556   0x08005556   0x00000002   PAD
    0x08005558   0x08005558   0x00000010   Code   RO         4670    i.SystemInit        system_stm32g4xx.o
    0x08005568   0x08005568   0x0000000c   Code   RO          474    i.TIM2_IRQHandler   stm32g4xx_it.o
    0x08005574   0x08005574   0x000000b8   Code   RO         3081    i.TIM_Base_SetConfig  stm32g4xx_hal_tim.o
    0x0800562c   0x0800562c   0x00000014   Code   RO         3092    i.TIM_ETR_SetConfig  stm32g4xx_hal_tim.o
    0x08005640   0x08005640   0x00000014   Code   RO         3093    i.TIM_ITRx_SetConfig  stm32g4xx_hal_tim.o
    0x08005654   0x08005654   0x0000005c   Code   RO         3101    i.TIM_TI1_ConfigInputStage  stm32g4xx_hal_tim.o
    0x080056b0   0x080056b0   0x00000040   Code   RO         3103    i.TIM_TI2_ConfigInputStage  stm32g4xx_hal_tim.o
    0x080056f0   0x080056f0   0x00000044   Code   RO         4565    i.UARTEx_SetNbDataToProcess  stm32g4xx_hal_uart_ex.o
    0x08005734   0x08005734   0x000000c8   Code   RO         4174    i.UART_AdvFeatureConfig  stm32g4xx_hal_uart.o
    0x080057fc   0x080057fc   0x000000ac   Code   RO         4175    i.UART_CheckIdleState  stm32g4xx_hal_uart.o
    0x080058a8   0x080058a8   0x0000000a   Code   RO         4176    i.UART_DMAAbortOnError  stm32g4xx_hal_uart.o
    0x080058b2   0x080058b2   0x00000044   Code   RO         4177    i.UART_DMAError     stm32g4xx_hal_uart.o
    0x080058f6   0x080058f6   0x000000a0   Code   RO         4178    i.UART_DMAReceiveCplt  stm32g4xx_hal_uart.o
    0x08005996   0x08005996   0x0000003c   Code   RO         4180    i.UART_DMARxHalfCplt  stm32g4xx_hal_uart.o
    0x080059d2   0x080059d2   0x00000002   PAD
    0x080059d4   0x080059d4   0x00000054   Code   RO         4186    i.UART_EndRxTransfer  stm32g4xx_hal_uart.o
    0x08005a28   0x08005a28   0x0000002e   Code   RO         4187    i.UART_EndTxTransfer  stm32g4xx_hal_uart.o
    0x08005a56   0x08005a56   0x00000002   PAD
    0x08005a58   0x08005a58   0x00000274   Code   RO         4192    i.UART_SetConfig    stm32g4xx_hal_uart.o
    0x08005ccc   0x08005ccc   0x000000a8   Code   RO         4193    i.UART_Start_Receive_DMA  stm32g4xx_hal_uart.o
    0x08005d74   0x08005d74   0x00000094   Code   RO         4199    i.UART_WaitOnFlagUntilTimeout  stm32g4xx_hal_uart.o
    0x08005e08   0x08005e08   0x0000000c   Code   RO          475    i.USART1_IRQHandler  stm32g4xx_it.o
    0x08005e14   0x08005e14   0x0000000c   Code   RO          476    i.USART2_IRQHandler  stm32g4xx_it.o
    0x08005e20   0x08005e20   0x000000c6   Code   RO         5393    i.UTF8_Decode       utf8_font.o
    0x08005ee6   0x08005ee6   0x00000002   PAD
    0x08005ee8   0x08005ee8   0x000000e8   Code   RO         5394    i.UTF8_FONT_Diag    utf8_font.o
    0x08005fd0   0x08005fd0   0x0000007c   Code   RO         5396    i.UTF8_FONT_Lookup  utf8_font.o
    0x0800604c   0x0800604c   0x00000002   Code   RO          477    i.UsageFault_Handler  stm32g4xx_it.o
    0x0800604e   0x0800604e   0x00000002   PAD
    0x08006050   0x08006050   0x00000020   Code   RO         5728    i.__0printf         mc_w.l(printfa.o)
    0x08006070   0x08006070   0x00000028   Code   RO         5730    i.__0sprintf        mc_w.l(printfa.o)
    0x08006098   0x08006098   0x00000020   Code   RO         2508    i.__NVIC_SetPriority  stm32g4xx_hal_cortex.o
    0x080060b8   0x080060b8   0x00000038   Code   RO         5458    i.__hardfp_atof     m_wm.l(atof.o)
    0x080060f0   0x080060f0   0x0000003a   Code   RO         5464    i.__hardfp_sqrtf    m_wm.l(sqrtf.o)
    0x0800612a   0x0800612a   0x00000002   PAD
    0x0800612c   0x0800612c   0x0000000c   Code   RO         5808    i.__read_errno      mc_w.l(errno.o)
    0x08006138   0x08006138   0x0000000e   Code   RO         5854    i.__scatterload_copy  mc_w.l(handlers.o)
    0x08006146   0x08006146   0x00000002   Code   RO         5855    i.__scatterload_null  mc_w.l(handlers.o)
    0x08006148   0x08006148   0x0000000e   Code   RO         5856    i.__scatterload_zeroinit  mc_w.l(handlers.o)
    0x08006156   0x08006156   0x00000002   PAD
    0x08006158   0x08006158   0x0000000c   Code   RO         5809    i.__set_errno       mc_w.l(errno.o)
    0x08006164   0x08006164   0x00000184   Code   RO         5735    i._fp_digits        mc_w.l(printfa.o)
    0x080062e8   0x080062e8   0x0000000e   Code   RO         5845    i._is_digit         mc_w.l(scanf_fp.o)
    0x080062f6   0x080062f6   0x00000002   PAD
    0x080062f8   0x080062f8   0x000006dc   Code   RO         5736    i._printf_core      mc_w.l(printfa.o)
    0x080069d4   0x080069d4   0x00000024   Code   RO         5737    i._printf_post_padding  mc_w.l(printfa.o)
    0x080069f8   0x080069f8   0x0000002e   Code   RO         5738    i._printf_pre_padding  mc_w.l(printfa.o)
    0x08006a26   0x08006a26   0x0000000a   Code   RO         5740    i._sputc            mc_w.l(printfa.o)
    0x08006a30   0x08006a30   0x000000f4   Code   RO         5157    i.def_main          func.o
    0x08006b24   0x08006b24   0x00000018   Code   RO          412    i.fputc             usart.o
    0x08006b3c   0x08006b3c   0x00000030   Code   RO         5158    i.gps_uart_init     func.o
    0x08006b6c   0x08006b6c   0x00000140   Code   RO         5159    i.imu_fall_detect   func.o
    0x08006cac   0x08006cac   0x000000b4   Code   RO         5160    i.key_scan          func.o
    0x08006d60   0x08006d60   0x0000015c   Code   RO           15    i.main              main.o
    0x08006ebc   0x08006ebc   0x00000032   Code   RO         4895    i.maxim_find_peaks  algorithm.o
    0x08006eee   0x08006eee   0x00000002   PAD
    0x08006ef0   0x08006ef0   0x000003bc   Code   RO         4896    i.maxim_heart_rate_and_oxygen_saturation  algorithm.o
    0x080072ac   0x080072ac   0x0000006a   Code   RO         4897    i.maxim_peaks_above_min_height  algorithm.o
    0x08007316   0x08007316   0x00000002   PAD
    0x08007318   0x08007318   0x0000006c   Code   RO         4898    i.maxim_remove_close_peaks  algorithm.o
    0x08007384   0x08007384   0x00000032   Code   RO         4899    i.maxim_sort_ascend  algorithm.o
    0x080073b6   0x080073b6   0x00000002   PAD
    0x080073b8   0x080073b8   0x0000003a   Code   RO         4900    i.maxim_sort_indices_descend  algorithm.o
    0x080073f2   0x080073f2   0x00000002   PAD
    0x080073f4   0x080073f4   0x000000d0   Code   RO         5161    i.nav_scroll_update  func.o
    0x080074c4   0x080074c4   0x00000018   Code   RO         5397    i.read_uint32_le    utf8_font.o
    0x080074dc   0x080074dc   0x00000098   Code   RO         5162    i.send_imu_uart     func.o
    0x08007574   0x08007574   0x00000018   Code   RO         5163    i.send_init_status  func.o
    0x0800758c   0x0800758c   0x00000038   Code   RO         5164    i.send_sensor_uart  func.o
    0x080075c4   0x080075c4   0x00000024   Code   RO         5165    i.sersor_data       func.o
    0x080075e8   0x080075e8   0x00000138   Code   RO         5166    i.sersor_init       func.o
    0x08007720   0x08007720   0x00000030   Code   RO         5167    i.test_gps_update   func.o
    0x08007750   0x08007750   0x0000001c   Code   RO         5168    i.test_rand         func.o
    0x0800776c   0x0800776c   0x00000144   Code   RO         5169    i.test_sensor_update  func.o
    0x080078b0   0x080078b0   0x00000018   Data   RO         4200    .constdata          stm32g4xx_hal_uart.o
    0x080078c8   0x080078c8   0x00000010   Data   RO         4566    .constdata          stm32g4xx_hal_uart_ex.o
    0x080078d8   0x080078d8   0x00000010   Data   RO         4671    .constdata          system_stm32g4xx.o
    0x080078e8   0x080078e8   0x00000008   Data   RO         4672    .constdata          system_stm32g4xx.o
    0x080078f0   0x080078f0   0x000000c3   Data   RO         4902    .constdata          algorithm.o
    0x080079b3   0x080079b3   0x00000001   PAD
    0x080079b4   0x080079b4   0x00000040   Data   RO         5171    .constdata          func.o
    0x080079f4   0x080079f4   0x00000a64   Data   RO         5309    .constdata          oled.o
    0x08008458   0x08008458   0x00000040   Data   RO         5848    .constdata          mc_w.l(ctype_c.o)
    0x08008498   0x08008498   0x00000020   Data   RO         5852    Region$$Table       anon$$obj.o


    Execution Region RW_IRAM1 (Exec base: 0x20000000, Load base: 0x080084b8, Size: 0x00003610, Max: 0x00008000, ABSOLUTE)

    Exec Addr    Load Addr    Size         Type   Attr      Idx    E Section Name        Object

    0x20000000   0x080084b8   0x0000000c   Data   RW         1168    .data               stm32g4xx_hal.o
    0x2000000c   0x080084c4   0x00000004   Data   RW         4673    .data               system_stm32g4xx.o
    0x20000010   0x080084c8   0x00000004   Data   RW         4726    .data               bsp_spi_flash.o
    0x20000014   0x080084cc   0x00000010   Data   RW         4991    .data               mpu6050.o
    0x20000024   0x080084dc   0x00000004   Data   RW         5049    .data               bmp280.o
    0x20000028   0x080084e0   0x00000060   Data   RW         5172    .data               func.o
    0x20000088   0x08008540   0x00000004   Data   RW         5800    .data               mc_w.l(stdout.o)
    0x2000008c   0x08008544   0x00000004   Data   RW         5810    .data               mc_w.l(errno.o)
    0x20000090        -       0x000000a8   Zero   RW          280    .bss                i2c.o
    0x20000138        -       0x00000064   Zero   RW          327    .bss                spi.o
    0x2000019c        -       0x0000004c   Zero   RW          369    .bss                tim.o
    0x200001e8        -       0x000002a8   Zero   RW          413    .bss                usart.o
    0x20000490        -       0x00001770   Zero   RW         4901    .bss                algorithm.o
    0x20001c00        -       0x00000018   Zero   RW         5048    .bss                bmp280.o
    0x20001c18        -       0x000013f8   Zero   RW         5170    .bss                func.o
    0x20003010        -       0x00000200   Zero   RW         5308    .bss                oled.o
    0x20003210        -       0x00000400   Zero   RW            1    STACK               startup_stm32g431xx.o


==============================================================================

Image component sizes


      Code (inc. data)   RO Data    RW Data    ZI Data      Debug   Object Name

      1328         22        195          0       6000       7985   algorithm.o
        58          6          0          0          0       1534   bh1750.o
       868         50          0          4         24       6869   bmp280.o
       528        108          0          4          0       6509   bsp_spi_flash.o
       108          4          0          0          0        942   dma.o
      3176        608         64         96       5112      20371   func.o
       200         12          0          0          0       1091   gpio.o
       472         44          0          0        168       2818   i2c.o
       456         98          0          0          0     667057   main.o
       864        340          0          0          0       5164   max30102.o
       584         38          0         16          0       4323   mpu6050.o
       624         32       2660          0        512       6790   oled.o
       180         22          0          0        100       1901   spi.o
        36          8        472          0       1024        832   startup_stm32g431xx.o
       162         24          0         12          0       4697   stm32g4xx_hal.o
       198         14          0          0          0      34179   stm32g4xx_hal_cortex.o
       928         30          0          0          0       7178   stm32g4xx_hal_dma.o
       584         32          0          0          0       3179   stm32g4xx_hal_gpio.o
      2068         46          0          0          0      14372   stm32g4xx_hal_i2c.o
       168          0          0          0          0       2067   stm32g4xx_hal_i2c_ex.o
        48          6          0          0          0        974   stm32g4xx_hal_msp.o
       204         18          0          0          0       1513   stm32g4xx_hal_pwr_ex.o
      1688         92          0          0          0       6600   stm32g4xx_hal_rcc.o
       648         10          0          0          0       2004   stm32g4xx_hal_rcc_ex.o
      2240         10          0          0          0      10334   stm32g4xx_hal_spi.o
      1280        106          0          0          0      11121   stm32g4xx_hal_tim.o
       170         24          0          0          0       5908   stm32g4xx_hal_tim_ex.o
      2836         98         24          0          0      35944   stm32g4xx_hal_uart.o
       362          6         16          0          0       6749   stm32g4xx_hal_uart_ex.o
       104         42          0          0          0       8344   stm32g4xx_it.o
        16          4         24          4          0       1283   system_stm32g4xx.o
       160         12          0          0         76       1910   tim.o
       676         50          0          0        680       3891   usart.o
       840        158          0          0          0       6571   utf8_font.o

    ----------------------------------------------------------------------
     24916       2174       3488        136      13696     903004   Object Totals
         0          0         32          0          0          0   (incl. Generated)
        54          0          1          0          0          0   (incl. Padding)

    ----------------------------------------------------------------------

      Code (inc. data)   RO Data    RW Data    ZI Data      Debug   Library Member Name

        56         12          0          0          0        132   atof.o
        58          0          0          0          0        136   sqrtf.o
        64          0          0          0          0         84   _sgetc.o
        40          6         64          0          0         68   ctype_c.o
         0          0          0          0          0          0   entry.o
         0          0          0          0          0          0   entry10a.o
         0          0          0          0          0          0   entry11a.o
         8          4          0          0          0          0   entry2.o
         4          0          0          0          0          0   entry5.o
         0          0          0          0          0          0   entry7b.o
         0          0          0          0          0          0   entry8b.o
         8          4          0          0          0          0   entry9a.o
        24         12          0          4          0        136   errno.o
        30          0          0          0          0          0   handlers.o
        36          8          0          0          0         68   init.o
        10          0          0          0          0         68   isspace_c.o
         0          0          0          0          0          0   iusefp.o
        98          0          0          0          0         84   ldiv.o
        30          0          0          0          0         68   llshl.o
        36          0          0          0          0         68   llsshr.o
        32          0          0          0          0         68   llushr.o
        36          0          0          0          0         68   memcpya.o
        36          0          0          0          0        108   memseta.o
      2308         96          0          0          0        604   printfa.o
       878         12          0          0          0        216   scanf_fp.o
         0          0          0          4          0          0   stdout.o
        20          0          0          0          0         68   strchr.o
        14          0          0          0          0         68   strlen.o
        36          0          0          0          0         80   strstr.o
       156         12          0          0          0        120   strtod.o
        44          0          0          0          0         80   uidiv.o
        98          0          0          0          0         92   uldiv.o
        48          0          0          0          0         68   cdrcmple.o
        56          0          0          0          0         88   d2f.o
       334          0          0          0          0        148   dadd.o
       222          0          0          0          0        100   ddiv.o
       186          0          0          0          0        176   depilogue.o
        48          0          0          0          0         68   dfixul.o
        24          0          0          0          0         76   dfltul.o
       228          0          0          0          0         96   dmul.o
        38          0          0          0          0         68   f2d.o
       110          0          0          0          0        168   fepilogue.o
        44          0          0          0          0         92   ffltl.o

    ----------------------------------------------------------------------
      5508        166         64          8          0       3632   Library Totals
        10          0          0          0          0          0   (incl. Padding)

    ----------------------------------------------------------------------

      Code (inc. data)   RO Data    RW Data    ZI Data      Debug   Library Name

       114         12          0          0          0        268   m_wm.l
      4046        154         64          8          0       2216   mc_w.l
      1338          0          0          0          0       1148   mf_w.l

    ----------------------------------------------------------------------
      5508        166         64          8          0       3632   Library Totals

    ----------------------------------------------------------------------

==============================================================================


      Code (inc. data)   RO Data    RW Data    ZI Data      Debug   

     30424       2340       3552        144      13696     885672   Grand Totals
     30424       2340       3552        144      13696     885672   ELF Image Totals
     30424       2340       3552        144          0          0   ROM Totals

==============================================================================

    Total RO  Size (Code + RO Data)                33976 (  33.18kB)
    Total RW  Size (RW Data + ZI Data)             13840 (  13.52kB)
    Total ROM Size (Code + RO Data + RW Data)      34120 (  33.32kB)

==============================================================================

