Component: ARM Compiler 5.06 update 4 (build 422) Tool: armlink [4d35d2]

==============================================================================

Section Cross References

    startup_stm32f407xx.o(RESET) refers to startup_stm32f407xx.o(STACK) for __initial_sp
    startup_stm32f407xx.o(RESET) refers to startup_stm32f407xx.o(.text) for Reset_Handler
    startup_stm32f407xx.o(RESET) refers to stm32f4xx_it.o(i.NMI_Handler) for NMI_Handler
    startup_stm32f407xx.o(RESET) refers to stm32f4xx_it.o(i.HardFault_Handler) for HardFault_Handler
    startup_stm32f407xx.o(RESET) refers to stm32f4xx_it.o(i.MemManage_Handler) for MemManage_Handler
    startup_stm32f407xx.o(RESET) refers to stm32f4xx_it.o(i.BusFault_Handler) for BusFault_Handler
    startup_stm32f407xx.o(RESET) refers to stm32f4xx_it.o(i.UsageFault_Handler) for UsageFault_Handler
    startup_stm32f407xx.o(RESET) refers to stm32f4xx_it.o(i.SVC_Handler) for SVC_Handler
    startup_stm32f407xx.o(RESET) refers to stm32f4xx_it.o(i.DebugMon_Handler) for DebugMon_Handler
    startup_stm32f407xx.o(RESET) refers to stm32f4xx_it.o(i.PendSV_Handler) for PendSV_Handler
    startup_stm32f407xx.o(RESET) refers to stm32f4xx_it.o(i.SysTick_Handler) for SysTick_Handler
    startup_stm32f407xx.o(RESET) refers to stm32f4xx_it.o(i.EXTI4_IRQHandler) for EXTI4_IRQHandler
    startup_stm32f407xx.o(RESET) refers to stm32f4xx_it.o(i.DMA1_Stream5_IRQHandler) for DMA1_Stream5_IRQHandler
    startup_stm32f407xx.o(RESET) refers to stm32f4xx_it.o(i.DMA1_Stream6_IRQHandler) for DMA1_Stream6_IRQHandler
    startup_stm32f407xx.o(RESET) refers to stm32f4xx_it.o(i.EXTI9_5_IRQHandler) for EXTI9_5_IRQHandler
    startup_stm32f407xx.o(RESET) refers to stm32f4xx_it.o(i.USART1_IRQHandler) for USART1_IRQHandler
    startup_stm32f407xx.o(RESET) refers to stm32f4xx_it.o(i.USART2_IRQHandler) for USART2_IRQHandler
    startup_stm32f407xx.o(RESET) refers to stm32f4xx_it.o(i.DMA2_Stream2_IRQHandler) for DMA2_Stream2_IRQHandler
    startup_stm32f407xx.o(RESET) refers to stm32f4xx_it.o(i.DMA2_Stream7_IRQHandler) for DMA2_Stream7_IRQHandler
    startup_stm32f407xx.o(.text) refers to system_stm32f4xx.o(i.SystemInit) for SystemInit
    startup_stm32f407xx.o(.text) refers to entry.o(.ARM.Collect$$$$00000000) for __main
    main.o(i.SystemClock_Config) refers to memseta.o(.text) for __aeabi_memclr4
    main.o(i.SystemClock_Config) refers to stm32f4xx_hal_rcc.o(i.HAL_RCC_OscConfig) for HAL_RCC_OscConfig
    main.o(i.SystemClock_Config) refers to main.o(i.Error_Handler) for Error_Handler
    main.o(i.SystemClock_Config) refers to stm32f4xx_hal_rcc.o(i.HAL_RCC_ClockConfig) for HAL_RCC_ClockConfig
    main.o(i.main) refers to stm32f4xx_hal.o(i.HAL_Init) for HAL_Init
    main.o(i.main) refers to main.o(i.SystemClock_Config) for SystemClock_Config
    main.o(i.main) refers to gpio.o(i.MX_GPIO_Init) for MX_GPIO_Init
    main.o(i.main) refers to dma.o(i.MX_DMA_Init) for MX_DMA_Init
    main.o(i.main) refers to i2c.o(i.MX_I2C1_Init) for MX_I2C1_Init
    main.o(i.main) refers to usart.o(i.MX_USART1_UART_Init) for MX_USART1_UART_Init
    main.o(i.main) refers to spi.o(i.MX_SPI1_Init) for MX_SPI1_Init
    main.o(i.main) refers to usart.o(i.MX_USART2_UART_Init) for MX_USART2_UART_Init
    main.o(i.main) refers to bsp_spi_flash.o(i.SPI_FLASH_Init) for SPI_FLASH_Init
    main.o(i.main) refers to bsp_spi_flash.o(i.SPI_FLASH_ClearProtect) for SPI_FLASH_ClearProtect
    main.o(i.main) refers to bsp_spi_flash.o(i.SPI_FLASH_ReadID) for SPI_FLASH_ReadID
    main.o(i.main) refers to printfa.o(i.__0printf) for __2printf
    main.o(i.main) refers to oled.o(i.OLED_Init) for OLED_Init
    main.o(i.main) refers to oled.o(i.OLED_Clear) for OLED_Clear
    main.o(i.main) refers to oledfont.o(i.GB2312_IsFontReady) for GB2312_IsFontReady
    main.o(i.main) refers to oled.o(i.OLED_ShowString) for OLED_ShowString
    main.o(i.main) refers to stm32f4xx_hal.o(i.HAL_Delay) for HAL_Delay
    main.o(i.main) refers to gps.o(i.GPS_Init) for GPS_Init
    main.o(i.main) refers to stm32f4xx_hal_uart.o(i.HAL_UARTEx_ReceiveToIdle_DMA) for HAL_UARTEx_ReceiveToIdle_DMA
    main.o(i.main) refers to gps.o(i.GPS_Get_Latitude) for GPS_Get_Latitude
    main.o(i.main) refers to f2d.o(.text) for __aeabi_f2d
    main.o(i.main) refers to printfa.o(i.__0sprintf) for __2sprintf
    main.o(i.main) refers to gps.o(i.GPS_Get_Longitude) for GPS_Get_Longitude
    main.o(i.main) refers to oled.o(i.OLED_ShowString_UTF8) for OLED_ShowString_UTF8
    main.o(i.main) refers to oled.o(i.OLED_ShowString_GB2312) for OLED_ShowString_GB2312
    main.o(i.main) refers to key.o(i.key_transmit) for key_transmit
    main.o(i.main) refers to gps.o(.bss) for get_gps_flag_buf
    main.o(i.main) refers to usart.o(.bss) for huart2
    main.o(i.main) refers to gps.o(.data) for nav_text_ready
    gpio.o(i.MX_GPIO_Init) refers to memseta.o(.text) for __aeabi_memclr4
    gpio.o(i.MX_GPIO_Init) refers to stm32f4xx_hal_gpio.o(i.HAL_GPIO_WritePin) for HAL_GPIO_WritePin
[...]
    ../clib/scanf.c                          0x00000000   Number         0  atoi.o ABSOLUTE
    ../clib/scanf.c                          0x00000000   Number         0  _strtoul.o ABSOLUTE
    ../clib/scanf.c                          0x00000000   Number         0  _sgetc.o ABSOLUTE
    ../clib/scanf.c                          0x00000000   Number         0  _chval.o ABSOLUTE
    ../clib/scanf.c                          0x00000000   Number         0  strtol.o ABSOLUTE
    ../clib/scanf.c                          0x00000000   Number         0  strtod.o ABSOLUTE
    ../clib/scanf.c                          0x00000000   Number         0  scanf_fp.o ABSOLUTE
    ../fplib/microlib/d2f.c                  0x00000000   Number         0  d2f.o ABSOLUTE
    ../fplib/microlib/f2d.c                  0x00000000   Number         0  f2d.o ABSOLUTE
    ../fplib/microlib/fpadd.c                0x00000000   Number         0  dadd.o ABSOLUTE
    ../fplib/microlib/fpdiv.c                0x00000000   Number         0  ddiv.o ABSOLUTE
    ../fplib/microlib/fpepilogue.c           0x00000000   Number         0  depilogue.o ABSOLUTE
    ../fplib/microlib/fpepilogue.c           0x00000000   Number         0  fepilogue.o ABSOLUTE
    ../fplib/microlib/fpfix.c                0x00000000   Number         0  dfixul.o ABSOLUTE
    ../fplib/microlib/fpflt.c                0x00000000   Number         0  dfltul.o ABSOLUTE
    ../fplib/microlib/fpmul.c                0x00000000   Number         0  dmul.o ABSOLUTE
    ../mathlib/atof.c                        0x00000000   Number         0  atof.o ABSOLUTE
    ..\BSP\GPS\gps.c                         0x00000000   Number         0  gps.o ABSOLUTE
    ..\BSP\KEY\key.c                         0x00000000   Number         0  key.o ABSOLUTE
    ..\BSP\OLED\oled.c                       0x00000000   Number         0  oled.o ABSOLUTE
    ..\BSP\OLED\oledfont.c                   0x00000000   Number         0  oledfont.o ABSOLUTE
    ..\BSP\W25Q16\bsp_spi_flash.c            0x00000000   Number         0  bsp_spi_flash.o ABSOLUTE
    ..\Core\Src\dma.c                        0x00000000   Number         0  dma.o ABSOLUTE
    ..\Core\Src\gpio.c                       0x00000000   Number         0  gpio.o ABSOLUTE
    ..\Core\Src\i2c.c                        0x00000000   Number         0  i2c.o ABSOLUTE
    ..\Core\Src\main.c                       0x00000000   Number         0  main.o ABSOLUTE
    ..\Core\Src\spi.c                        0x00000000   Number         0  spi.o ABSOLUTE
    ..\Core\Src\stm32f4xx_hal_msp.c          0x00000000   Number         0  stm32f4xx_hal_msp.o ABSOLUTE
    ..\Core\Src\stm32f4xx_it.c               0x00000000   Number         0  stm32f4xx_it.o ABSOLUTE
    ..\Core\Src\system_stm32f4xx.c           0x00000000   Number         0  system_stm32f4xx.o ABSOLUTE
    ..\Core\Src\usart.c                      0x00000000   Number         0  usart.o ABSOLUTE
    ..\Core\Src\utf8_gb2312.c                0x00000000   Number         0  utf8_gb2312.o ABSOLUTE
    ..\Drivers\STM32F4xx_HAL_Driver\Src\stm32f4xx_hal.c 0x00000000   Number         0  stm32f4xx_hal.o ABSOLUTE
    ..\Drivers\STM32F4xx_HAL_Driver\Src\stm32f4xx_hal_cortex.c 0x00000000   Number         0  stm32f4xx_hal_cortex.o ABSOLUTE
    ..\Drivers\STM32F4xx_HAL_Driver\Src\stm32f4xx_hal_dma.c 0x00000000   Number         0  stm32f4xx_hal_dma.o ABSOLUTE
    ..\Drivers\STM32F4xx_HAL_Driver\Src\stm32f4xx_hal_dma_ex.c 0x00000000   Number         0  stm32f4xx_hal_dma_ex.o ABSOLUTE
    ..\Drivers\STM32F4xx_HAL_Driver\Src\stm32f4xx_hal_exti.c 0x00000000   Number         0  stm32f4xx_hal_exti.o ABSOLUTE
    ..\Drivers\STM32F4xx_HAL_Driver\Src\stm32f4xx_hal_flash.c 0x00000000   Number         0  stm32f4xx_hal_flash.o ABSOLUTE
    ..\Drivers\STM32F4xx_HAL_Driver\Src\stm32f4xx_hal_flash_ex.c 0x00000000   Number         0  stm32f4xx_hal_flash_ex.o ABSOLUTE
    ..\Drivers\STM32F4xx_HAL_Driver\Src\stm32f4xx_hal_flash_ramfunc.c 0x00000000   Number         0  stm32f4xx_hal_flash_ramfunc.o ABSOLUTE
    ..\Drivers\STM32F4xx_HAL_Driver\Src\stm32f4xx_hal_gpio.c 0x00000000   Number         0  stm32f4xx_hal_gpio.o ABSOLUTE
    ..\Drivers\STM32F4xx_HAL_Driver\Src\stm32f4xx_hal_i2c.c 0x00000000   Number         0  stm32f4xx_hal_i2c.o ABSOLUTE
    ..\Drivers\STM32F4xx_HAL_Driver\Src\stm32f4xx_hal_i2c_ex.c 0x00000000   Number         0  stm32f4xx_hal_i2c_ex.o ABSOLUTE
    ..\Drivers\STM32F4xx_HAL_Driver\Src\stm32f4xx_hal_pwr.c 0x00000000   Number         0  stm32f4xx_hal_pwr.o ABSOLUTE
    ..\Drivers\STM32F4xx_HAL_Driver\Src\stm32f4xx_hal_pwr_ex.c 0x00000000   Number         0  stm32f4xx_hal_pwr_ex.o ABSOLUTE
    ..\Drivers\STM32F4xx_HAL_Driver\Src\stm32f4xx_hal_rcc.c 0x00000000   Number         0  stm32f4xx_hal_rcc.o ABSOLUTE
    ..\Drivers\STM32F4xx_HAL_Driver\Src\stm32f4xx_hal_rcc_ex.c 0x00000000   Number         0  stm32f4xx_hal_rcc_ex.o ABSOLUTE
    ..\Drivers\STM32F4xx_HAL_Driver\Src\stm32f4xx_hal_spi.c 0x00000000   Number         0  stm32f4xx_hal_spi.o ABSOLUTE
    ..\Drivers\STM32F4xx_HAL_Driver\Src\stm32f4xx_hal_uart.c 0x00000000   Number         0  stm32f4xx_hal_uart.o ABSOLUTE
    ..\\BSP\\GPS\\gps.c                      0x00000000   Number         0  gps.o ABSOLUTE
    ..\\BSP\\KEY\\key.c                      0x00000000   Number         0  key.o ABSOLUTE
    ..\\BSP\\OLED\\oled.c                    0x00000000   Number         0  oled.o ABSOLUTE
    ..\\BSP\\OLED\\oledfont.c                0x00000000   Number         0  oledfont.o ABSOLUTE
    ..\\BSP\\W25Q16\\bsp_spi_flash.c         0x00000000   Number         0  bsp_spi_flash.o ABSOLUTE
    cdrcmple.s                               0x00000000   Number         0  cdrcmple.o ABSOLUTE
    dc.s                                     0x00000000   Number         0  dc.o ABSOLUTE
    handlers.s                               0x00000000   Number         0  handlers.o ABSOLUTE
    init.s                                   0x00000000   Number         0  init.o ABSOLUTE
    startup_stm32f407xx.s                    0x00000000   Number         0  startup_stm32f407xx.o ABSOLUTE
    RESET                                    0x08000000   Section      392  startup_stm32f407xx.o(RESET)
    .ARM.Collect$$$$00000000                 0x08000188   Section        0  entry.o(.ARM.Collect$$$$00000000)
    .ARM.Collect$$$$00000001                 0x08000188   Section        4  entry2.o(.ARM.Collect$$$$00000001)
    .ARM.Collect$$$$00000004                 0x0800018c   Section        4  entry5.o(.ARM.Collect$$$$00000004)
    .ARM.Collect$$$$00000008                 0x08000190   Section        0  entry7b.o(.ARM.Collect$$$$00000008)
    .ARM.Collect$$$$0000000A                 0x08000190   Section        0  entry8b.o(.ARM.Collect$$$$0000000A)
    .ARM.Collect$$$$0000000B                 0x08000190   Section        8  entry9a.o(.ARM.Collect$$$$0000000B)
    .ARM.Collect$$$$0000000D                 0x08000198   Section        0  entry10a.o(.ARM.Collect$$$$0000000D)
    .ARM.Collect$$$$0000000F                 0x08000198   Section        0  entry11a.o(.ARM.Collect$$$$0000000F)
    .ARM.Collect$$$$00002712                 0x08000198   Section        4  entry2.o(.ARM.Collect$$$$00002712)
    __lit__00000000                          0x08000198   Data           4  entry2.o(.ARM.Collect$$$$00002712)
    .text                                    0x0800019c   Section       36  startup_stm32f407xx.o(.text)
    $v0                                      0x0800019c   Number         0  startup_stm32f407xx.o(.text)
    .text                                    0x080001c0   Section        0  uldiv.o(.text)
    .text                                    0x08000222   Section        0  memcpya.o(.text)
    .text                                    0x08000246   Section        0  memseta.o(.text)
    .text                                    0x0800026a   Section        0  strstr.o(.text)
    .text                                    0x0800028e   Section        0  strchr.o(.text)
    .text                                    0x080002a2   Section        0  strlen.o(.text)
    .text                                    0x080002b0   Section        0  strtok.o(.text)
    .text                                    0x080002f4   Section        0  atoi.o(.text)
    .text                                    0x0800030e   Section        0  f2d.o(.text)
    .text                                    0x08000334   Section        0  d2f.o(.text)
    .text                                    0x0800036c   Section        0  uidiv.o(.text)
    .text                                    0x08000398   Section        0  llshl.o(.text)
    .text                                    0x080003b6   Section        0  llushr.o(.text)
    .text                                    0x080003d8   Section        0  strtod.o(.text)
    _local_sscanf                            0x080003d9   Thumb Code    54  strtod.o(.text)
    .text                                    0x08000474   Section        0  strtol.o(.text)
    .text                                    0x080004e4   Section        0  fepilogue.o(.text)
    .text                                    0x080004e4   Section        0  iusefp.o(.text)
    .text                                    0x08000552   Section        0  dadd.o(.text)
    .text                                    0x080006a0   Section        0  dmul.o(.text)
    .text                                    0x08000784   Section        0  ddiv.o(.text)
    .text                                    0x08000862   Section        0  dfixul.o(.text)
    .text                                    0x08000894   Section       48  cdrcmple.o(.text)
    .text                                    0x080008c4   Section       36  init.o(.text)
    .text                                    0x080008e8   Section        0  llsshr.o(.text)
    .text                                    0x0800090c   Section        0  ctype_o.o(.text)
    .text                                    0x08000914   Section        0  isspace_o.o(.text)
    .text                                    0x08000928   Section        0  scanf_fp.o(.text)
    _fp_value                                0x08000929   Thumb Code   256  scanf_fp.o(.text)
    .text                                    0x08000c60   Section        0  _sgetc.o(.text)
    .text                                    0x08000ca0   Section        0  _strtoul.o(.text)
    .text                                    0x08000d3e   Section        0  depilogue.o(.text)
    .text                                    0x08000df8   Section        0  _chval.o(.text)
    .text                                    0x08000e14   Section        0  dfltul.o(.text)
    i.BusFault_Handler                       0x08000e2c   Section        0  stm32f4xx_it.o(i.BusFault_Handler)
    i.DMA1_Stream5_IRQHandler                0x08000e30   Section        0  stm32f4xx_it.o(i.DMA1_Stream5_IRQHandler)
    i.DMA1_Stream6_IRQHandler                0x08000e40   Section        0  stm32f4xx_it.o(i.DMA1_Stream6_IRQHandler)
    i.DMA2_Stream2_IRQHandler                0x08000e50   Section        0  stm32f4xx_it.o(i.DMA2_Stream2_IRQHandler)
    i.DMA2_Stream7_IRQHandler                0x08000e60   Section        0  stm32f4xx_it.o(i.DMA2_Stream7_IRQHandler)
    i.DMA_CalcBaseAndBitshift                0x08000e70   Section        0  stm32f4xx_hal_dma.o(i.DMA_CalcBaseAndBitshift)
    DMA_CalcBaseAndBitshift                  0x08000e71   Thumb Code    46  stm32f4xx_hal_dma.o(i.DMA_CalcBaseAndBitshift)
    i.DMA_CheckFifoParam                     0x08000ea4   Section        0  stm32f4xx_hal_dma.o(i.DMA_CheckFifoParam)
    DMA_CheckFifoParam                       0x08000ea5   Thumb Code   170  stm32f4xx_hal_dma.o(i.DMA_CheckFifoParam)
    i.DMA_SetConfig                          0x08000f4e   Section        0  stm32f4xx_hal_dma.o(i.DMA_SetConfig)
    DMA_SetConfig                            0x08000f4f   Thumb Code    44  stm32f4xx_hal_dma.o(i.DMA_SetConfig)
    i.DM_To_DD                               0x08000f7c   Section        0  gps.o(i.DM_To_DD)
    DM_To_DD                                 0x08000f7d   Thumb Code    82  gps.o(i.DM_To_DD)
    i.DebugMon_Handler                       0x08000fd8   Section        0  stm32f4xx_it.o(i.DebugMon_Handler)
    i.EXTI4_IRQHandler                       0x08000fda   Section        0  stm32f4xx_it.o(i.EXTI4_IRQHandler)
    i.EXTI9_5_IRQHandler                     0x08000fe4   Section        0  stm32f4xx_it.o(i.EXTI9_5_IRQHandler)
    i.Error_Handler                          0x08000ffa   Section        0  main.o(i.Error_Handler)
    i.GB2312_CodeToIndex                     0x08001000   Section        0  oledfont.o(i.GB2312_CodeToIndex)
    i.GB2312_GetFontByIndex                  0x08001032   Section        0  oledfont.o(i.GB2312_GetFontByIndex)
    i.GB2312_IsFontReady                     0x0800105a   Section        0  oledfont.o(i.GB2312_IsFontReady)
    i.GPS_Get_Latitude                       0x08001090   Section        0  gps.o(i.GPS_Get_Latitude)
    i.GPS_Get_Longitude                      0x0800109c   Section        0  gps.o(i.GPS_Get_Longitude)
    i.GPS_Init                               0x080010a8   Section        0  gps.o(i.GPS_Init)
    i.GPS_Parse_Data                         0x080010cc   Section        0  gps.o(i.GPS_Parse_Data)
    i.HAL_DMA_Abort                          0x08001280   Section        0  stm32f4xx_hal_dma.o(i.HAL_DMA_Abort)
    i.HAL_DMA_Abort_IT                       0x0800132c   Section        0  stm32f4xx_hal_dma.o(i.HAL_DMA_Abort_IT)
    i.HAL_DMA_IRQHandler                     0x08001354   Section        0  stm32f4xx_hal_dma.o(i.HAL_DMA_IRQHandler)
    i.HAL_DMA_Init                           0x08001594   Section        0  stm32f4xx_hal_dma.o(i.HAL_DMA_Init)
    i.HAL_DMA_Start_IT                       0x08001680   Section        0  stm32f4xx_hal_dma.o(i.HAL_DMA_Start_IT)
    i.HAL_Delay                              0x08001714   Section        0  stm32f4xx_hal.o(i.HAL_Delay)
    i.HAL_GPIO_EXTI_Callback                 0x0800173c   Section        0  key.o(i.HAL_GPIO_EXTI_Callback)
    i.HAL_GPIO_EXTI_IRQHandler               0x080017a8   Section        0  stm32f4xx_hal_gpio.o(i.HAL_GPIO_EXTI_IRQHandler)
    i.HAL_GPIO_Init                          0x080017c4   Section        0  stm32f4xx_hal_gpio.o(i.HAL_GPIO_Init)
    i.HAL_GPIO_ReadPin                       0x080019b8   Section        0  stm32f4xx_hal_gpio.o(i.HAL_GPIO_ReadPin)
    i.HAL_GPIO_WritePin                      0x080019c8   Section        0  stm32f4xx_hal_gpio.o(i.HAL_GPIO_WritePin)
    i.HAL_GetTick                            0x080019d4   Section        0  stm32f4xx_hal.o(i.HAL_GetTick)
    i.HAL_I2C_Init                           0x080019e0   Section        0  stm32f4xx_hal_i2c.o(i.HAL_I2C_Init)
    i.HAL_I2C_Mem_Write                      0x08001bb0   Section        0  stm32f4xx_hal_i2c.o(i.HAL_I2C_Mem_Write)
    i.HAL_I2C_MspInit                        0x08001d14   Section        0  i2c.o(i.HAL_I2C_MspInit)
    i.HAL_IncTick                            0x08001d9c   Section        0  stm32f4xx_hal.o(i.HAL_IncTick)
    i.HAL_Init                               0x08001db4   Section        0  stm32f4xx_hal.o(i.HAL_Init)
    i.HAL_InitTick                           0x08001df0   Section        0  stm32f4xx_hal.o(i.HAL_InitTick)
    i.HAL_MspInit                            0x08001e3c   Section        0  stm32f4xx_hal_msp.o(i.HAL_MspInit)
    i.HAL_NVIC_EnableIRQ                     0x08001e84   Section        0  stm32f4xx_hal_cortex.o(i.HAL_NVIC_EnableIRQ)
    i.HAL_NVIC_SetPriority                   0x08001eac   Section        0  stm32f4xx_hal_cortex.o(i.HAL_NVIC_SetPriority)
    i.HAL_NVIC_SetPriorityGrouping           0x08001f28   Section        0  stm32f4xx_hal_cortex.o(i.HAL_NVIC_SetPriorityGrouping)
    i.HAL_RCC_ClockConfig                    0x08001f50   Section        0  stm32f4xx_hal_rcc.o(i.HAL_RCC_ClockConfig)
    i.HAL_RCC_GetHCLKFreq                    0x080020d4   Section        0  stm32f4xx_hal_rcc.o(i.HAL_RCC_GetHCLKFreq)
    i.HAL_RCC_GetPCLK1Freq                   0x080020e0   Section        0  stm32f4xx_hal_rcc.o(i.HAL_RCC_GetPCLK1Freq)
    i.HAL_RCC_GetPCLK2Freq                   0x08002100   Section        0  stm32f4xx_hal_rcc.o(i.HAL_RCC_GetPCLK2Freq)
    i.HAL_RCC_GetSysClockFreq                0x08002120   Section        0  stm32f4xx_hal_rcc.o(i.HAL_RCC_GetSysClockFreq)
    i.HAL_RCC_OscConfig                      0x080021d0   Section        0  stm32f4xx_hal_rcc.o(i.HAL_RCC_OscConfig)
    i.HAL_SPI_Init                           0x0800266c   Section        0  stm32f4xx_hal_spi.o(i.HAL_SPI_Init)
    i.HAL_SPI_MspInit                        0x08002734   Section        0  spi.o(i.HAL_SPI_MspInit)
    i.HAL_SYSTICK_Config                     0x080027bc   Section        0  stm32f4xx_hal_cortex.o(i.HAL_SYSTICK_Config)
    i.HAL_UARTEx_ReceiveToIdle_DMA           0x080027f0   Section        0  stm32f4xx_hal_uart.o(i.HAL_UARTEx_ReceiveToIdle_DMA)
    i.HAL_UARTEx_RxEventCallback             0x08002860   Section        0  gps.o(i.HAL_UARTEx_RxEventCallback)
    i.HAL_UART_ErrorCallback                 0x080029a4   Section        0  stm32f4xx_hal_uart.o(i.HAL_UART_ErrorCallback)
    i.HAL_UART_IRQHandler                    0x080029a8   Section        0  stm32f4xx_hal_uart.o(i.HAL_UART_IRQHandler)
    i.HAL_UART_Init                          0x08002cb0   Section        0  stm32f4xx_hal_uart.o(i.HAL_UART_Init)
    i.HAL_UART_MspInit                       0x08002d28   Section        0  usart.o(i.HAL_UART_MspInit)
    i.HAL_UART_RxCpltCallback                0x08002f4c   Section        0  stm32f4xx_hal_uart.o(i.HAL_UART_RxCpltCallback)
    i.HAL_UART_RxHalfCpltCallback            0x08002f4e   Section        0  stm32f4xx_hal_uart.o(i.HAL_UART_RxHalfCpltCallback)
    i.HAL_UART_Transmit                      0x08002f50   Section        0  stm32f4xx_hal_uart.o(i.HAL_UART_Transmit)
    i.HAL_UART_TxCpltCallback                0x0800300e   Section        0  stm32f4xx_hal_uart.o(i.HAL_UART_TxCpltCallback)
    i.HZK16_To_OLED                          0x08003010   Section        0  oled.o(i.HZK16_To_OLED)
    HZK16_To_OLED                            0x08003011   Thumb Code   142  oled.o(i.HZK16_To_OLED)
    i.HardFault_Handler                      0x0800309e   Section        0  stm32f4xx_it.o(i.HardFault_Handler)
    i.I2C_IsAcknowledgeFailed                0x080030a2   Section        0  stm32f4xx_hal_i2c.o(i.I2C_IsAcknowledgeFailed)
    I2C_IsAcknowledgeFailed                  0x080030a3   Thumb Code    62  stm32f4xx_hal_i2c.o(i.I2C_IsAcknowledgeFailed)
    i.I2C_RequestMemoryWrite                 0x080030e0   Section        0  stm32f4xx_hal_i2c.o(i.I2C_RequestMemoryWrite)
    I2C_RequestMemoryWrite                   0x080030e1   Thumb Code   220  stm32f4xx_hal_i2c.o(i.I2C_RequestMemoryWrite)
    i.I2C_WaitOnBTFFlagUntilTimeout          0x080031c0   Section        0  stm32f4xx_hal_i2c.o(i.I2C_WaitOnBTFFlagUntilTimeout)
    I2C_WaitOnBTFFlagUntilTimeout            0x080031c1   Thumb Code   102  stm32f4xx_hal_i2c.o(i.I2C_WaitOnBTFFlagUntilTimeout)
    i.I2C_WaitOnFlagUntilTimeout             0x08003226   Section        0  stm32f4xx_hal_i2c.o(i.I2C_WaitOnFlagUntilTimeout)
    I2C_WaitOnFlagUntilTimeout               0x08003227   Thumb Code   190  stm32f4xx_hal_i2c.o(i.I2C_WaitOnFlagUntilTimeout)
    i.I2C_WaitOnMasterAddressFlagUntilTimeout 0x080032e4   Section        0  stm32f4xx_hal_i2c.o(i.I2C_WaitOnMasterAddressFlagUntilTimeout)
    I2C_WaitOnMasterAddressFlagUntilTimeout  0x080032e5   Thumb Code   250  stm32f4xx_hal_i2c.o(i.I2C_WaitOnMasterAddressFlagUntilTimeout)
    i.I2C_WaitOnTXEFlagUntilTimeout          0x080033de   Section        0  stm32f4xx_hal_i2c.o(i.I2C_WaitOnTXEFlagUntilTimeout)
    I2C_WaitOnTXEFlagUntilTimeout            0x080033df   Thumb Code   102  stm32f4xx_hal_i2c.o(i.I2C_WaitOnTXEFlagUntilTimeout)
    i.MX_DMA_Init                            0x08003444   Section        0  dma.o(i.MX_DMA_Init)
    i.MX_GPIO_Init                           0x080034cc   Section        0  gpio.o(i.MX_GPIO_Init)
    i.MX_I2C1_Init                           0x080035bc   Section        0  i2c.o(i.MX_I2C1_Init)
    i.MX_SPI1_Init                           0x080035f8   Section        0  spi.o(i.MX_SPI1_Init)
    i.MX_USART1_UART_Init                    0x0800363c   Section        0  usart.o(i.MX_USART1_UART_Init)
    i.MX_USART2_UART_Init                    0x08003674   Section        0  usart.o(i.MX_USART2_UART_Init)
    i.MemManage_Handler                      0x080036ac   Section        0  stm32f4xx_it.o(i.MemManage_Handler)
    i.NMI_Handler                            0x080036b0   Section        0  stm32f4xx_it.o(i.NMI_Handler)
    i.OLED_Clear                             0x080036b4   Section        0  oled.o(i.OLED_Clear)
    i.OLED_Init                              0x080036ec   Section        0  oled.o(i.OLED_Init)
    i.OLED_Set_Pos                           0x08003710   Section        0  oled.o(i.OLED_Set_Pos)
    i.OLED_ShowCHinese_GB                    0x08003734   Section        0  oled.o(i.OLED_ShowCHinese_GB)
    i.OLED_ShowChar                          0x080037ec   Section        0  oled.o(i.OLED_ShowChar)
    i.OLED_ShowString                        0x080038d0   Section        0  oled.o(i.OLED_ShowString)
    i.OLED_ShowString_GB2312                 0x08003938   Section        0  oled.o(i.OLED_ShowString_GB2312)
    i.OLED_ShowString_UTF8                   0x080039a0   Section        0  oled.o(i.OLED_ShowString_UTF8)
    i.OLED_WR_CMD                            0x08003a38   Section        0  oled.o(i.OLED_WR_CMD)
    i.OLED_WR_DATA                           0x08003a60   Section        0  oled.o(i.OLED_WR_DATA)
    i.PendSV_Handler                         0x08003a88   Section        0  stm32f4xx_it.o(i.PendSV_Handler)
    i.SPI_FLASH_BufferRead                   0x08003a8c   Section        0  bsp_spi_flash.o(i.SPI_FLASH_BufferRead)
    i.SPI_FLASH_ClearProtect                 0x08003adc   Section        0  bsp_spi_flash.o(i.SPI_FLASH_ClearProtect)
    i.SPI_FLASH_Init                         0x08003b14   Section        0  bsp_spi_flash.o(i.SPI_FLASH_Init)
    i.SPI_FLASH_ReadID                       0x08003b2c   Section        0  bsp_spi_flash.o(i.SPI_FLASH_ReadID)
    i.SPI_FLASH_ReadStatusReg                0x08003b7c   Section        0  bsp_spi_flash.o(i.SPI_FLASH_ReadStatusReg)
    i.SPI_FLASH_SendByte                     0x08003ba4   Section        0  bsp_spi_flash.o(i.SPI_FLASH_SendByte)
    i.SPI_FLASH_WaitForWriteEnd              0x08003c1c   Section        0  bsp_spi_flash.o(i.SPI_FLASH_WaitForWriteEnd)
    i.SPI_FLASH_WriteEnable                  0x08003c70   Section        0  bsp_spi_flash.o(i.SPI_FLASH_WriteEnable)
    i.SPI_TIMEOUT_UserCallback               0x08003c90   Section        0  bsp_spi_flash.o(i.SPI_TIMEOUT_UserCallback)
    SPI_TIMEOUT_UserCallback                 0x08003c91   Thumb Code    16  bsp_spi_flash.o(i.SPI_TIMEOUT_UserCallback)
    i.SVC_Handler                            0x08003cd0   Section        0  stm32f4xx_it.o(i.SVC_Handler)
    i.SysTick_Handler                        0x08003cd2   Section        0  stm32f4xx_it.o(i.SysTick_Handler)
    i.SystemClock_Config                     0x08003cdc   Section        0  main.o(i.SystemClock_Config)
    i.SystemInit                             0x08003d90   Section        0  system_stm32f4xx.o(i.SystemInit)
    i.UART_DMAAbortOnError                   0x08003da4   Section        0  stm32f4xx_hal_uart.o(i.UART_DMAAbortOnError)
    UART_DMAAbortOnError                     0x08003da5   Thumb Code    18  stm32f4xx_hal_uart.o(i.UART_DMAAbortOnError)
    i.UART_DMAError                          0x08003db6   Section        0  stm32f4xx_hal_uart.o(i.UART_DMAError)
    UART_DMAError                            0x08003db7   Thumb Code    80  stm32f4xx_hal_uart.o(i.UART_DMAError)
    i.UART_DMAReceiveCplt                    0x08003e06   Section        0  stm32f4xx_hal_uart.o(i.UART_DMAReceiveCplt)
    UART_DMAReceiveCplt                      0x08003e07   Thumb Code   180  stm32f4xx_hal_uart.o(i.UART_DMAReceiveCplt)
    i.UART_DMARxHalfCplt                     0x08003eba   Section        0  stm32f4xx_hal_uart.o(i.UART_DMARxHalfCplt)
    UART_DMARxHalfCplt                       0x08003ebb   Thumb Code    36  stm32f4xx_hal_uart.o(i.UART_DMARxHalfCplt)
    i.UART_EndRxTransfer                     0x08003ede   Section        0  stm32f4xx_hal_uart.o(i.UART_EndRxTransfer)
    UART_EndRxTransfer                       0x08003edf   Thumb Code   108  stm32f4xx_hal_uart.o(i.UART_EndRxTransfer)
    i.UART_EndTransmit_IT                    0x08003f4a   Section        0  stm32f4xx_hal_uart.o(i.UART_EndTransmit_IT)
    UART_EndTransmit_IT                      0x08003f4b   Thumb Code    32  stm32f4xx_hal_uart.o(i.UART_EndTransmit_IT)
    i.UART_EndTxTransfer                     0x08003f6a   Section        0  stm32f4xx_hal_uart.o(i.UART_EndTxTransfer)
    UART_EndTxTransfer                       0x08003f6b   Thumb Code    38  stm32f4xx_hal_uart.o(i.UART_EndTxTransfer)
    i.UART_Receive_IT                        0x08003f90   Section        0  stm32f4xx_hal_uart.o(i.UART_Receive_IT)
    UART_Receive_IT                          0x08003f91   Thumb Code   252  stm32f4xx_hal_uart.o(i.UART_Receive_IT)
    i.UART_SetConfig                         0x0800408c   Section        0  stm32f4xx_hal_uart.o(i.UART_SetConfig)
    UART_SetConfig                           0x0800408d   Thumb Code   546  stm32f4xx_hal_uart.o(i.UART_SetConfig)
    i.UART_Start_Receive_DMA                 0x080042b8   Section        0  stm32f4xx_hal_uart.o(i.UART_Start_Receive_DMA)
    i.UART_Transmit_IT                       0x08004390   Section        0  stm32f4xx_hal_uart.o(i.UART_Transmit_IT)
    UART_Transmit_IT                         0x08004391   Thumb Code    96  stm32f4xx_hal_uart.o(i.UART_Transmit_IT)
    i.UART_WaitOnFlagUntilTimeout            0x080043f0   Section        0  stm32f4xx_hal_uart.o(i.UART_WaitOnFlagUntilTimeout)
    UART_WaitOnFlagUntilTimeout              0x080043f1   Thumb Code   140  stm32f4xx_hal_uart.o(i.UART_WaitOnFlagUntilTimeout)
    i.USART1_IRQHandler                      0x0800447c   Section        0  stm32f4xx_it.o(i.USART1_IRQHandler)
    i.USART2_IRQHandler                      0x0800448c   Section        0  stm32f4xx_it.o(i.USART2_IRQHandler)
    i.UTF8_Decode                            0x0800449c   Section        0  utf8_gb2312.o(i.UTF8_Decode)
    i.UnicodeToGB2312                        0x08004552   Section        0  utf8_gb2312.o(i.UnicodeToGB2312)
    i.UnicodeToGB2312Index                   0x08004590   Section        0  utf8_gb2312.o(i.UnicodeToGB2312Index)
    i.UsageFault_Handler                     0x080045e4   Section        0  stm32f4xx_it.o(i.UsageFault_Handler)
    i.__0printf                              0x080045e8   Section        0  printfa.o(i.__0printf)
    i.__0sprintf                             0x08004608   Section        0  printfa.o(i.__0sprintf)
    i.__NVIC_GetPriorityGrouping             0x08004630   Section        0  stm32f4xx_hal_cortex.o(i.__NVIC_GetPriorityGrouping)
    __NVIC_GetPriorityGrouping               0x08004631   Thumb Code    10  stm32f4xx_hal_cortex.o(i.__NVIC_GetPriorityGrouping)
    i.__NVIC_SetPriority                     0x08004640   Section        0  stm32f4xx_hal_cortex.o(i.__NVIC_SetPriority)
    __NVIC_SetPriority                       0x08004641   Thumb Code    32  stm32f4xx_hal_cortex.o(i.__NVIC_SetPriority)
    i.__aeabi_errno_addr                     0x08004668   Section        0  errno.o(i.__aeabi_errno_addr)
    i.__hardfp_atof                          0x08004670   Section        0  atof.o(i.__hardfp_atof)
    i.__read_errno                           0x080046a8   Section        0  errno.o(i.__read_errno)
    i.__scatterload_copy                     0x080046b4   Section       14  handlers.o(i.__scatterload_copy)
    i.__scatterload_null                     0x080046c2   Section        2  handlers.o(i.__scatterload_null)
    i.__scatterload_zeroinit                 0x080046c4   Section       14  handlers.o(i.__scatterload_zeroinit)
    i.__set_errno                            0x080046d4   Section        0  errno.o(i.__set_errno)
    i._fp_digits                             0x080046e0   Section        0  printfa.o(i._fp_digits)
    _fp_digits                               0x080046e1   Thumb Code   366  printfa.o(i._fp_digits)
    i._is_digit                              0x08004864   Section        0  scanf_fp.o(i._is_digit)
    i._printf_core                           0x08004874   Section        0  printfa.o(i._printf_core)
    _printf_core                             0x08004875   Thumb Code  1744  printfa.o(i._printf_core)
    i._printf_post_padding                   0x08004f50   Section        0  printfa.o(i._printf_post_padding)
    _printf_post_padding                     0x08004f51   Thumb Code    36  printfa.o(i._printf_post_padding)
    i._printf_pre_padding                    0x08004f74   Section        0  printfa.o(i._printf_pre_padding)
    _printf_pre_padding                      0x08004f75   Thumb Code    46  printfa.o(i._printf_pre_padding)
    i._sputc                                 0x08004fa2   Section        0  printfa.o(i._sputc)
    _sputc                                   0x08004fa3   Thumb Code    10  printfa.o(i._sputc)
    i.fputc                                  0x08004fac   Section        0  usart.o(i.fputc)
    i.key_transmit                           0x08004fc8   Section        0  key.o(i.key_transmit)
    i.main                                   0x08005058   Section        0  main.o(i.main)
    .constdata                               0x080051f4   Section        8  stm32f4xx_hal_dma.o(.constdata)
    flagBitshiftOffset                       0x080051f4   Data           8  stm32f4xx_hal_dma.o(.constdata)
    .constdata                               0x080051fc   Section       24  system_stm32f4xx.o(.constdata)
    .constdata                               0x08005214   Section     2248  oledfont.o(.constdata)
    .constdata                               0x08005adc   Section    27052  utf8_gb2312.o(.constdata)
    unicode_sorted                           0x08005adc   Data       13526  utf8_gb2312.o(.constdata)
    gb2312_index_sorted                      0x08008fb2   Data       13526  utf8_gb2312.o(.constdata)
    .constdata                               0x0800c488   Section      129  ctype_o.o(.constdata)
    .constdata                               0x0800c50c   Section        4  ctype_o.o(.constdata)
    table                                    0x0800c50c   Data           4  ctype_o.o(.constdata)
    .data                                    0x20000000   Section        9  stm32f4xx_hal.o(.data)
    .data                                    0x2000000c   Section        4  system_stm32f4xx.o(.data)
    .data                                    0x20000010   Section       23  oled.o(.data)
    .data                                    0x20000028   Section       34  gps.o(.data)
    .data                                    0x2000004c   Section        4  bsp_spi_flash.o(.data)
    SPITimeout                               0x2000004c   Data           4  bsp_spi_flash.o(.data)
    .data                                    0x20000050   Section       32  key.o(.data)
    last_key_tick                            0x20000054   Data           4  key.o(.data)
    .data                                    0x20000070   Section        4  strtok.o(.data)
    state                                    0x20000070   Data           4  strtok.o(.data)
    .data                                    0x20000074   Section        4  stdout.o(.data)
    .data                                    0x20000078   Section        4  errno.o(.data)
    _errno                                   0x20000078   Data           4  errno.o(.data)
    .bss                                     0x2000007c   Section       84  i2c.o(.bss)
    .bss                                     0x200000d0   Section       88  spi.o(.bss)
    .bss                                     0x20000128   Section      560  usart.o(.bss)
    .bss                                     0x20000358   Section     1556  gps.o(.bss)
    STACK                                    0x20000970   Section     1024  startup_stm32f407xx.o(STACK)

    Global Symbols

    Symbol Name                              Value     Ov Type        Size  Object(Section)

    BuildAttributes$$THM_ISAv4$E$P$D$K$B$S$7EM$VFPi3$EXTD16$VFPS$VFMA$PE$A:L22UL41UL21$X:L11$S22US41US21$IEEE1$IW$USESV6$~STKCKD$USESV7$~SHL$OTIME$ROPI$IEEEJ$EBA8$MICROLIB$REQ8$PRES8$EABIv2 0x00000000   Number         0  anon$$obj.o ABSOLUTE
    __ARM_use_no_argv                        0x00000000   Number         0  main.o ABSOLUTE
    _printf_a                                0x00000000   Number         0  stubs.o ABSOLUTE
    _printf_c                                0x00000000   Number         0  stubs.o ABSOLUTE
    _printf_charcount                        0x00000000   Number         0  stubs.o ABSOLUTE
    _printf_d                                0x00000000   Number         0  stubs.o ABSOLUTE
    _printf_e                                0x00000000   Number         0  stubs.o ABSOLUTE
    _printf_f                                0x00000000   Number         0  stubs.o ABSOLUTE
    _printf_flags                            0x00000000   Number         0  stubs.o ABSOLUTE
    _printf_fp_dec                           0x00000000   Number         0  stubs.o ABSOLUTE
    _printf_fp_hex                           0x00000000   Number         0  stubs.o ABSOLUTE
    _printf_g                                0x00000000   Number         0  stubs.o ABSOLUTE
    _printf_i                                0x00000000   Number         0  stubs.o ABSOLUTE
    _printf_int_dec                          0x00000000   Number         0  stubs.o ABSOLUTE
    _printf_l                                0x00000000   Number         0  stubs.o ABSOLUTE
    _printf_lc                               0x00000000   Number         0  stubs.o ABSOLUTE
    _printf_ll                               0x00000000   Number         0  stubs.o ABSOLUTE
    _printf_lld                              0x00000000   Number         0  stubs.o ABSOLUTE
    _printf_lli                              0x00000000   Number         0  stubs.o ABSOLUTE
    _printf_llo                              0x00000000   Number         0  stubs.o ABSOLUTE
    _printf_llu                              0x00000000   Number         0  stubs.o ABSOLUTE
    _printf_llx                              0x00000000   Number         0  stubs.o ABSOLUTE
    _printf_longlong_dec                     0x00000000   Number         0  stubs.o ABSOLUTE
    _printf_longlong_hex                     0x00000000   Number         0  stubs.o ABSOLUTE
    _printf_longlong_oct                     0x00000000   Number         0  stubs.o ABSOLUTE
    _printf_ls                               0x00000000   Number         0  stubs.o ABSOLUTE
    _printf_mbtowc                           0x00000000   Number         0  stubs.o ABSOLUTE
    _printf_n                                0x00000000   Number         0  stubs.o ABSOLUTE
    _printf_o                                0x00000000   Number         0  stubs.o ABSOLUTE
    _printf_p                                0x00000000   Number         0  stubs.o ABSOLUTE
    _printf_percent                          0x00000000   Number         0  stubs.o ABSOLUTE
    _printf_pre_padding                      0x00000000   Number         0  stubs.o ABSOLUTE
    _printf_return_value                     0x00000000   Number         0  stubs.o ABSOLUTE
    _printf_s                                0x00000000   Number         0  stubs.o ABSOLUTE
    _printf_sizespec                         0x00000000   Number         0  stubs.o ABSOLUTE
    _printf_str                              0x00000000   Number         0  stubs.o ABSOLUTE
    _printf_truncate_signed                  0x00000000   Number         0  stubs.o ABSOLUTE
    _printf_truncate_unsigned                0x00000000   Number         0  stubs.o ABSOLUTE
    _printf_u                                0x00000000   Number         0  stubs.o ABSOLUTE
    _printf_wc                               0x00000000   Number         0  stubs.o ABSOLUTE
    _printf_wctomb                           0x00000000   Number         0  stubs.o ABSOLUTE
    _printf_widthprec                        0x00000000   Number         0  stubs.o ABSOLUTE
    _printf_x                                0x00000000   Number         0  stubs.o ABSOLUTE
    __cpp_initialize__aeabi_                  - Undefined Weak Reference
    __cxa_finalize                            - Undefined Weak Reference
    __decompress                              - Undefined Weak Reference
    _clock_init                               - Undefined Weak Reference
    _microlib_exit                            - Undefined Weak Reference
    __Vectors_Size                           0x00000188   Number         0  startup_stm32f407xx.o ABSOLUTE
    __Vectors                                0x08000000   Data           4  startup_stm32f407xx.o(RESET)
    __Vectors_End                            0x08000188   Data           0  startup_stm32f407xx.o(RESET)
    __main                                   0x08000189   Thumb Code     0  entry.o(.ARM.Collect$$$$00000000)
    _main_stk                                0x08000189   Thumb Code     0  entry2.o(.ARM.Collect$$$$00000001)
    _main_scatterload                        0x0800018d   Thumb Code     0  entry5.o(.ARM.Collect$$$$00000004)
    __main_after_scatterload                 0x08000191   Thumb Code     0  entry5.o(.ARM.Collect$$$$00000004)
    _main_clock                              0x08000191   Thumb Code     0  entry7b.o(.ARM.Collect$$$$00000008)
    _main_cpp_init                           0x08000191   Thumb Code     0  entry8b.o(.ARM.Collect$$$$0000000A)
    _main_init                               0x08000191   Thumb Code     0  entry9a.o(.ARM.Collect$$$$0000000B)
    __rt_final_cpp                           0x08000199   Thumb Code     0  entry10a.o(.ARM.Collect$$$$0000000D)
    __rt_final_exit                          0x08000199   Thumb Code     0  entry11a.o(.ARM.Collect$$$$0000000F)
    Reset_Handler                            0x0800019d   Thumb Code     8  startup_stm32f407xx.o(.text)
    ADC_IRQHandler                           0x080001b7   Thumb Code     0  startup_stm32f407xx.o(.text)
    CAN1_RX0_IRQHandler                      0x080001b7   Thumb Code     0  startup_stm32f407xx.o(.text)
    CAN1_RX1_IRQHandler                      0x080001b7   Thumb Code     0  startup_stm32f407xx.o(.text)
    CAN1_SCE_IRQHandler                      0x080001b7   Thumb Code     0  startup_stm32f407xx.o(.text)
    CAN1_TX_IRQHandler                       0x080001b7   Thumb Code     0  startup_stm32f407xx.o(.text)
    CAN2_RX0_IRQHandler                      0x080001b7   Thumb Code     0  startup_stm32f407xx.o(.text)
    CAN2_RX1_IRQHandler                      0x080001b7   Thumb Code     0  startup_stm32f407xx.o(.text)
    CAN2_SCE_IRQHandler                      0x080001b7   Thumb Code     0  startup_stm32f407xx.o(.text)
    CAN2_TX_IRQHandler                       0x080001b7   Thumb Code     0  startup_stm32f407xx.o(.text)
    DCMI_IRQHandler                          0x080001b7   Thumb Code     0  startup_stm32f407xx.o(.text)
    DMA1_Stream0_IRQHandler                  0x080001b7   Thumb Code     0  startup_stm32f407xx.o(.text)
    DMA1_Stream1_IRQHandler                  0x080001b7   Thumb Code     0  startup_stm32f407xx.o(.text)
    DMA1_Stream2_IRQHandler                  0x080001b7   Thumb Code     0  startup_stm32f407xx.o(.text)
    DMA1_Stream3_IRQHandler                  0x080001b7   Thumb Code     0  startup_stm32f407xx.o(.text)
    DMA1_Stream4_IRQHandler                  0x080001b7   Thumb Code     0  startup_stm32f407xx.o(.text)
    DMA1_Stream7_IRQHandler                  0x080001b7   Thumb Code     0  startup_stm32f407xx.o(.text)
    DMA2_Stream0_IRQHandler                  0x080001b7   Thumb Code     0  startup_stm32f407xx.o(.text)
    DMA2_Stream1_IRQHandler                  0x080001b7   Thumb Code     0  startup_stm32f407xx.o(.text)
    DMA2_Stream3_IRQHandler                  0x080001b7   Thumb Code     0  startup_stm32f407xx.o(.text)
    DMA2_Stream4_IRQHandler                  0x080001b7   Thumb Code     0  startup_stm32f407xx.o(.text)
    DMA2_Stream5_IRQHandler                  0x080001b7   Thumb Code     0  startup_stm32f407xx.o(.text)
    DMA2_Stream6_IRQHandler                  0x080001b7   Thumb Code     0  startup_stm32f407xx.o(.text)
    ETH_IRQHandler                           0x080001b7   Thumb Code     0  startup_stm32f407xx.o(.text)
    ETH_WKUP_IRQHandler                      0x080001b7   Thumb Code     0  startup_stm32f407xx.o(.text)
    EXTI0_IRQHandler                         0x080001b7   Thumb Code     0  startup_stm32f407xx.o(.text)
    EXTI15_10_IRQHandler                     0x080001b7   Thumb Code     0  startup_stm32f407xx.o(.text)
    EXTI1_IRQHandler                         0x080001b7   Thumb Code     0  startup_stm32f407xx.o(.text)
    EXTI2_IRQHandler                         0x080001b7   Thumb Code     0  startup_stm32f407xx.o(.text)
    EXTI3_IRQHandler                         0x080001b7   Thumb Code     0  startup_stm32f407xx.o(.text)
    FLASH_IRQHandler                         0x080001b7   Thumb Code     0  startup_stm32f407xx.o(.text)
    FMC_IRQHandler                           0x080001b7   Thumb Code     0  startup_stm32f407xx.o(.text)
    FPU_IRQHandler                           0x080001b7   Thumb Code     0  startup_stm32f407xx.o(.text)
    HASH_RNG_IRQHandler                      0x080001b7   Thumb Code     0  startup_stm32f407xx.o(.text)
    I2C1_ER_IRQHandler                       0x080001b7   Thumb Code     0  startup_stm32f407xx.o(.text)
    I2C1_EV_IRQHandler                       0x080001b7   Thumb Code     0  startup_stm32f407xx.o(.text)
    I2C2_ER_IRQHandler                       0x080001b7   Thumb Code     0  startup_stm32f407xx.o(.text)
    I2C2_EV_IRQHandler                       0x080001b7   Thumb Code     0  startup_stm32f407xx.o(.text)
    I2C3_ER_IRQHandler                       0x080001b7   Thumb Code     0  startup_stm32f407xx.o(.text)
    I2C3_EV_IRQHandler                       0x080001b7   Thumb Code     0  startup_stm32f407xx.o(.text)
    OTG_FS_IRQHandler                        0x080001b7   Thumb Code     0  startup_stm32f407xx.o(.text)
    OTG_FS_WKUP_IRQHandler                   0x080001b7   Thumb Code     0  startup_stm32f407xx.o(.text)
    OTG_HS_EP1_IN_IRQHandler                 0x080001b7   Thumb Code     0  startup_stm32f407xx.o(.text)
    OTG_HS_EP1_OUT_IRQHandler                0x080001b7   Thumb Code     0  startup_stm32f407xx.o(.text)
    OTG_HS_IRQHandler                        0x080001b7   Thumb Code     0  startup_stm32f407xx.o(.text)
    OTG_HS_WKUP_IRQHandler                   0x080001b7   Thumb Code     0  startup_stm32f407xx.o(.text)
    PVD_IRQHandler                           0x080001b7   Thumb Code     0  startup_stm32f407xx.o(.text)
    RCC_IRQHandler                           0x080001b7   Thumb Code     0  startup_stm32f407xx.o(.text)
    RTC_Alarm_IRQHandler                     0x080001b7   Thumb Code     0  startup_stm32f407xx.o(.text)
    RTC_WKUP_IRQHandler                      0x080001b7   Thumb Code     0  startup_stm32f407xx.o(.text)
    SDIO_IRQHandler                          0x080001b7   Thumb Code     0  startup_stm32f407xx.o(.text)
    SPI1_IRQHandler                          0x080001b7   Thumb Code     0  startup_stm32f407xx.o(.text)
    SPI2_IRQHandler                          0x080001b7   Thumb Code     0  startup_stm32f407xx.o(.text)
    SPI3_IRQHandler                          0x080001b7   Thumb Code     0  startup_stm32f407xx.o(.text)
    TAMP_STAMP_IRQHandler                    0x080001b7   Thumb Code     0  startup_stm32f407xx.o(.text)
    TIM1_BRK_TIM9_IRQHandler                 0x080001b7   Thumb Code     0  startup_stm32f407xx.o(.text)
    TIM1_CC_IRQHandler                       0x080001b7   Thumb Code     0  startup_stm32f407xx.o(.text)
    TIM1_TRG_COM_TIM11_IRQHandler            0x080001b7   Thumb Code     0  startup_stm32f407xx.o(.text)
    TIM1_UP_TIM10_IRQHandler                 0x080001b7   Thumb Code     0  startup_stm32f407xx.o(.text)
    TIM2_IRQHandler                          0x080001b7   Thumb Code     0  startup_stm32f407xx.o(.text)
    TIM3_IRQHandler                          0x080001b7   Thumb Code     0  startup_stm32f407xx.o(.text)
    TIM4_IRQHandler                          0x080001b7   Thumb Code     0  startup_stm32f407xx.o(.text)
    TIM5_IRQHandler                          0x080001b7   Thumb Code     0  startup_stm32f407xx.o(.text)
    TIM6_DAC_IRQHandler                      0x080001b7   Thumb Code     0  startup_stm32f407xx.o(.text)
    TIM7_IRQHandler                          0x080001b7   Thumb Code     0  startup_stm32f407xx.o(.text)
    TIM8_BRK_TIM12_IRQHandler                0x080001b7   Thumb Code     0  startup_stm32f407xx.o(.text)
    TIM8_CC_IRQHandler                       0x080001b7   Thumb Code     0  startup_stm32f407xx.o(.text)
    TIM8_TRG_COM_TIM14_IRQHandler            0x080001b7   Thumb Code     0  startup_stm32f407xx.o(.text)
    TIM8_UP_TIM13_IRQHandler                 0x080001b7   Thumb Code     0  startup_stm32f407xx.o(.text)
    UART4_IRQHandler                         0x080001b7   Thumb Code     0  startup_stm32f407xx.o(.text)
    UART5_IRQHandler                         0x080001b7   Thumb Code     0  startup_stm32f407xx.o(.text)
    USART3_IRQHandler                        0x080001b7   Thumb Code     0  startup_stm32f407xx.o(.text)
    USART6_IRQHandler                        0x080001b7   Thumb Code     0  startup_stm32f407xx.o(.text)
    WWDG_IRQHandler                          0x080001b7   Thumb Code     0  startup_stm32f407xx.o(.text)
    __aeabi_uldivmod                         0x080001c1   Thumb Code    98  uldiv.o(.text)
    __aeabi_memcpy                           0x08000223   Thumb Code    36  memcpya.o(.text)
    __aeabi_memcpy4                          0x08000223   Thumb Code     0  memcpya.o(.text)
    __aeabi_memcpy8                          0x08000223   Thumb Code     0  memcpya.o(.text)
    __aeabi_memset                           0x08000247   Thumb Code    14  memseta.o(.text)
    __aeabi_memset4                          0x08000247   Thumb Code     0  memseta.o(.text)
    __aeabi_memset8                          0x08000247   Thumb Code     0  memseta.o(.text)
    __aeabi_memclr                           0x08000255   Thumb Code     4  memseta.o(.text)
    __aeabi_memclr4                          0x08000255   Thumb Code     0  memseta.o(.text)
    __aeabi_memclr8                          0x08000255   Thumb Code     0  memseta.o(.text)
    _memset$wrapper                          0x08000259   Thumb Code    18  memseta.o(.text)
    strstr                                   0x0800026b   Thumb Code    36  strstr.o(.text)
    strchr                                   0x0800028f   Thumb Code    20  strchr.o(.text)
    strlen                                   0x080002a3   Thumb Code    14  strlen.o(.text)
    strtok                                   0x080002b1   Thumb Code    62  strtok.o(.text)
    atoi                                     0x080002f5   Thumb Code    26  atoi.o(.text)
    __aeabi_f2d                              0x0800030f   Thumb Code    38  f2d.o(.text)
    __aeabi_d2f                              0x08000335   Thumb Code    56  d2f.o(.text)
    __aeabi_uidiv                            0x0800036d   Thumb Code     0  uidiv.o(.text)
    __aeabi_uidivmod                         0x0800036d   Thumb Code    44  uidiv.o(.text)
    __aeabi_llsl                             0x08000399   Thumb Code    30  llshl.o(.text)
    _ll_shift_l                              0x08000399   Thumb Code     0  llshl.o(.text)
    __aeabi_llsr                             0x080003b7   Thumb Code    32  llushr.o(.text)
    _ll_ushift_r                             0x080003b7   Thumb Code     0  llushr.o(.text)
    __strtod_int                             0x0800040f   Thumb Code    90  strtod.o(.text)
    strtol                                   0x08000475   Thumb Code   112  strtol.o(.text)
    __I$use$fp                               0x080004e5   Thumb Code     0  iusefp.o(.text)
    _float_round                             0x080004e5   Thumb Code    18  fepilogue.o(.text)
    _float_epilogue                          0x080004f7   Thumb Code    92  fepilogue.o(.text)
    __aeabi_dadd                             0x08000553   Thumb Code   322  dadd.o(.text)
    __aeabi_dsub                             0x08000695   Thumb Code     6  dadd.o(.text)
    __aeabi_drsub                            0x0800069b   Thumb Code     6  dadd.o(.text)
    __aeabi_dmul                             0x080006a1   Thumb Code   228  dmul.o(.text)
    __aeabi_ddiv                             0x08000785   Thumb Code   222  ddiv.o(.text)
    __aeabi_d2ulz                            0x08000863   Thumb Code    48  dfixul.o(.text)
    __aeabi_cdrcmple                         0x08000895   Thumb Code    48  cdrcmple.o(.text)
    __scatterload                            0x080008c5   Thumb Code    28  init.o(.text)
    __scatterload_rt2                        0x080008c5   Thumb Code     0  init.o(.text)
    __aeabi_lasr                             0x080008e9   Thumb Code    36  llsshr.o(.text)
    _ll_sshift_r                             0x080008e9   Thumb Code     0  llsshr.o(.text)
    __rt_ctype_table                         0x0800090d   Thumb Code     4  ctype_o.o(.text)
    isspace                                  0x08000915   Thumb Code    18  isspace_o.o(.text)
    _scanf_real                              0x08000a29   Thumb Code     0  scanf_fp.o(.text)
    _scanf_really_real                       0x08000a29   Thumb Code   556  scanf_fp.o(.text)
    _sgetc                                   0x08000c61   Thumb Code    30  _sgetc.o(.text)
    _sbackspace                              0x08000c7f   Thumb Code    34  _sgetc.o(.text)
    _strtoul                                 0x08000ca1   Thumb Code   158  _strtoul.o(.text)
    _double_round                            0x08000d3f   Thumb Code    30  depilogue.o(.text)
    _double_epilogue                         0x08000d5d   Thumb Code   156  depilogue.o(.text)
    _chval                                   0x08000df9   Thumb Code    28  _chval.o(.text)
    __aeabi_ul2d                             0x08000e15   Thumb Code    24  dfltul.o(.text)
    BusFault_Handler                         0x08000e2d   Thumb Code     4  stm32f4xx_it.o(i.BusFault_Handler)
    DMA1_Stream5_IRQHandler                  0x08000e31   Thumb Code    10  stm32f4xx_it.o(i.DMA1_Stream5_IRQHandler)
    DMA1_Stream6_IRQHandler                  0x08000e41   Thumb Code    10  stm32f4xx_it.o(i.DMA1_Stream6_IRQHandler)
    DMA2_Stream2_IRQHandler                  0x08000e51   Thumb Code    10  stm32f4xx_it.o(i.DMA2_Stream2_IRQHandler)
    DMA2_Stream7_IRQHandler                  0x08000e61   Thumb Code    10  stm32f4xx_it.o(i.DMA2_Stream7_IRQHandler)
    DebugMon_Handler                         0x08000fd9   Thumb Code     2  stm32f4xx_it.o(i.DebugMon_Handler)
    EXTI4_IRQHandler                         0x08000fdb   Thumb Code    10  stm32f4xx_it.o(i.EXTI4_IRQHandler)
    EXTI9_5_IRQHandler                       0x08000fe5   Thumb Code    22  stm32f4xx_it.o(i.EXTI9_5_IRQHandler)
    Error_Handler                            0x08000ffb   Thumb Code     6  main.o(i.Error_Handler)
    GB2312_CodeToIndex                       0x08001001   Thumb Code    50  oledfont.o(i.GB2312_CodeToIndex)
    GB2312_GetFontByIndex                    0x08001033   Thumb Code    40  oledfont.o(i.GB2312_GetFontByIndex)
    GB2312_IsFontReady                       0x0800105b   Thumb Code    52  oledfont.o(i.GB2312_IsFontReady)
    GPS_Get_Latitude                         0x08001091   Thumb Code     8  gps.o(i.GPS_Get_Latitude)
    GPS_Get_Longitude                        0x0800109d   Thumb Code     8  gps.o(i.GPS_Get_Longitude)
    GPS_Init                                 0x080010a9   Thumb Code    24  gps.o(i.GPS_Init)
    GPS_Parse_Data                           0x080010cd   Thumb Code   408  gps.o(i.GPS_Parse_Data)
    HAL_DMA_Abort                            0x08001281   Thumb Code   172  stm32f4xx_hal_dma.o(i.HAL_DMA_Abort)
    HAL_DMA_Abort_IT                         0x0800132d   Thumb Code    40  stm32f4xx_hal_dma.o(i.HAL_DMA_Abort_IT)
    HAL_DMA_IRQHandler                       0x08001355   Thumb Code   570  stm32f4xx_hal_dma.o(i.HAL_DMA_IRQHandler)
    HAL_DMA_Init                             0x08001595   Thumb Code   232  stm32f4xx_hal_dma.o(i.HAL_DMA_Init)
    HAL_DMA_Start_IT                         0x08001681   Thumb Code   146  stm32f4xx_hal_dma.o(i.HAL_DMA_Start_IT)
    HAL_Delay                                0x08001715   Thumb Code    36  stm32f4xx_hal.o(i.HAL_Delay)
    HAL_GPIO_EXTI_Callback                   0x0800173d   Thumb Code    98  key.o(i.HAL_GPIO_EXTI_Callback)
    HAL_GPIO_EXTI_IRQHandler                 0x080017a9   Thumb Code    24  stm32f4xx_hal_gpio.o(i.HAL_GPIO_EXTI_IRQHandler)
    HAL_GPIO_Init                            0x080017c5   Thumb Code   454  stm32f4xx_hal_gpio.o(i.HAL_GPIO_Init)
    HAL_GPIO_ReadPin                         0x080019b9   Thumb Code    16  stm32f4xx_hal_gpio.o(i.HAL_GPIO_ReadPin)
    HAL_GPIO_WritePin                        0x080019c9   Thumb Code    12  stm32f4xx_hal_gpio.o(i.HAL_GPIO_WritePin)
    HAL_GetTick                              0x080019d5   Thumb Code     6  stm32f4xx_hal.o(i.HAL_GetTick)
    HAL_I2C_Init                             0x080019e1   Thumb Code   446  stm32f4xx_hal_i2c.o(i.HAL_I2C_Init)
    HAL_I2C_Mem_Write                        0x08001bb1   Thumb Code   348  stm32f4xx_hal_i2c.o(i.HAL_I2C_Mem_Write)
    HAL_I2C_MspInit                          0x08001d15   Thumb Code   122  i2c.o(i.HAL_I2C_MspInit)
    HAL_IncTick                              0x08001d9d   Thumb Code    16  stm32f4xx_hal.o(i.HAL_IncTick)
    HAL_Init                                 0x08001db5   Thumb Code    54  stm32f4xx_hal.o(i.HAL_Init)
    HAL_InitTick                             0x08001df1   Thumb Code    64  stm32f4xx_hal.o(i.HAL_InitTick)
    HAL_MspInit                              0x08001e3d   Thumb Code    68  stm32f4xx_hal_msp.o(i.HAL_MspInit)
    HAL_NVIC_EnableIRQ                       0x08001e85   Thumb Code    40  stm32f4xx_hal_cortex.o(i.HAL_NVIC_EnableIRQ)
    HAL_NVIC_SetPriority                     0x08001ead   Thumb Code   124  stm32f4xx_hal_cortex.o(i.HAL_NVIC_SetPriority)
    HAL_NVIC_SetPriorityGrouping             0x08001f29   Thumb Code    32  stm32f4xx_hal_cortex.o(i.HAL_NVIC_SetPriorityGrouping)
    HAL_RCC_ClockConfig                      0x08001f51   Thumb Code   368  stm32f4xx_hal_rcc.o(i.HAL_RCC_ClockConfig)
    HAL_RCC_GetHCLKFreq                      0x080020d5   Thumb Code     6  stm32f4xx_hal_rcc.o(i.HAL_RCC_GetHCLKFreq)
    HAL_RCC_GetPCLK1Freq                     0x080020e1   Thumb Code    22  stm32f4xx_hal_rcc.o(i.HAL_RCC_GetPCLK1Freq)
    HAL_RCC_GetPCLK2Freq                     0x08002101   Thumb Code    22  stm32f4xx_hal_rcc.o(i.HAL_RCC_GetPCLK2Freq)
    HAL_RCC_GetSysClockFreq                  0x08002121   Thumb Code   162  stm32f4xx_hal_rcc.o(i.HAL_RCC_GetSysClockFreq)
    HAL_RCC_OscConfig                        0x080021d1   Thumb Code  1172  stm32f4xx_hal_rcc.o(i.HAL_RCC_OscConfig)
    HAL_SPI_Init                             0x0800266d   Thumb Code   200  stm32f4xx_hal_spi.o(i.HAL_SPI_Init)
    HAL_SPI_MspInit                          0x08002735   Thumb Code   122  spi.o(i.HAL_SPI_MspInit)
    HAL_SYSTICK_Config                       0x080027bd   Thumb Code    52  stm32f4xx_hal_cortex.o(i.HAL_SYSTICK_Config)
    HAL_UARTEx_ReceiveToIdle_DMA             0x080027f1   Thumb Code   112  stm32f4xx_hal_uart.o(i.HAL_UARTEx_ReceiveToIdle_DMA)
    HAL_UARTEx_RxEventCallback               0x08002861   Thumb Code   272  gps.o(i.HAL_UARTEx_RxEventCallback)
    HAL_UART_ErrorCallback                   0x080029a5   Thumb Code     2  stm32f4xx_hal_uart.o(i.HAL_UART_ErrorCallback)
    HAL_UART_IRQHandler                      0x080029a9   Thumb Code   772  stm32f4xx_hal_uart.o(i.HAL_UART_IRQHandler)
    HAL_UART_Init                            0x08002cb1   Thumb Code   118  stm32f4xx_hal_uart.o(i.HAL_UART_Init)
    HAL_UART_MspInit                         0x08002d29   Thumb Code   508  usart.o(i.HAL_UART_MspInit)
    HAL_UART_RxCpltCallback                  0x08002f4d   Thumb Code     2  stm32f4xx_hal_uart.o(i.HAL_UART_RxCpltCallback)
    HAL_UART_RxHalfCpltCallback              0x08002f4f   Thumb Code     2  stm32f4xx_hal_uart.o(i.HAL_UART_RxHalfCpltCallback)
    HAL_UART_Transmit                        0x08002f51   Thumb Code   190  stm32f4xx_hal_uart.o(i.HAL_UART_Transmit)
    HAL_UART_TxCpltCallback                  0x0800300f   Thumb Code     2  stm32f4xx_hal_uart.o(i.HAL_UART_TxCpltCallback)
    HardFault_Handler                        0x0800309f   Thumb Code     4  stm32f4xx_it.o(i.HardFault_Handler)
    MX_DMA_Init                              0x08003445   Thumb Code   130  dma.o(i.MX_DMA_Init)
    MX_GPIO_Init                             0x080034cd   Thumb Code   226  gpio.o(i.MX_GPIO_Init)
    MX_I2C1_Init                             0x080035bd   Thumb Code    48  i2c.o(i.MX_I2C1_Init)
    MX_SPI1_Init                             0x080035f9   Thumb Code    58  spi.o(i.MX_SPI1_Init)
    MX_USART1_UART_Init                      0x0800363d   Thumb Code    46  usart.o(i.MX_USART1_UART_Init)
    MX_USART2_UART_Init                      0x08003675   Thumb Code    46  usart.o(i.MX_USART2_UART_Init)
    MemManage_Handler                        0x080036ad   Thumb Code     4  stm32f4xx_it.o(i.MemManage_Handler)
    NMI_Handler                              0x080036b1   Thumb Code     4  stm32f4xx_it.o(i.NMI_Handler)
    OLED_Clear                               0x080036b5   Thumb Code    56  oled.o(i.OLED_Clear)
    OLED_Init                                0x080036ed   Thumb Code    32  oled.o(i.OLED_Init)
    OLED_Set_Pos                             0x08003711   Thumb Code    36  oled.o(i.OLED_Set_Pos)
    OLED_ShowCHinese_GB                      0x08003735   Thumb Code   184  oled.o(i.OLED_ShowCHinese_GB)
    OLED_ShowChar                            0x080037ed   Thumb Code   218  oled.o(i.OLED_ShowChar)
    OLED_ShowString                          0x080038d1   Thumb Code   104  oled.o(i.OLED_ShowString)
    OLED_ShowString_GB2312                   0x08003939   Thumb Code   104  oled.o(i.OLED_ShowString_GB2312)
    OLED_ShowString_UTF8                     0x080039a1   Thumb Code   152  oled.o(i.OLED_ShowString_UTF8)
    OLED_WR_CMD                              0x08003a39   Thumb Code    34  oled.o(i.OLED_WR_CMD)
    OLED_WR_DATA                             0x08003a61   Thumb Code    34  oled.o(i.OLED_WR_DATA)
    PendSV_Handler                           0x08003a89   Thumb Code     2  stm32f4xx_it.o(i.PendSV_Handler)
    SPI_FLASH_BufferRead                     0x08003a8d   Thumb Code    76  bsp_spi_flash.o(i.SPI_FLASH_BufferRead)
    SPI_FLASH_ClearProtect                   0x08003add   Thumb Code    52  bsp_spi_flash.o(i.SPI_FLASH_ClearProtect)
    SPI_FLASH_Init                           0x08003b15   Thumb Code    18  bsp_spi_flash.o(i.SPI_FLASH_Init)
    SPI_FLASH_ReadID                         0x08003b2d   Thumb Code    74  bsp_spi_flash.o(i.SPI_FLASH_ReadID)
    SPI_FLASH_ReadStatusReg                  0x08003b7d   Thumb Code    36  bsp_spi_flash.o(i.SPI_FLASH_ReadStatusReg)
    SPI_FLASH_SendByte                       0x08003ba5   Thumb Code   112  bsp_spi_flash.o(i.SPI_FLASH_SendByte)
    SPI_FLASH_WaitForWriteEnd                0x08003c1d   Thumb Code    76  bsp_spi_flash.o(i.SPI_FLASH_WaitForWriteEnd)
    SPI_FLASH_WriteEnable                    0x08003c71   Thumb Code    26  bsp_spi_flash.o(i.SPI_FLASH_WriteEnable)
    SVC_Handler                              0x08003cd1   Thumb Code     2  stm32f4xx_it.o(i.SVC_Handler)
    SysTick_Handler                          0x08003cd3   Thumb Code     8  stm32f4xx_it.o(i.SysTick_Handler)
    SystemClock_Config                       0x08003cdd   Thumb Code   170  main.o(i.SystemClock_Config)
    SystemInit                               0x08003d91   Thumb Code    14  system_stm32f4xx.o(i.SystemInit)
    UART_Start_Receive_DMA                   0x080042b9   Thumb Code   202  stm32f4xx_hal_uart.o(i.UART_Start_Receive_DMA)
    USART1_IRQHandler                        0x0800447d   Thumb Code    10  stm32f4xx_it.o(i.USART1_IRQHandler)
    USART2_IRQHandler                        0x0800448d   Thumb Code    10  stm32f4xx_it.o(i.USART2_IRQHandler)
    UTF8_Decode                              0x0800449d   Thumb Code   182  utf8_gb2312.o(i.UTF8_Decode)
    UnicodeToGB2312                          0x08004553   Thumb Code    62  utf8_gb2312.o(i.UnicodeToGB2312)
    UnicodeToGB2312Index                     0x08004591   Thumb Code    74  utf8_gb2312.o(i.UnicodeToGB2312Index)
    UsageFault_Handler                       0x080045e5   Thumb Code     4  stm32f4xx_it.o(i.UsageFault_Handler)
    __0printf                                0x080045e9   Thumb Code    22  printfa.o(i.__0printf)
    __1printf                                0x080045e9   Thumb Code     0  printfa.o(i.__0printf)
    __2printf                                0x080045e9   Thumb Code     0  printfa.o(i.__0printf)
    __c89printf                              0x080045e9   Thumb Code     0  printfa.o(i.__0printf)
    printf                                   0x080045e9   Thumb Code     0  printfa.o(i.__0printf)
    __0sprintf                               0x08004609   Thumb Code    34  printfa.o(i.__0sprintf)
    __1sprintf                               0x08004609   Thumb Code     0  printfa.o(i.__0sprintf)
    __2sprintf                               0x08004609   Thumb Code     0  printfa.o(i.__0sprintf)
    __c89sprintf                             0x08004609   Thumb Code     0  printfa.o(i.__0sprintf)
    sprintf                                  0x08004609   Thumb Code     0  printfa.o(i.__0sprintf)
    __aeabi_errno_addr                       0x08004669   Thumb Code     4  errno.o(i.__aeabi_errno_addr)
    __rt_errno_addr                          0x08004669   Thumb Code     0  errno.o(i.__aeabi_errno_addr)
    __hardfp_atof                            0x08004671   Thumb Code    44  atof.o(i.__hardfp_atof)
    __read_errno                             0x080046a9   Thumb Code     6  errno.o(i.__read_errno)
    __scatterload_copy                       0x080046b5   Thumb Code    14  handlers.o(i.__scatterload_copy)
    __scatterload_null                       0x080046c3   Thumb Code     2  handlers.o(i.__scatterload_null)
    __scatterload_zeroinit                   0x080046c5   Thumb Code    14  handlers.o(i.__scatterload_zeroinit)
    __set_errno                              0x080046d5   Thumb Code     6  errno.o(i.__set_errno)
    _is_digit                                0x08004865   Thumb Code    14  scanf_fp.o(i._is_digit)
    fputc                                    0x08004fad   Thumb Code    22  usart.o(i.fputc)
    key_transmit                             0x08004fc9   Thumb Code   108  key.o(i.key_transmit)
    main                                     0x08005059   Thumb Code   302  main.o(i.main)
    AHBPrescTable                            0x080051fc   Data          16  system_stm32f4xx.o(.constdata)
    APBPrescTable                            0x0800520c   Data           8  system_stm32f4xx.o(.constdata)
    F6x8                                     0x08005214   Data         552  oledfont.o(.constdata)
    F8X16                                    0x0800543c   Data        1504  oledfont.o(.constdata)
    Hzk                                      0x08005a1c   Data         192  oledfont.o(.constdata)
    __ctype_table                            0x0800c488   Data         129  ctype_o.o(.constdata)
    Region$$Table$$Base                      0x0800c510   Number         0  anon$$obj.o(Region$$Table)
    Region$$Table$$Limit                     0x0800c530   Number         0  anon$$obj.o(Region$$Table)
    uwTick                                   0x20000000   Data           4  stm32f4xx_hal.o(.data)
    uwTickPrio                               0x20000004   Data           4  stm32f4xx_hal.o(.data)
    uwTickFreq                               0x20000008   Data           1  stm32f4xx_hal.o(.data)
    SystemCoreClock                          0x2000000c   Data           4  system_stm32f4xx.o(.data)
    CMD_Data                                 0x20000010   Data          23  oled.o(.data)
    GPS_DUG                                  0x20000028   Data          32  gps.o(.data)
    nav_text_ready                           0x20000048   Data           1  gps.o(.data)
    count                                    0x20000049   Data           1  gps.o(.data)
    KEY_STATE                                0x20000050   Data           1  key.o(.data)
    key                                      0x20000058   Data          24  key.o(.data)
    __stdout                                 0x20000074   Data           4  stdout.o(.data)
    hi2c1                                    0x2000007c   Data          84  i2c.o(.bss)
    hspi1                                    0x200000d0   Data          88  spi.o(.bss)
    rx_buf                                   0x20000128   Data          32  usart.o(.bss)
    huart1                                   0x20000148   Data          72  usart.o(.bss)
    huart2                                   0x20000190   Data          72  usart.o(.bss)
    hdma_usart1_rx                           0x200001d8   Data          96  usart.o(.bss)
    hdma_usart1_tx                           0x20000238   Data          96  usart.o(.bss)
    hdma_usart2_rx                           0x20000298   Data          96  usart.o(.bss)
    hdma_usart2_tx                           0x200002f8   Data          96  usart.o(.bss)
    rx_buffer                                0x20000358   Data        1024  gps.o(.bss)
    GPS_DATA                                 0x20000758   Data          20  gps.o(.bss)
    get_gps_flag_buf                         0x2000076c   Data         256  gps.o(.bss)
    nav_text_buf                             0x2000086c   Data         256  gps.o(.bss)
    __initial_sp                             0x20000d70   Data           0  startup_stm32f407xx.o(STACK)



==============================================================================

Memory Map of the image

  Image Entry point : 0x08000189

  Load Region LR_IROM1 (Base: 0x08000000, Size: 0x0000c5ac, Max: 0x00100000, ABSOLUTE)

    Execution Region ER_IROM1 (Base: 0x08000000, Size: 0x0000c530, Max: 0x00100000, ABSOLUTE)

    Base Addr    Size         Type   Attr      Idx    E Section Name        Object

    0x08000000   0x00000188   Data   RO            3    RESET               startup_stm32f407xx.o
    0x08000188   0x00000000   Code   RO         3470  * .ARM.Collect$$$$00000000  mc_w.l(entry.o)
    0x08000188   0x00000004   Code   RO         3760    .ARM.Collect$$$$00000001  mc_w.l(entry2.o)
    0x0800018c   0x00000004   Code   RO         3763    .ARM.Collect$$$$00000004  mc_w.l(entry5.o)
    0x08000190   0x00000000   Code   RO         3765    .ARM.Collect$$$$00000008  mc_w.l(entry7b.o)
    0x08000190   0x00000000   Code   RO         3767    .ARM.Collect$$$$0000000A  mc_w.l(entry8b.o)
    0x08000190   0x00000008   Code   RO         3768    .ARM.Collect$$$$0000000B  mc_w.l(entry9a.o)
    0x08000198   0x00000000   Code   RO         3770    .ARM.Collect$$$$0000000D  mc_w.l(entry10a.o)
    0x08000198   0x00000000   Code   RO         3772    .ARM.Collect$$$$0000000F  mc_w.l(entry11a.o)
    0x08000198   0x00000004   Code   RO         3761    .ARM.Collect$$$$00002712  mc_w.l(entry2.o)
    0x0800019c   0x00000024   Code   RO            4    .text               startup_stm32f407xx.o
    0x080001c0   0x00000062   Code   RO         3473    .text               mc_w.l(uldiv.o)
    0x08000222   0x00000024   Code   RO         3475    .text               mc_w.l(memcpya.o)
    0x08000246   0x00000024   Code   RO         3477    .text               mc_w.l(memseta.o)
    0x0800026a   0x00000024   Code   RO         3479    .text               mc_w.l(strstr.o)
    0x0800028e   0x00000014   Code   RO         3481    .text               mc_w.l(strchr.o)
    0x080002a2   0x0000000e   Code   RO         3483    .text               mc_w.l(strlen.o)
    0x080002b0   0x00000044   Code   RO         3485    .text               mc_w.l(strtok.o)
    0x080002f4   0x0000001a   Code   RO         3754    .text               mc_w.l(atoi.o)
    0x0800030e   0x00000026   Code   RO         3756    .text               mf_w.l(f2d.o)
    0x08000334   0x00000038   Code   RO         3758    .text               mf_w.l(d2f.o)
    0x0800036c   0x0000002c   Code   RO         3775    .text               mc_w.l(uidiv.o)
    0x08000398   0x0000001e   Code   RO         3777    .text               mc_w.l(llshl.o)
    0x080003b6   0x00000020   Code   RO         3779    .text               mc_w.l(llushr.o)
    0x080003d6   0x00000002   PAD
    0x080003d8   0x0000009c   Code   RO         3788    .text               mc_w.l(strtod.o)
    0x08000474   0x00000070   Code   RO         3790    .text               mc_w.l(strtol.o)
    0x080004e4   0x00000000   Code   RO         3792    .text               mc_w.l(iusefp.o)
    0x080004e4   0x0000006e   Code   RO         3793    .text               mf_w.l(fepilogue.o)
    0x08000552   0x0000014e   Code   RO         3795    .text               mf_w.l(dadd.o)
    0x080006a0   0x000000e4   Code   RO         3797    .text               mf_w.l(dmul.o)
    0x08000784   0x000000de   Code   RO         3799    .text               mf_w.l(ddiv.o)
    0x08000862   0x00000030   Code   RO         3801    .text               mf_w.l(dfixul.o)
    0x08000892   0x00000002   PAD
    0x08000894   0x00000030   Code   RO         3803    .text               mf_w.l(cdrcmple.o)
    0x080008c4   0x00000024   Code   RO         3805    .text               mc_w.l(init.o)
    0x080008e8   0x00000024   Code   RO         3807    .text               mc_w.l(llsshr.o)
    0x0800090c   0x00000008   Code   RO         3811    .text               mc_w.l(ctype_o.o)
    0x08000914   0x00000012   Code   RO         3833    .text               mc_w.l(isspace_o.o)
    0x08000926   0x00000002   PAD
    0x08000928   0x00000338   Code   RO         3839    .text               mc_w.l(scanf_fp.o)
    0x08000c60   0x00000040   Code   RO         3843    .text               mc_w.l(_sgetc.o)
    0x08000ca0   0x0000009e   Code   RO         3845    .text               mc_w.l(_strtoul.o)
    0x08000d3e   0x000000ba   Code   RO         3847    .text               mf_w.l(depilogue.o)
    0x08000df8   0x0000001c   Code   RO         3852    .text               mc_w.l(_chval.o)
    0x08000e14   0x00000018   Code   RO         3854    .text               mf_w.l(dfltul.o)
    0x08000e2c   0x00000004   Code   RO          390    i.BusFault_Handler  stm32f4xx_it.o
    0x08000e30   0x00000010   Code   RO          391    i.DMA1_Stream5_IRQHandler  stm32f4xx_it.o
    0x08000e40   0x00000010   Code   RO          392    i.DMA1_Stream6_IRQHandler  stm32f4xx_it.o
    0x08000e50   0x00000010   Code   RO          393    i.DMA2_Stream2_IRQHandler  stm32f4xx_it.o
    0x08000e60   0x00000010   Code   RO          394    i.DMA2_Stream7_IRQHandler  stm32f4xx_it.o
    0x08000e70   0x00000034   Code   RO         1537    i.DMA_CalcBaseAndBitshift  stm32f4xx_hal_dma.o
    0x08000ea4   0x000000aa   Code   RO         1538    i.DMA_CheckFifoParam  stm32f4xx_hal_dma.o
    0x08000f4e   0x0000002c   Code   RO         1539    i.DMA_SetConfig     stm32f4xx_hal_dma.o
    0x08000f7a   0x00000002   PAD
    0x08000f7c   0x0000005c   Code   RO         3143    i.DM_To_DD          gps.o
    0x08000fd8   0x00000002   Code   RO          395    i.DebugMon_Handler  stm32f4xx_it.o
    0x08000fda   0x0000000a   Code   RO          396    i.EXTI4_IRQHandler  stm32f4xx_it.o
    0x08000fe4   0x00000016   Code   RO          397    i.EXTI9_5_IRQHandler  stm32f4xx_it.o
    0x08000ffa   0x00000006   Code   RO           13    i.Error_Handler     main.o
    0x08001000   0x00000032   Code   RO         3213    i.GB2312_CodeToIndex  oledfont.o
    0x08001032   0x00000028   Code   RO         3214    i.GB2312_GetFontByIndex  oledfont.o
    0x0800105a   0x00000034   Code   RO         3215    i.GB2312_IsFontReady  oledfont.o
    0x0800108e   0x00000002   PAD
    0x08001090   0x0000000c   Code   RO         3144    i.GPS_Get_Latitude  gps.o
    0x0800109c   0x0000000c   Code   RO         3145    i.GPS_Get_Longitude  gps.o
    0x080010a8   0x00000024   Code   RO         3146    i.GPS_Init          gps.o
    0x080010cc   0x000001b4   Code   RO         3148    i.GPS_Parse_Data    gps.o
    0x08001280   0x000000ac   Code   RO         1540    i.HAL_DMA_Abort     stm32f4xx_hal_dma.o
    0x0800132c   0x00000028   Code   RO         1541    i.HAL_DMA_Abort_IT  stm32f4xx_hal_dma.o
    0x08001354   0x00000240   Code   RO         1545    i.HAL_DMA_IRQHandler  stm32f4xx_hal_dma.o
    0x08001594   0x000000ec   Code   RO         1546    i.HAL_DMA_Init      stm32f4xx_hal_dma.o
    0x08001680   0x00000092   Code   RO         1550    i.HAL_DMA_Start_IT  stm32f4xx_hal_dma.o
    0x08001712   0x00000002   PAD
    0x08001714   0x00000028   Code   RO         1982    i.HAL_Delay         stm32f4xx_hal.o
    0x0800173c   0x0000006c   Code   RO         3402    i.HAL_GPIO_EXTI_Callback  key.o
    0x080017a8   0x0000001c   Code   RO         1432    i.HAL_GPIO_EXTI_IRQHandler  stm32f4xx_hal_gpio.o
    0x080017c4   0x000001f4   Code   RO         1433    i.HAL_GPIO_Init     stm32f4xx_hal_gpio.o
    0x080019b8   0x00000010   Code   RO         1435    i.HAL_GPIO_ReadPin  stm32f4xx_hal_gpio.o
    0x080019c8   0x0000000c   Code   RO         1437    i.HAL_GPIO_WritePin  stm32f4xx_hal_gpio.o
    0x080019d4   0x0000000c   Code   RO         1988    i.HAL_GetTick       stm32f4xx_hal.o
    0x080019e0   0x000001d0   Code   RO          549    i.HAL_I2C_Init      stm32f4xx_hal_i2c.o
    0x08001bb0   0x00000164   Code   RO          570    i.HAL_I2C_Mem_Write  stm32f4xx_hal_i2c.o
    0x08001d14   0x00000088   Code   RO          253    i.HAL_I2C_MspInit   i2c.o
    0x08001d9c   0x00000018   Code   RO         1994    i.HAL_IncTick       stm32f4xx_hal.o
    0x08001db4   0x0000003c   Code   RO         1995    i.HAL_Init          stm32f4xx_hal.o
    0x08001df0   0x0000004c   Code   RO         1996    i.HAL_InitTick      stm32f4xx_hal.o
    0x08001e3c   0x00000048   Code   RO          514    i.HAL_MspInit       stm32f4xx_hal_msp.o
    0x08001e84   0x00000028   Code   RO         1825    i.HAL_NVIC_EnableIRQ  stm32f4xx_hal_cortex.o
    0x08001eac   0x0000007c   Code   RO         1831    i.HAL_NVIC_SetPriority  stm32f4xx_hal_cortex.o
    0x08001f28   0x00000028   Code   RO         1832    i.HAL_NVIC_SetPriorityGrouping  stm32f4xx_hal_cortex.o
    0x08001f50   0x00000184   Code   RO         1034    i.HAL_RCC_ClockConfig  stm32f4xx_hal_rcc.o
    0x080020d4   0x0000000c   Code   RO         1039    i.HAL_RCC_GetHCLKFreq  stm32f4xx_hal_rcc.o
    0x080020e0   0x00000020   Code   RO         1041    i.HAL_RCC_GetPCLK1Freq  stm32f4xx_hal_rcc.o
    0x08002100   0x00000020   Code   RO         1042    i.HAL_RCC_GetPCLK2Freq  stm32f4xx_hal_rcc.o
    0x08002120   0x000000b0   Code   RO         1043    i.HAL_RCC_GetSysClockFreq  stm32f4xx_hal_rcc.o
    0x080021d0   0x0000049c   Code   RO         1046    i.HAL_RCC_OscConfig  stm32f4xx_hal_rcc.o
    0x0800266c   0x000000c8   Code   RO         2244    i.HAL_SPI_Init      stm32f4xx_hal_spi.o
    0x08002734   0x00000088   Code   RO          295    i.HAL_SPI_MspInit   spi.o
    0x080027bc   0x00000034   Code   RO         1836    i.HAL_SYSTICK_Config  stm32f4xx_hal_cortex.o
    0x080027f0   0x00000070   Code   RO         2565    i.HAL_UARTEx_ReceiveToIdle_DMA  stm32f4xx_hal_uart.o
    0x08002860   0x00000144   Code   RO         3149    i.HAL_UARTEx_RxEventCallback  gps.o
    0x080029a4   0x00000002   Code   RO         2581    i.HAL_UART_ErrorCallback  stm32f4xx_hal_uart.o
    0x080029a6   0x00000002   PAD
    0x080029a8   0x00000308   Code   RO         2584    i.HAL_UART_IRQHandler  stm32f4xx_hal_uart.o
    0x08002cb0   0x00000076   Code   RO         2585    i.HAL_UART_Init     stm32f4xx_hal_uart.o
    0x08002d26   0x00000002   PAD
    0x08002d28   0x00000224   Code   RO          337    i.HAL_UART_MspInit  usart.o
    0x08002f4c   0x00000002   Code   RO         2591    i.HAL_UART_RxCpltCallback  stm32f4xx_hal_uart.o
    0x08002f4e   0x00000002   Code   RO         2592    i.HAL_UART_RxHalfCpltCallback  stm32f4xx_hal_uart.o
    0x08002f50   0x000000be   Code   RO         2593    i.HAL_UART_Transmit  stm32f4xx_hal_uart.o
    0x0800300e   0x00000002   Code   RO         2596    i.HAL_UART_TxCpltCallback  stm32f4xx_hal_uart.o
    0x08003010   0x0000008e   Code   RO         2965    i.HZK16_To_OLED     oled.o
    0x0800309e   0x00000004   Code   RO          398    i.HardFault_Handler  stm32f4xx_it.o
    0x080030a2   0x0000003e   Code   RO          593    i.I2C_IsAcknowledgeFailed  stm32f4xx_hal_i2c.o
    0x080030e0   0x000000e0   Code   RO          605    i.I2C_RequestMemoryWrite  stm32f4xx_hal_i2c.o
    0x080031c0   0x00000066   Code   RO          613    i.I2C_WaitOnBTFFlagUntilTimeout  stm32f4xx_hal_i2c.o
    0x08003226   0x000000be   Code   RO          614    i.I2C_WaitOnFlagUntilTimeout  stm32f4xx_hal_i2c.o
    0x080032e4   0x000000fa   Code   RO          615    i.I2C_WaitOnMasterAddressFlagUntilTimeout  stm32f4xx_hal_i2c.o
    0x080033de   0x00000066   Code   RO          619    i.I2C_WaitOnTXEFlagUntilTimeout  stm32f4xx_hal_i2c.o
    0x08003444   0x00000088   Code   RO          228    i.MX_DMA_Init       dma.o
    0x080034cc   0x000000f0   Code   RO          204    i.MX_GPIO_Init      gpio.o
    0x080035bc   0x0000003c   Code   RO          254    i.MX_I2C1_Init      i2c.o
    0x080035f8   0x00000044   Code   RO          296    i.MX_SPI1_Init      spi.o
    0x0800363c   0x00000038   Code   RO          338    i.MX_USART1_UART_Init  usart.o
    0x08003674   0x00000038   Code   RO          339    i.MX_USART2_UART_Init  usart.o
    0x080036ac   0x00000004   Code   RO          399    i.MemManage_Handler  stm32f4xx_it.o
    0x080036b0   0x00000004   Code   RO          400    i.NMI_Handler       stm32f4xx_it.o
    0x080036b4   0x00000038   Code   RO         2966    i.OLED_Clear        oled.o
    0x080036ec   0x00000024   Code   RO         2972    i.OLED_Init         oled.o
    0x08003710   0x00000024   Code   RO         2975    i.OLED_Set_Pos      oled.o
    0x08003734   0x000000b8   Code   RO         2977    i.OLED_ShowCHinese_GB  oled.o
    0x080037ec   0x000000e4   Code   RO         2978    i.OLED_ShowChar     oled.o
    0x080038d0   0x00000068   Code   RO         2981    i.OLED_ShowString   oled.o
    0x08003938   0x00000068   Code   RO         2982    i.OLED_ShowString_GB2312  oled.o
    0x080039a0   0x00000098   Code   RO         2983    i.OLED_ShowString_UTF8  oled.o
    0x08003a38   0x00000028   Code   RO         2987    i.OLED_WR_CMD       oled.o
    0x08003a60   0x00000028   Code   RO         2988    i.OLED_WR_DATA      oled.o
    0x08003a88   0x00000002   Code   RO          401    i.PendSV_Handler    stm32f4xx_it.o
    0x08003a8a   0x00000002   PAD
    0x08003a8c   0x00000050   Code   RO         3269    i.SPI_FLASH_BufferRead  bsp_spi_flash.o
    0x08003adc   0x00000038   Code   RO         3272    i.SPI_FLASH_ClearProtect  bsp_spi_flash.o
    0x08003b14   0x00000018   Code   RO         3273    i.SPI_FLASH_Init    bsp_spi_flash.o
    0x08003b2c   0x00000050   Code   RO         3277    i.SPI_FLASH_ReadID  bsp_spi_flash.o
    0x08003b7c   0x00000028   Code   RO         3278    i.SPI_FLASH_ReadStatusReg  bsp_spi_flash.o
    0x08003ba4   0x00000078   Code   RO         3280    i.SPI_FLASH_SendByte  bsp_spi_flash.o
    0x08003c1c   0x00000054   Code   RO         3283    i.SPI_FLASH_WaitForWriteEnd  bsp_spi_flash.o
    0x08003c70   0x00000020   Code   RO         3284    i.SPI_FLASH_WriteEnable  bsp_spi_flash.o
    0x08003c90   0x00000040   Code   RO         3287    i.SPI_TIMEOUT_UserCallback  bsp_spi_flash.o
    0x08003cd0   0x00000002   Code   RO          402    i.SVC_Handler       stm32f4xx_it.o
    0x08003cd2   0x00000008   Code   RO          403    i.SysTick_Handler   stm32f4xx_it.o
    0x08003cda   0x00000002   PAD
    0x08003cdc   0x000000b4   Code   RO           14    i.SystemClock_Config  main.o
    0x08003d90   0x00000014   Code   RO         2929    i.SystemInit        system_stm32f4xx.o
    0x08003da4   0x00000012   Code   RO         2598    i.UART_DMAAbortOnError  stm32f4xx_hal_uart.o
    0x08003db6   0x00000050   Code   RO         2599    i.UART_DMAError     stm32f4xx_hal_uart.o
    0x08003e06   0x000000b4   Code   RO         2600    i.UART_DMAReceiveCplt  stm32f4xx_hal_uart.o
    0x08003eba   0x00000024   Code   RO         2602    i.UART_DMARxHalfCplt  stm32f4xx_hal_uart.o
    0x08003ede   0x0000006c   Code   RO         2608    i.UART_EndRxTransfer  stm32f4xx_hal_uart.o
    0x08003f4a   0x00000020   Code   RO         2609    i.UART_EndTransmit_IT  stm32f4xx_hal_uart.o
    0x08003f6a   0x00000026   Code   RO         2610    i.UART_EndTxTransfer  stm32f4xx_hal_uart.o
    0x08003f90   0x000000fc   Code   RO         2611    i.UART_Receive_IT   stm32f4xx_hal_uart.o
    0x0800408c   0x0000022c   Code   RO         2612    i.UART_SetConfig    stm32f4xx_hal_uart.o
    0x080042b8   0x000000d8   Code   RO         2613    i.UART_Start_Receive_DMA  stm32f4xx_hal_uart.o
    0x08004390   0x00000060   Code   RO         2615    i.UART_Transmit_IT  stm32f4xx_hal_uart.o
    0x080043f0   0x0000008c   Code   RO         2616    i.UART_WaitOnFlagUntilTimeout  stm32f4xx_hal_uart.o
    0x0800447c   0x00000010   Code   RO          404    i.USART1_IRQHandler  stm32f4xx_it.o
    0x0800448c   0x00000010   Code   RO          405    i.USART2_IRQHandler  stm32f4xx_it.o
    0x0800449c   0x000000b6   Code   RO         3435    i.UTF8_Decode       utf8_gb2312.o
    0x08004552   0x0000003e   Code   RO         3436    i.UnicodeToGB2312   utf8_gb2312.o
    0x08004590   0x00000054   Code   RO         3437    i.UnicodeToGB2312Index  utf8_gb2312.o
    0x080045e4   0x00000004   Code   RO          406    i.UsageFault_Handler  stm32f4xx_it.o
    0x080045e8   0x00000020   Code   RO         3726    i.__0printf         mc_w.l(printfa.o)
    0x08004608   0x00000028   Code   RO         3728    i.__0sprintf        mc_w.l(printfa.o)
    0x08004630   0x00000010   Code   RO         1838    i.__NVIC_GetPriorityGrouping  stm32f4xx_hal_cortex.o
    0x08004640   0x00000028   Code   RO         1839    i.__NVIC_SetPriority  stm32f4xx_hal_cortex.o
    0x08004668   0x00000008   Code   RO         3781    i.__aeabi_errno_addr  mc_w.l(errno.o)
    0x08004670   0x00000038   Code   RO         3464    i.__hardfp_atof     m_wm.l(atof.o)
    0x080046a8   0x0000000c   Code   RO         3782    i.__read_errno      mc_w.l(errno.o)
    0x080046b4   0x0000000e   Code   RO         3858    i.__scatterload_copy  mc_w.l(handlers.o)
    0x080046c2   0x00000002   Code   RO         3859    i.__scatterload_null  mc_w.l(handlers.o)
    0x080046c4   0x0000000e   Code   RO         3860    i.__scatterload_zeroinit  mc_w.l(handlers.o)
    0x080046d2   0x00000002   PAD
    0x080046d4   0x0000000c   Code   RO         3783    i.__set_errno       mc_w.l(errno.o)
    0x080046e0   0x00000184   Code   RO         3733    i._fp_digits        mc_w.l(printfa.o)
    0x08004864   0x0000000e   Code   RO         3841    i._is_digit         mc_w.l(scanf_fp.o)
    0x08004872   0x00000002   PAD
    0x08004874   0x000006dc   Code   RO         3734    i._printf_core      mc_w.l(printfa.o)
    0x08004f50   0x00000024   Code   RO         3735    i._printf_post_padding  mc_w.l(printfa.o)
    0x08004f74   0x0000002e   Code   RO         3736    i._printf_pre_padding  mc_w.l(printfa.o)
    0x08004fa2   0x0000000a   Code   RO         3738    i._sputc            mc_w.l(printfa.o)
    0x08004fac   0x0000001c   Code   RO          340    i.fputc             usart.o
    0x08004fc8   0x00000090   Code   RO         3403    i.key_transmit      key.o
    0x08005058   0x0000019c   Code   RO           15    i.main              main.o
    0x080051f4   0x00000008   Data   RO         1552    .constdata          stm32f4xx_hal_dma.o
    0x080051fc   0x00000018   Data   RO         2930    .constdata          system_stm32f4xx.o
    0x08005214   0x000008c8   Data   RO         3216    .constdata          oledfont.o
    0x08005adc   0x000069ac   Data   RO         3438    .constdata          utf8_gb2312.o
    0x0800c488   0x00000081   Data   RO         3812    .constdata          mc_w.l(ctype_o.o)
    0x0800c509   0x00000003   PAD
    0x0800c50c   0x00000004   Data   RO         3813    .constdata          mc_w.l(ctype_o.o)
    0x0800c510   0x00000020   Data   RO         3856    Region$$Table       anon$$obj.o


    Execution Region RW_IRAM1 (Base: 0x20000000, Size: 0x00000d70, Max: 0x0001c000, ABSOLUTE)

    Base Addr    Size         Type   Attr      Idx    E Section Name        Object

    0x20000000   0x00000009   Data   RW         2002    .data               stm32f4xx_hal.o
    0x20000009   0x00000003   PAD
    0x2000000c   0x00000004   Data   RW         2931    .data               system_stm32f4xx.o
    0x20000010   0x00000017   Data   RW         2990    .data               oled.o
    0x20000027   0x00000001   PAD
    0x20000028   0x00000022   Data   RW         3151    .data               gps.o
    0x2000004a   0x00000002   PAD
    0x2000004c   0x00000004   Data   RW         3288    .data               bsp_spi_flash.o
    0x20000050   0x00000020   Data   RW         3404    .data               key.o
    0x20000070   0x00000004   Data   RW         3486    .data               mc_w.l(strtok.o)
    0x20000074   0x00000004   Data   RW         3774    .data               mc_w.l(stdout.o)
    0x20000078   0x00000004   Data   RW         3784    .data               mc_w.l(errno.o)
    0x2000007c   0x00000054   Zero   RW          255    .bss                i2c.o
    0x200000d0   0x00000058   Zero   RW          297    .bss                spi.o
    0x20000128   0x00000230   Zero   RW          341    .bss                usart.o
    0x20000358   0x00000614   Zero   RW         3150    .bss                gps.o
    0x2000096c   0x00000004   PAD
    0x20000970   0x00000400   Zero   RW            1    STACK               startup_stm32f407xx.o


    Execution Region RW_IRAM2 (Base: 0x2001c000, Size: 0x00000000, Max: 0x00004000, ABSOLUTE)

    **** No section assigned to this execution region ****


==============================================================================

Image component sizes


      Code (inc. data)   RO Data    RW Data    ZI Data      Debug   Object Name

       580         94          0          4          0       5583   bsp_spi_flash.o
       136          6          0          0          0        786   dma.o
       240         14          0          0          0        963   gpio.o
       912        116          0         34       1556       5448   gps.o
       196         26          0          0         84       1577   i2c.o
       252         46          0         32          0       2140   key.o
       598        120          0          0          0     675953   main.o
      1122         26          0         23          0       8140   oled.o
       142          0       2248          0          0       2508   oledfont.o
       204         24          0          0         88       1629   spi.o
        36          8        392          0       1024        812   startup_stm32f407xx.o
       212         36          0          9          0       9233   stm32f4xx_hal.o
       312         22          0          0          0      34191   stm32f4xx_hal_cortex.o
      1436         16          8          0          0       6846   stm32f4xx_hal_dma.o
       556         50          0          0          0       3318   stm32f4xx_hal_gpio.o
      1750         30          0          0          0       8255   stm32f4xx_hal_i2c.o
        72          4          0          0          0        818   stm32f4xx_hal_msp.o
      1820         84          0          0          0       5492   stm32f4xx_hal_rcc.o
       200          0          0          0          0       1163   stm32f4xx_hal_spi.o
      2956         28          0          0          0      15885   stm32f4xx_hal_uart.o
       162         36          0          0          0       7890   stm32f4xx_it.o
        20          6         24          4          0       1067   system_stm32f4xx.o
       688         66          0          0        560       3282   usart.o
       328         10      27052          0          0       3103   utf8_gb2312.o

    ----------------------------------------------------------------------
     14944        868      29756        112       3316     806082   Object Totals
         0          0         32          0          0          0   (incl. Generated)
        14          0          0          6          4          0   (incl. Padding)

    ----------------------------------------------------------------------

      Code (inc. data)   RO Data    RW Data    ZI Data      Debug   Library Member Name

        56         12          0          0          0        132   atof.o
        28          0          0          0          0         68   _chval.o
        64          0          0          0          0         84   _sgetc.o
       158          0          0          0          0         92   _strtoul.o
        26          0          0          0          0         80   atoi.o
         8          4        133          0          0         68   ctype_o.o
         0          0          0          0          0          0   entry.o
         0          0          0          0          0          0   entry10a.o
         0          0          0          0          0          0   entry11a.o
         8          4          0          0          0          0   entry2.o
         4          0          0          0          0          0   entry5.o
         0          0          0          0          0          0   entry7b.o
         0          0          0          0          0          0   entry8b.o
         8          4          0          0          0          0   entry9a.o
        32         16          0          4          0        204   errno.o
        30          0          0          0          0          0   handlers.o
        36          8          0          0          0         68   init.o
        18          0          0          0          0         76   isspace_o.o
         0          0          0          0          0          0   iusefp.o
        30          0          0          0          0         68   llshl.o
        36          0          0          0          0         68   llsshr.o
        32          0          0          0          0         68   llushr.o
        36          0          0          0          0         68   memcpya.o
        36          0          0          0          0        108   memseta.o
      2308         96          0          0          0        604   printfa.o
       838         12          0          0          0        216   scanf_fp.o
         0          0          0          4          0          0   stdout.o
        20          0          0          0          0         68   strchr.o
        14          0          0          0          0         68   strlen.o
        36          0          0          0          0         80   strstr.o
       156         12          0          0          0        120   strtod.o
        68          6          0          4          0         80   strtok.o
       112          0          0          0          0         88   strtol.o
        44          0          0          0          0         80   uidiv.o
        98          0          0          0          0         92   uldiv.o
        48          0          0          0          0         68   cdrcmple.o
        56          0          0          0          0         88   d2f.o
       334          0          0          0          0        148   dadd.o
       222          0          0          0          0        100   ddiv.o
       186          0          0          0          0        176   depilogue.o
        48          0          0          0          0         68   dfixul.o
        24          0          0          0          0         76   dfltul.o
       228          0          0          0          0         96   dmul.o
        38          0          0          0          0         68   f2d.o
       110          0          0          0          0        168   fepilogue.o

    ----------------------------------------------------------------------
      5644        174        136         12          0       3804   Library Totals
        10          0          3          0          0          0   (incl. Padding)

    ----------------------------------------------------------------------

      Code (inc. data)   RO Data    RW Data    ZI Data      Debug   Library Name

        56         12          0          0          0        132   m_wm.l
      4284        162        133         12          0       2616   mc_w.l
      1294          0          0          0          0       1056   mf_w.l

    ----------------------------------------------------------------------
      5644        174        136         12          0       3804   Library Totals

    ----------------------------------------------------------------------

==============================================================================


      Code (inc. data)   RO Data    RW Data    ZI Data      Debug   

     20588       1042      29892        124       3316     796414   Grand Totals
     20588       1042      29892        124       3316     796414   ELF Image Totals
     20588       1042      29892        124          0          0   ROM Totals

==============================================================================

    Total RO  Size (Code + RO Data)                50480 (  49.30kB)
    Total RW  Size (RW Data + ZI Data)              3440 (   3.36kB)
    Total ROM Size (Code + RO Data + RW Data)      50604 (  49.42kB)

==============================================================================

